C:/Users/beamk/OneDrive/All Drive/KMUTT/Teacher Assistance/TA RMX/FRA231-Robotics-Modelling-and-Experimentation-2024/Lab2.1_Example/Ex2/Drivers/STM32G4xx_HAL_Driver/Src/stm32g4xx_hal_dma_ex.c:95:19:HAL_DMAEx_ConfigMuxSync	8	static
C:/Users/beamk/OneDrive/All Drive/KMUTT/Teacher Assistance/TA RMX/FRA231-Robotics-Modelling-and-Experimentation-2024/Lab2.1_Example/Ex2/Drivers/STM32G4xx_HAL_Driver/Src/stm32g4xx_hal_dma_ex.c:141:19:HAL_DMAEx_ConfigMuxRequestGenerator	4	static,ignoring_inline_asm
C:/Users/beamk/OneDrive/All Drive/KMUTT/Teacher Assistance/TA RMX/FRA231-Robotics-Modelling-and-Experimentation-2024/Lab2.1_Example/Ex2/Drivers/STM32G4xx_HAL_Driver/Src/stm32g4xx_hal_dma_ex.c:181:19:HAL_DMAEx_EnableMuxRequestGenerator	0	static
C:/Users/beamk/OneDrive/All Drive/KMUTT/Teacher Assistance/TA RMX/FRA231-Robotics-Modelling-and-Experimentation-2024/Lab2.1_Example/Ex2/Drivers/STM32G4xx_HAL_Driver/Src/stm32g4xx_hal_dma_ex.c:209:19:HAL_DMAEx_DisableMuxRequestGenerator	0	static
C:/Users/beamk/OneDrive/All Drive/KMUTT/Teacher Assistance/TA RMX/FRA231-Robotics-Modelling-and-Experimentation-2024/Lab2.1_Example/Ex2/Drivers/STM32G4xx_HAL_Driver/Src/stm32g4xx_hal_dma_ex.c:237:6:HAL_DMAEx_MUX_IRQHandler	16	static
