C:/Users/beamk/OneDrive/All Drive/KMUTT/Teacher Assistance/TA RMX/FRA231-Robotics-Modelling-and-Experimentation-2024/Lab2.1_Example/Ex2/Drivers/STM32G4xx_HAL_Driver/Src/stm32g4xx_hal_flash_ex.c:138:19:HAL_FLASHEx_Erase	32	static
C:/Users/beamk/OneDrive/All Drive/KMUTT/Teacher Assistance/TA RMX/FRA231-Robotics-Modelling-and-Experimentation-2024/Lab2.1_Example/Ex2/Drivers/STM32G4xx_HAL_Driver/Src/stm32g4xx_hal_flash_ex.c:237:19:HAL_FLASHEx_Erase_IT	8	static
C:/Users/beamk/OneDrive/All Drive/KMUTT/Teacher Assistance/TA RMX/FRA231-Robotics-Modelling-and-Experimentation-2024/Lab2.1_Example/Ex2/Drivers/STM32G4xx_HAL_Driver/Src/stm32g4xx_hal_flash_ex.c:310:19:HAL_FLASHEx_OBProgram	32	static
C:/Users/beamk/OneDrive/All Drive/KMUTT/Teacher Assistance/TA RMX/FRA231-Robotics-Modelling-and-Experimentation-2024/Lab2.1_Example/Ex2/Drivers/STM32G4xx_HAL_Driver/Src/stm32g4xx_hal_flash_ex.c:399:6:HAL_FLASHEx_OBGetConfig	12	static
C:/Users/beamk/OneDrive/All Drive/KMUTT/Teacher Assistance/TA RMX/FRA231-Robotics-Modelling-and-Experimentation-2024/Lab2.1_Example/Ex2/Drivers/STM32G4xx_HAL_Driver/Src/stm32g4xx_hal_flash_ex.c:459:19:HAL_FLASHEx_EnableSecMemProtection	0	static
C:/Users/beamk/OneDrive/All Drive/KMUTT/Teacher Assistance/TA RMX/FRA231-Robotics-Modelling-and-Experimentation-2024/Lab2.1_Example/Ex2/Drivers/STM32G4xx_HAL_Driver/Src/stm32g4xx_hal_flash_ex.c:497:6:HAL_FLASHEx_EnableDebugger	0	static
C:/Users/beamk/OneDrive/All Drive/KMUTT/Teacher Assistance/TA RMX/FRA231-Robotics-Modelling-and-Experimentation-2024/Lab2.1_Example/Ex2/Drivers/STM32G4xx_HAL_Driver/Src/stm32g4xx_hal_flash_ex.c:509:6:HAL_FLASHEx_DisableDebugger	0	static
C:/Users/beamk/OneDrive/All Drive/KMUTT/Teacher Assistance/TA RMX/FRA231-Robotics-Modelling-and-Experimentation-2024/Lab2.1_Example/Ex2/Drivers/STM32G4xx_HAL_Driver/Src/stm32g4xx_hal_flash_ex.c:582:6:FLASH_PageErase	0	static
C:/Users/beamk/OneDrive/All Drive/KMUTT/Teacher Assistance/TA RMX/FRA231-Robotics-Modelling-and-Experimentation-2024/Lab2.1_Example/Ex2/Drivers/STM32G4xx_HAL_Driver/Src/stm32g4xx_hal_flash_ex.c:620:6:FLASH_FlushCaches	0	static
