C:/Users/beamk/OneDrive/All Drive/KMUTT/Teacher Assistance/TA RMX/FRA231-Robotics-Modelling-and-Experimentation-2024/Lab2.1_Example/Ex2/MCSDK_v6.3.2-Full/MotorControl/MCSDK/MCLib/Any/Src/ntc_temperature_sensor.c:72:17:NTC_SetFaultState	0	static
C:/Users/beamk/OneDrive/All Drive/KMUTT/Teacher Assistance/TA RMX/FRA231-Robotics-Modelling-and-Experimentation-2024/Lab2.1_Example/Ex2/MCSDK_v6.3.2-Full/MotorControl/MCSDK/MCLib/Any/Src/ntc_temperature_sensor.c:127:13:NTC_Init	0	static
C:/Users/beamk/OneDrive/All Drive/KMUTT/Teacher Assistance/TA RMX/FRA231-Robotics-Modelling-and-Experimentation-2024/Lab2.1_Example/Ex2/MCSDK_v6.3.2-Full/MotorControl/MCSDK/MCLib/Any/Src/ntc_temperature_sensor.c:186:17:NTC_CalcAvTemp	8	static
C:/Users/beamk/OneDrive/All Drive/KMUTT/Teacher Assistance/TA RMX/FRA231-Robotics-Modelling-and-Experimentation-2024/Lab2.1_Example/Ex2/MCSDK_v6.3.2-Full/MotorControl/MCSDK/MCLib/Any/Src/ntc_temperature_sensor.c:237:17:NTC_GetAvTemp_d	0	static
C:/Users/beamk/OneDrive/All Drive/KMUTT/Teacher Assistance/TA RMX/FRA231-Robotics-Modelling-and-Experimentation-2024/Lab2.1_Example/Ex2/MCSDK_v6.3.2-Full/MotorControl/MCSDK/MCLib/Any/Src/ntc_temperature_sensor.c:253:16:NTC_GetAvTemp_C	0	static
C:/Users/beamk/OneDrive/All Drive/KMUTT/Teacher Assistance/TA RMX/FRA231-Robotics-Modelling-and-Experimentation-2024/Lab2.1_Example/Ex2/MCSDK_v6.3.2-Full/MotorControl/MCSDK/MCLib/Any/Src/ntc_temperature_sensor.c:299:17:NTC_CheckTemp	0	static
