C:/Users/beamk/OneDrive/All Drive/KMUTT/Teacher Assistance/TA RMX/FRA231-Robotics-Modelling-and-Experimentation-2024/Lab2.1_Example/Ex2/MCSDK_v6.3.2-Full/MotorControl/MCSDK/MCLib/Any/Src/speed_pos_fdbk.c:64:16:SPD_GetMecAngle	0	static
C:/Users/beamk/OneDrive/All Drive/KMUTT/Teacher Assistance/TA RMX/FRA231-Robotics-Modelling-and-Experimentation-2024/Lab2.1_Example/Ex2/MCSDK_v6.3.2-Full/MotorControl/MCSDK/MCLib/Any/Src/speed_pos_fdbk.c:78:16:SPD_GetAvrgMecSpeedUnit	0	static
C:/Users/beamk/OneDrive/All Drive/KMUTT/Teacher Assistance/TA RMX/FRA231-Robotics-Modelling-and-Experimentation-2024/Lab2.1_Example/Ex2/MCSDK_v6.3.2-Full/MotorControl/MCSDK/MCLib/Any/Src/speed_pos_fdbk.c:96:16:SPD_GetElSpeedDpp	0	static
C:/Users/beamk/OneDrive/All Drive/KMUTT/Teacher Assistance/TA RMX/FRA231-Robotics-Modelling-and-Experimentation-2024/Lab2.1_Example/Ex2/MCSDK_v6.3.2-Full/MotorControl/MCSDK/MCLib/Any/Src/speed_pos_fdbk.c:132:13:SPD_IsMecSpeedReliable	8	static
C:/Users/beamk/OneDrive/All Drive/KMUTT/Teacher Assistance/TA RMX/FRA231-Robotics-Modelling-and-Experimentation-2024/Lab2.1_Example/Ex2/MCSDK_v6.3.2-Full/MotorControl/MCSDK/MCLib/Any/Src/speed_pos_fdbk.c:251:16:SPD_GetS16Speed	0	static
C:/Users/beamk/OneDrive/All Drive/KMUTT/Teacher Assistance/TA RMX/FRA231-Robotics-Modelling-and-Experimentation-2024/Lab2.1_Example/Ex2/MCSDK_v6.3.2-Full/MotorControl/MCSDK/MCLib/Any/Src/speed_pos_fdbk.c:281:16:SPD_GetElToMecRatio	0	static
C:/Users/beamk/OneDrive/All Drive/KMUTT/Teacher Assistance/TA RMX/FRA231-Robotics-Modelling-and-Experimentation-2024/Lab2.1_Example/Ex2/MCSDK_v6.3.2-Full/MotorControl/MCSDK/MCLib/Any/Src/speed_pos_fdbk.c:299:13:SPD_SetElToMecRatio	0	static
