Archive member included to satisfy reference by file (symbol)

C:/ProgramData/MATLAB/SupportPackages/R2024b/3P.instrset/gnuarm-armcortex.instrset/win/bin/../lib/gcc/arm-none-eabi/13.2.1/thumb/v7e-m+fp/hard\libm.a(libm_a-w_fmod.o)
                              xcp_ext_common.o (fmod)
C:/ProgramData/MATLAB/SupportPackages/R2024b/3P.instrset/gnuarm-armcortex.instrset/win/bin/../lib/gcc/arm-none-eabi/13.2.1/thumb/v7e-m+fp/hard\libm.a(libm_a-e_fmod.o)
                              C:/ProgramData/MATLAB/SupportPackages/R2024b/3P.instrset/gnuarm-armcortex.instrset/win/bin/../lib/gcc/arm-none-eabi/13.2.1/thumb/v7e-m+fp/hard\libm.a(libm_a-w_fmod.o) (__ieee754_fmod)
C:/ProgramData/MATLAB/SupportPackages/R2024b/3P.instrset/gnuarm-armcortex.instrset/win/bin/../lib/gcc/arm-none-eabi/13.2.1/thumb/v7e-m+fp/hard\libgcc.a(_arm_muldf3.o)
                              BasicKit.o (__aeabi_dmul)
C:/ProgramData/MATLAB/SupportPackages/R2024b/3P.instrset/gnuarm-armcortex.instrset/win/bin/../lib/gcc/arm-none-eabi/13.2.1/thumb/v7e-m+fp/hard\libgcc.a(_arm_addsubdf3.o)
                              xcp_ext_common.o (__aeabi_dsub)
C:/ProgramData/MATLAB/SupportPackages/R2024b/3P.instrset/gnuarm-armcortex.instrset/win/bin/../lib/gcc/arm-none-eabi/13.2.1/thumb/v7e-m+fp/hard\libgcc.a(_arm_muldivdf3.o)
                              xcp_ext_common.o (__aeabi_ddiv)
C:/ProgramData/MATLAB/SupportPackages/R2024b/3P.instrset/gnuarm-armcortex.instrset/win/bin/../lib/gcc/arm-none-eabi/13.2.1/thumb/v7e-m+fp/hard\libgcc.a(_arm_cmpdf2.o)
                              xcp_ext_mode.o (__aeabi_dcmpeq)
C:/ProgramData/MATLAB/SupportPackages/R2024b/3P.instrset/gnuarm-armcortex.instrset/win/bin/../lib/gcc/arm-none-eabi/13.2.1/thumb/v7e-m+fp/hard\libgcc.a(_arm_unorddf2.o)
                              C:/ProgramData/MATLAB/SupportPackages/R2024b/3P.instrset/gnuarm-armcortex.instrset/win/bin/../lib/gcc/arm-none-eabi/13.2.1/thumb/v7e-m+fp/hard\libm.a(libm_a-w_fmod.o) (__aeabi_dcmpun)
C:/ProgramData/MATLAB/SupportPackages/R2024b/3P.instrset/gnuarm-armcortex.instrset/win/bin/../lib/gcc/arm-none-eabi/13.2.1/thumb/v7e-m+fp/hard\libgcc.a(_arm_fixunsdfsi.o)
                              xcp_ext_common.o (__aeabi_d2uiz)
C:/ProgramData/MATLAB/SupportPackages/R2024b/3P.instrset/gnuarm-armcortex.instrset/win/bin/../lib/gcc/arm-none-eabi/13.2.1/thumb/v7e-m+fp/hard\libgcc.a(_aeabi_uldivmod.o)
                              stm32g4xx_ll_lpuart.o (__aeabi_uldivmod)
C:/ProgramData/MATLAB/SupportPackages/R2024b/3P.instrset/gnuarm-armcortex.instrset/win/bin/../lib/gcc/arm-none-eabi/13.2.1/thumb/v7e-m+fp/hard\libgcc.a(_udivmoddi4.o)
                              C:/ProgramData/MATLAB/SupportPackages/R2024b/3P.instrset/gnuarm-armcortex.instrset/win/bin/../lib/gcc/arm-none-eabi/13.2.1/thumb/v7e-m+fp/hard\libgcc.a(_aeabi_uldivmod.o) (__udivmoddi4)
C:/ProgramData/MATLAB/SupportPackages/R2024b/3P.instrset/gnuarm-armcortex.instrset/win/bin/../lib/gcc/arm-none-eabi/13.2.1/thumb/v7e-m+fp/hard\libgcc.a(_dvmd_tls.o)
                              C:/ProgramData/MATLAB/SupportPackages/R2024b/3P.instrset/gnuarm-armcortex.instrset/win/bin/../lib/gcc/arm-none-eabi/13.2.1/thumb/v7e-m+fp/hard\libgcc.a(_aeabi_uldivmod.o) (__aeabi_ldiv0)
C:/ProgramData/MATLAB/SupportPackages/R2024b/3P.instrset/gnuarm-armcortex.instrset/win/bin/../lib/gcc/arm-none-eabi/13.2.1/thumb/v7e-m+fp/hard\libg_nano.a(libc_a-exit.o)
                              C:/ProgramData/MATLAB/SupportPackages/R2024b/3P.instrset/gnuarm-armcortex.instrset/win/bin/../lib/gcc/arm-none-eabi/13.2.1/thumb/v7e-m+fp/hard/crt0.o (exit)
C:/ProgramData/MATLAB/SupportPackages/R2024b/3P.instrset/gnuarm-armcortex.instrset/win/bin/../lib/gcc/arm-none-eabi/13.2.1/thumb/v7e-m+fp/hard\libg_nano.a(libc_a-findfp.o)
                              C:/ProgramData/MATLAB/SupportPackages/R2024b/3P.instrset/gnuarm-armcortex.instrset/win/bin/../lib/gcc/arm-none-eabi/13.2.1/thumb/v7e-m+fp/hard\libg_nano.a(libc_a-exit.o) (__stdio_exit_handler)
C:/ProgramData/MATLAB/SupportPackages/R2024b/3P.instrset/gnuarm-armcortex.instrset/win/bin/../lib/gcc/arm-none-eabi/13.2.1/thumb/v7e-m+fp/hard\libg_nano.a(libc_a-fwalk.o)
                              C:/ProgramData/MATLAB/SupportPackages/R2024b/3P.instrset/gnuarm-armcortex.instrset/win/bin/../lib/gcc/arm-none-eabi/13.2.1/thumb/v7e-m+fp/hard\libg_nano.a(libc_a-findfp.o) (_fwalk_sglue)
C:/ProgramData/MATLAB/SupportPackages/R2024b/3P.instrset/gnuarm-armcortex.instrset/win/bin/../lib/gcc/arm-none-eabi/13.2.1/thumb/v7e-m+fp/hard\libg_nano.a(libc_a-stdio.o)
                              C:/ProgramData/MATLAB/SupportPackages/R2024b/3P.instrset/gnuarm-armcortex.instrset/win/bin/../lib/gcc/arm-none-eabi/13.2.1/thumb/v7e-m+fp/hard\libg_nano.a(libc_a-findfp.o) (__sread)
C:/ProgramData/MATLAB/SupportPackages/R2024b/3P.instrset/gnuarm-armcortex.instrset/win/bin/../lib/gcc/arm-none-eabi/13.2.1/thumb/v7e-m+fp/hard\libg_nano.a(libc_a-memset.o)
[...]
Memory Configuration

Name             Origin             Length             Attributes
RAM              0x20000000         0x00020000         xrw
FLASH            0x08000000         0x00080000         xr
*default*        0x00000000         0xffffffff

Linker script and memory map

LOAD C:/ProgramData/MATLAB/SupportPackages/R2024b/3P.instrset/gnuarm-armcortex.instrset/win/bin/../lib/gcc/arm-none-eabi/13.2.1/thumb/v7e-m+fp/hard/crti.o
LOAD C:/ProgramData/MATLAB/SupportPackages/R2024b/3P.instrset/gnuarm-armcortex.instrset/win/bin/../lib/gcc/arm-none-eabi/13.2.1/thumb/v7e-m+fp/hard/crtbegin.o
LOAD C:/ProgramData/MATLAB/SupportPackages/R2024b/3P.instrset/gnuarm-armcortex.instrset/win/bin/../lib/gcc/arm-none-eabi/13.2.1/thumb/v7e-m+fp/hard/crt0.o
LOAD stm_adc_ll.o
LOAD xcp_ext_mode.o
LOAD BasicKit.o
LOAD ert_main.o
LOAD xcp_ext_common.o
LOAD xcp_ext_classic_trigger.o
LOAD xcp.o
LOAD xcp_standard.o
LOAD xcp_daq.o
LOAD xcp_calibration.o
LOAD xcp_fifo.o
LOAD xcp_transport.o
LOAD xcp_mem_default.o
LOAD xcp_drv_rtiostream.o
LOAD xcp_utils.o
LOAD xcp_frame_serial.o
LOAD xcp_ext_param_default_serial.o
LOAD overrideHALDelay.o
LOAD platform_timer.o
LOAD SysTickScheduler.o
LOAD m3m4m4f_multitasking.o
LOAD rtiostream_serial.o
LOAD stm_usart.o
LOAD stm_lpuart.o
LOAD sys_arch.o
LOAD main.o
LOAD stm32g4xx_it.o
LOAD stm32g4xx_hal_msp.o
LOAD stm32g4xx_hal_timebase_tim.o
LOAD stm32g4xx_ll_utils.o
LOAD stm32g4xx_ll_exti.o
LOAD stm32g4xx_ll_gpio.o
LOAD stm32g4xx_ll_adc.o
LOAD stm32g4xx_ll_dma.o
LOAD stm32g4xx_ll_pwr.o
LOAD stm32g4xx_hal.o
LOAD stm32g4xx_hal_rcc.o
LOAD stm32g4xx_hal_rcc_ex.o
LOAD stm32g4xx_hal_flash.o
LOAD stm32g4xx_hal_flash_ex.o
LOAD stm32g4xx_hal_flash_ramfunc.o
LOAD stm32g4xx_hal_gpio.o
LOAD stm32g4xx_hal_exti.o
LOAD stm32g4xx_hal_dma.o
LOAD stm32g4xx_hal_dma_ex.o
LOAD stm32g4xx_hal_pwr.o
LOAD stm32g4xx_hal_pwr_ex.o
LOAD stm32g4xx_hal_cortex.o
LOAD stm32g4xx_ll_lpuart.o
LOAD stm32g4xx_ll_rcc.o
LOAD stm32g4xx_hal_tim.o
LOAD stm32g4xx_hal_tim_ex.o
LOAD system_stm32g4xx.o
LOAD syscalls.o
LOAD sysmem.o
LOAD startup_stm32g474retx.o
LOAD C:/ProgramData/MATLAB/SupportPackages/R2024b/3P.instrset/cmsis_dsp.instrset/Lib/GCC/arm_cortexm4ldfsp_math/libCMSISDSP.a
LOAD C:/ProgramData/MATLAB/SupportPackages/R2024b/toolbox/shared/supportpackages/stm32/lib/GCC/libmw_pdmfilter_m4_spfp.lib
LOAD C:/ProgramData/MATLAB/SupportPackages/R2024b/3P.instrset/gnuarm-armcortex.instrset/win/bin/../lib/gcc/arm-none-eabi/13.2.1/thumb/v7e-m+fp/hard\libstdc++_nano.a
LOAD C:/ProgramData/MATLAB/SupportPackages/R2024b/3P.instrset/gnuarm-armcortex.instrset/win/bin/../lib/gcc/arm-none-eabi/13.2.1/thumb/v7e-m+fp/hard\libm.a
START GROUP
LOAD C:/ProgramData/MATLAB/SupportPackages/R2024b/3P.instrset/gnuarm-armcortex.instrset/win/bin/../lib/gcc/arm-none-eabi/13.2.1/thumb/v7e-m+fp/hard\libgcc.a
LOAD C:/ProgramData/MATLAB/SupportPackages/R2024b/3P.instrset/gnuarm-armcortex.instrset/win/bin/../lib/gcc/arm-none-eabi/13.2.1/thumb/v7e-m+fp/hard\libg_nano.a
LOAD C:/ProgramData/MATLAB/SupportPackages/R2024b/3P.instrset/gnuarm-armcortex.instrset/win/bin/../lib/gcc/arm-none-eabi/13.2.1/thumb/v7e-m+fp/hard\libc_nano.a
END GROUP
START GROUP
LOAD C:/ProgramData/MATLAB/SupportPackages/R2024b/3P.instrset/gnuarm-armcortex.instrset/win/bin/../lib/gcc/arm-none-eabi/13.2.1/thumb/v7e-m+fp/hard\libgcc.a
LOAD C:/ProgramData/MATLAB/SupportPackages/R2024b/3P.instrset/gnuarm-armcortex.instrset/win/bin/../lib/gcc/arm-none-eabi/13.2.1/thumb/v7e-m+fp/hard\libc_nano.a
LOAD C:/ProgramData/MATLAB/SupportPackages/R2024b/3P.instrset/gnuarm-armcortex.instrset/win/bin/../lib/gcc/arm-none-eabi/13.2.1/thumb/v7e-m+fp/hard\libnosys.a
END GROUP
START GROUP
LOAD C:/ProgramData/MATLAB/SupportPackages/R2024b/3P.instrset/gnuarm-armcortex.instrset/win/bin/../lib/gcc/arm-none-eabi/13.2.1/thumb/v7e-m+fp/hard\libgcc.a
LOAD C:/ProgramData/MATLAB/SupportPackages/R2024b/3P.instrset/gnuarm-armcortex.instrset/win/bin/../lib/gcc/arm-none-eabi/13.2.1/thumb/v7e-m+fp/hard\libc_nano.a
LOAD C:/ProgramData/MATLAB/SupportPackages/R2024b/3P.instrset/gnuarm-armcortex.instrset/win/bin/../lib/gcc/arm-none-eabi/13.2.1/thumb/v7e-m+fp/hard\libnosys.a
END GROUP
LOAD C:/ProgramData/MATLAB/SupportPackages/R2024b/3P.instrset/gnuarm-armcortex.instrset/win/bin/../lib/gcc/arm-none-eabi/13.2.1/thumb/v7e-m+fp/hard/crtend.o
LOAD C:/ProgramData/MATLAB/SupportPackages/R2024b/3P.instrset/gnuarm-armcortex.instrset/win/bin/../lib/gcc/arm-none-eabi/13.2.1/thumb/v7e-m+fp/hard/crtn.o
                0x20020000                        _estack = (ORIGIN (RAM) + LENGTH (RAM))
                0x00000200                        _Min_Heap_Size = 0x200
                0x00000400                        _Min_Stack_Size = 0x400

.isr_vector     0x08000000      0x1d8
                0x08000000                        . = ALIGN (0x4)
 *(.isr_vector)
 .isr_vector    0x08000000      0x1d8 startup_stm32g474retx.o
                0x08000000                g_pfnVectors
                0x080001d8                        . = ALIGN (0x4)

.text           0x080001d8     0xc4ec
                0x080001d8                        . = ALIGN (0x4)
 *(.text)
 .text          0x080001d8      0x378 C:/ProgramData/MATLAB/SupportPackages/R2024b/3P.instrset/gnuarm-armcortex.instrset/win/bin/../lib/gcc/arm-none-eabi/13.2.1/thumb/v7e-m+fp/hard\libgcc.a(_arm_addsubdf3.o)
                0x080001d8                __aeabi_drsub
                0x080001e0                __aeabi_dsub
                0x080001e0                __subdf3
                0x080001e4                __aeabi_dadd
                0x080001e4                __adddf3
                0x0800045c                __floatunsidf
                0x0800045c                __aeabi_ui2d
                0x0800047c                __floatsidf
                0x0800047c                __aeabi_i2d
                0x080004a0                __aeabi_f2d
                0x080004a0                __extendsfdf2
                0x080004e4                __floatundidf
                0x080004e4                __aeabi_ul2d
                0x080004f4                __floatdidf
                0x080004f4                __aeabi_l2d
 .text          0x08000550      0x424 C:/ProgramData/MATLAB/SupportPackages/R2024b/3P.instrset/gnuarm-armcortex.instrset/win/bin/../lib/gcc/arm-none-eabi/13.2.1/thumb/v7e-m+fp/hard\libgcc.a(_arm_muldivdf3.o)
                0x08000550                __aeabi_dmul
                0x08000550                __muldf3
                0x080007a4                __divdf3
                0x080007a4                __aeabi_ddiv
 .text          0x08000974      0x110 C:/ProgramData/MATLAB/SupportPackages/R2024b/3P.instrset/gnuarm-armcortex.instrset/win/bin/../lib/gcc/arm-none-eabi/13.2.1/thumb/v7e-m+fp/hard\libgcc.a(_arm_cmpdf2.o)
                0x08000974                __gtdf2
                0x08000974                __gedf2
                0x0800097c                __ltdf2
                0x0800097c                __ledf2
                0x08000984                __nedf2
                0x08000984                __eqdf2
                0x08000984                __cmpdf2
                0x08000a00                __aeabi_cdrcmple
                0x08000a10                __aeabi_cdcmpeq
                0x08000a10                __aeabi_cdcmple
                0x08000a20                __aeabi_dcmpeq
                0x08000a34                __aeabi_dcmplt
                0x08000a48                __aeabi_dcmple
                0x08000a5c                __aeabi_dcmpge
                0x08000a70                __aeabi_dcmpgt
 .text          0x08000a84       0x2c C:/ProgramData/MATLAB/SupportPackages/R2024b/3P.instrset/gnuarm-armcortex.instrset/win/bin/../lib/gcc/arm-none-eabi/13.2.1/thumb/v7e-m+fp/hard\libgcc.a(_arm_unorddf2.o)
                0x08000a84                __unorddf2
                0x08000a84                __aeabi_dcmpun
 .text          0x08000ab0       0x40 C:/ProgramData/MATLAB/SupportPackages/R2024b/3P.instrset/gnuarm-armcortex.instrset/win/bin/../lib/gcc/arm-none-eabi/13.2.1/thumb/v7e-m+fp/hard\libgcc.a(_arm_fixunsdfsi.o)
                0x08000ab0                __aeabi_d2uiz
                0x08000ab0                __fixunsdfsi
 .text          0x08000af0       0x30 C:/ProgramData/MATLAB/SupportPackages/R2024b/3P.instrset/gnuarm-armcortex.instrset/win/bin/../lib/gcc/arm-none-eabi/13.2.1/thumb/v7e-m+fp/hard\libgcc.a(_aeabi_uldivmod.o)
                0x08000af0                __aeabi_uldivmod
 .text          0x08000b20        0x4 C:/ProgramData/MATLAB/SupportPackages/R2024b/3P.instrset/gnuarm-armcortex.instrset/win/bin/../lib/gcc/arm-none-eabi/13.2.1/thumb/v7e-m+fp/hard\libgcc.a(_dvmd_tls.o)
                0x08000b20                __aeabi_idiv0
                0x08000b20                __aeabi_ldiv0
 *(.text*)
 .text.deregister_tm_clones
                0x08000b24       0x1c C:/ProgramData/MATLAB/SupportPackages/R2024b/3P.instrset/gnuarm-armcortex.instrset/win/bin/../lib/gcc/arm-none-eabi/13.2.1/thumb/v7e-m+fp/hard/crtbegin.o
 .text.register_tm_clones
                0x08000b40       0x24 C:/ProgramData/MATLAB/SupportPackages/R2024b/3P.instrset/gnuarm-armcortex.instrset/win/bin/../lib/gcc/arm-none-eabi/13.2.1/thumb/v7e-m+fp/hard/crtbegin.o
 .text.__do_global_dtors_aux
                0x08000b64       0x28 C:/ProgramData/MATLAB/SupportPackages/R2024b/3P.instrset/gnuarm-armcortex.instrset/win/bin/../lib/gcc/arm-none-eabi/13.2.1/thumb/v7e-m+fp/hard/crtbegin.o
 .text.frame_dummy
                0x08000b8c       0x24 C:/ProgramData/MATLAB/SupportPackages/R2024b/3P.instrset/gnuarm-armcortex.instrset/win/bin/../lib/gcc/arm-none-eabi/13.2.1/thumb/v7e-m+fp/hard/crtbegin.o
 .text.LL_ADC_REG_IsTriggerSourceSWStart
                0x08000bb0       0x26 stm_adc_ll.o
 .text.LL_ADC_REG_SetSequencerLength
                0x08000bd6       0x26 stm_adc_ll.o
 .text.LL_ADC_REG_SetDMATransfer
                0x08000bfc       0x26 stm_adc_ll.o
 .text.LL_ADC_INJ_IsTriggerSourceSWStart
                0x08000c22       0x26 stm_adc_ll.o
 .text.LL_ADC_Enable
                0x08000c48       0x28 stm_adc_ll.o
 .text.LL_ADC_Disable
                0x08000c70       0x28 stm_adc_ll.o
 .text.LL_ADC_IsEnabled
                0x08000c98       0x26 stm_adc_ll.o
 .text.LL_ADC_StartCalibration
                0x08000cbe       0x32 stm_adc_ll.o
 .text.LL_ADC_IsCalibrationOnGoing
                0x08000cf0       0x28 stm_adc_ll.o
 .text.LL_ADC_REG_StartConversion
                0x08000d18       0x28 stm_adc_ll.o
 .text.LL_ADC_REG_ReadConversionData12
                0x08000d40       0x1a stm_adc_ll.o
 .text.LL_ADC_INJ_StartConversion
                0x08000d5a       0x28 stm_adc_ll.o
 .text.LL_ADC_IsActiveFlag_EOS
                0x08000d82       0x26 stm_adc_ll.o
 .text.LL_ADC_IsActiveFlag_OVR
                0x08000da8       0x26 stm_adc_ll.o
 .text.LL_ADC_ClearFlag_EOS
                0x08000dce       0x1a stm_adc_ll.o
 .text.LL_ADC_ClearFlag_OVR
                0x08000de8       0x1a stm_adc_ll.o
 .text.LL_ADC_EnableIT_EOS
                0x08000e02       0x20 stm_adc_ll.o
 .text.LL_ADC_EnableIT_JEOS
                0x08000e22       0x20 stm_adc_ll.o
 .text.LL_ADC_DisableIT_EOS
                0x08000e42       0x20 stm_adc_ll.o
 .text.LL_ADC_DisableIT_OVR
                0x08000e62       0x20 stm_adc_ll.o
 .text.LL_ADC_DisableIT_JEOS
                0x08000e82       0x20 stm_adc_ll.o
 .text.LL_ADC_DisableIT_AWD1
                0x08000ea2       0x20 stm_adc_ll.o
 .text.LL_ADC_IsEnabledIT_OVR
                0x08000ec2       0x26 stm_adc_ll.o
 .text.LL_ADC_IsEnabledIT_AWD1
                0x08000ee8       0x26 stm_adc_ll.o
 .text.regularADCTrigger
                0x08000f0e       0x86 stm_adc_ll.o
 .text.configure_ADCs_DMA
                0x08000f94       0x1a stm_adc_ll.o
 .text.deconfigure_ADCs_DMA
                0x08000fae       0x18 stm_adc_ll.o
 .text.ADC_IsActiveFlagOVR
                0x08000fc6       0x42 stm_adc_ll.o
                0x08000fc6                ADC_IsActiveFlagOVR
 .text.ADC1_2_IRQHandler
                0x08001008        0xe stm_adc_ll.o
                0x08001008                ADC1_2_IRQHandler
 .text.startADCConversionForExternalTrigger
                0x08001016       0x50 stm_adc_ll.o
                0x08001016                startADCConversionForExternalTrigger
 *fill*         0x08001066        0x2 
 .text.ADC_Handle_Init
                0x08001068      0x118 stm_adc_ll.o
                0x08001068                ADC_Handle_Init
 .text.enableADC
                0x08001180       0x2a stm_adc_ll.o
                0x08001180                enableADC
 .text.regularReadADCNormal
                0x080011aa      0x10a stm_adc_ll.o
                0x080011aa                regularReadADCNormal
 .text.ADC_Handle_Deinit
                0x080012b4       0xfa stm_adc_ll.o
                0x080012b4                ADC_Handle_Deinit
 *fill*         0x080013ae        0x2 
 .text.enableADCAutomaticCalibrationOffset
                0x080013b0      0x114 stm_adc_ll.o
                0x080013b0                enableADCAutomaticCalibrationOffset
 .text.extmodeParseArgs
                0x080014c4       0x1e xcp_ext_mode.o
                0x080014c4                extmodeParseArgs
 *fill*         0x080014e2        0x2 
 .text.extmodeInit
                0x080014e4      0x128 xcp_ext_mode.o
                0x080014e4                extmodeInit
 .text.extmodeWaitForHostRequest
                0x0800160c       0xcc xcp_ext_mode.o
                0x0800160c                extmodeWaitForHostRequest
 .text.extmodeEvent
                0x080016d8       0xfc xcp_ext_mode.o
                0x080016d8                extmodeEvent
 .text.extmodeBackgroundRun
                0x080017d4       0x20 xcp_ext_mode.o
                0x080017d4                extmodeBackgroundRun
 .text.extmodeReset
                0x080017f4       0x40 xcp_ext_mode.o
                0x080017f4                extmodeReset
 .text.extmodeStopRequested
                0x08001834       0x18 xcp_ext_mode.o
                0x08001834                extmodeStopRequested
 .text.extmodeSimulationComplete
                0x0800184c       0x18 xcp_ext_mode.o
                0x0800184c                extmodeSimulationComplete
 .text.LL_GPIO_ReadInputPort
                0x08001864       0x18 BasicKit.o
 .text.LL_GPIO_SetOutputPin
                0x0800187c       0x1c BasicKit.o
 .text.LL_GPIO_ResetOutputPin
                0x08001898       0x1c BasicKit.o
 .text.BasicKit_SystemCore_setup
                0x080018b4       0x86 BasicKit.o
 *fill*         0x0800193a        0x2 
 .text.BasicKit_step
                0x0800193c       0xa4 BasicKit.o
                0x0800193c                BasicKit_step
 .text.BasicKit_initialize
                0x080019e0       0xc8 BasicKit.o
                0x080019e0                BasicKit_initialize
 .text.BasicKit_terminate
                0x08001aa8       0x38 BasicKit.o
                0x08001aa8                BasicKit_terminate
 .text.rt_OneStep
                0x08001ae0       0x78 ert_main.o
                0x08001ae0                rt_OneStep
 .text.main     0x08001b58      0x184 ert_main.o
                0x08001b58                main
 .text.xcp_void_printf
                0x08001cdc       0x12 xcp_ext_common.o
                0x08001cdc                xcp_void_printf
 .text.xcpCopyTimeValue
                0x08001cee       0x26 xcp_ext_common.o
 *fill*         0x08001d14        0x4 
 .text.xcpExtModeUpdateTime
                0x08001d18      0x13c xcp_ext_common.o
                0x08001d18                xcpExtModeUpdateTime
 .text.xcpExtModeInit
                0x08001e54       0xb0 xcp_ext_common.o
                0x08001e54                xcpExtModeInit
 .text.xcpExtModeRunBackground
                0x08001f04      0x13c xcp_ext_common.o
                0x08001f04                xcpExtModeRunBackground
 .text.xcpExtModeReset
                0x08002040      0x128 xcp_ext_common.o
                0x08002040                xcpExtModeReset
 .text.sampleSignalTrigger
                0x08002168      0x1b4 xcp_ext_classic_trigger.o
 .text.updateTriggerStatus
                0x0800231c      0x2b8 xcp_ext_classic_trigger.o
 .text.xcpExtModeClassicTriggerInit
                0x080025d4       0x68 xcp_ext_classic_trigger.o
                0x080025d4                xcpExtModeClassicTriggerInit
 .text.xcpExtModeClassicTriggerEnabled
                0x0800263c      0x100 xcp_ext_classic_trigger.o
                0x0800263c                xcpExtModeClassicTriggerEnabled
 .text.xcpExtModeClassicTriggerReset
                0x0800273c       0xf4 xcp_ext_classic_trigger.o
                0x0800273c                xcpExtModeClassicTriggerReset
 .text.xcpExtModeClassicTriggerForceEnableStatusUpdate
                0x08002830       0x78 xcp_ext_classic_trigger.o
                0x08002830                xcpExtModeClassicTriggerForceEnableStatusUpdate
 .text.msgBufferRealloc
                0x080028a8       0x72 xcp.o
 *fill*         0x0800291a        0x2 
 .text.discardInputPacketHandler
                0x0800291c       0x3c xcp.o
 .text.unknownInputPacketHandler
                0x08002958       0x34 xcp.o
 .text.xcpGetPacketGroupID
                0x0800298c       0x74 xcp.o
 .text.xcpGetPacketHandlers
                0x08002a00      0x124 xcp.o
 .text.xcpStatusSet
                0x08002b24       0x20 xcp.o
                0x08002b24                xcpStatusSet
 .text.xcpSessionStatusGet
                0x08002b44       0x18 xcp.o
                0x08002b44                xcpSessionStatusGet
 .text.xcpSessionStatusSetMask
                0x08002b5c       0x28 xcp.o
                0x08002b5c                xcpSessionStatusSetMask
 .text.xcpSessionStatusClearMask
                0x08002b84       0x34 xcp.o
                0x08002b84                xcpSessionStatusClearMask
 .text.xcpResourceProtectionStatusGet
                0x08002bb8       0x18 xcp.o
                0x08002bb8                xcpResourceProtectionStatusGet
 .text.xcpSessionConfigurationIdGet
                0x08002bd0       0x18 xcp.o
                0x08002bd0                xcpSessionConfigurationIdGet
 .text.genericOutputPacketHandler
                0x08002be8      0x11c xcp.o
                0x08002be8                genericOutputPacketHandler
 .text.xcpFindPacket
                0x08002d04       0x6e xcp.o
                0x08002d04                xcpFindPacket
 *fill*         0x08002d72        0x2 
 .text.xcpInit  0x08002d74       0x64 xcp.o
                0x08002d74                xcpInit
 .text.xcpRun   0x08002dd8      0x194 xcp.o
                0x08002dd8                xcpRun
 .text.xcpEvent
                0x08002f6c       0x50 xcp.o
                0x08002f6c                xcpEvent
 .text.xcpGetStatus
                0x08002fbc       0x18 xcp.o
                0x08002fbc                xcpGetStatus
 .text.xcpReset
                0x08002fd4       0x40 xcp.o
                0x08002fd4                xcpReset
 .text.xcpPackedModeEventsFlush
                0x08003014       0x1e xcp.o
                0x08003014                xcpPackedModeEventsFlush
 .text.xcpPackedModeEventReset
                0x08003032       0x2a xcp.o
                0x08003032                xcpPackedModeEventReset
 .text.isValidUploadSize
                0x0800305c       0x30 xcp_standard.o
 .text.xcpMemcpyFromMTA
                0x0800308c       0x38 xcp_standard.o
 .text.connectInputPacketHandler
                0x080030c4       0xa4 xcp_standard.o
 .text.connectOutputPacketHandler
                0x08003168       0xd4 xcp_standard.o
 .text.disconnectInputPacketHandler
                0x0800323c       0x54 xcp_standard.o
 .text.getStatusInputPacketHandler
                0x08003290       0x28 xcp_standard.o
 .text.getStatusOutputPacketHandler
                0x080032b8       0x80 xcp_standard.o
 .text.synchInputPacketHandler
                0x08003338       0x44 xcp_standard.o
 .text.setMTAInputPacketHandler
                0x0800337c       0x78 xcp_standard.o
 .text.uploadInputPacketHandler
                0x080033f4       0x98 xcp_standard.o
 .text.uploadOutputPacketHandler
                0x0800348c       0x9c xcp_standard.o
 .text.shortUploadInputPacketHandler
                0x08003528       0xa4 xcp_standard.o
 .text.shortUploadOutputPacketHandler
                0x080035cc       0x9c xcp_standard.o
 .text.getPacket
                0x08003668       0x24 xcp_standard.o
 .text.xcpStandardInit
                0x0800368c       0x18 xcp_standard.o
                0x0800368c                xcpStandardInit
 .text.xcpStandardGetPacketLookup
                0x080036a4       0x18 xcp_standard.o
                0x080036a4                xcpStandardGetPacketLookup
 .text.xcpStandardSetPacketLookup
                0x080036bc       0x20 xcp_standard.o
                0x080036bc                xcpStandardSetPacketLookup
 .text.xcpStandardReset
                0x080036dc       0x12 xcp_standard.o
                0x080036dc                xcpStandardReset
 *fill*         0x080036ee        0x2 
 .text.xcpStandardGetAddressFromMta
                0x080036f0       0x18 xcp_standard.o
                0x080036f0                xcpStandardGetAddressFromMta
 .text.xcpStandardSetMta
                0x08003708       0x3c xcp_standard.o
                0x08003708                xcpStandardSetMta
 .text.xcpStandardIncrementMta
                0x08003744       0x28 xcp_standard.o
                0x08003744                xcpStandardIncrementMta
 .text.xcpStandardExtendedInit
                0x0800376c        0xe xcp_standard.o
                0x0800376c                xcpStandardExtendedInit
 .text.xcpStandardExtendedReset
                0x0800377a        0xe xcp_standard.o
                0x0800377a                xcpStandardExtendedReset
 .text.xcpDaqWriteLock
                0x08003788       0x4c xcp_daq.o
 .text.xcpDaqWriteUnlock
                0x080037d4       0x20 xcp_daq.o
 .text.xcpDaqReadLock
                0x080037f4       0x38 xcp_daq.o
 .text.xcpDaqReadUnlock
                0x0800382c       0x38 xcp_daq.o
 .text.isActiveDaqList
                0x08003864       0x50 xcp_daq.o
 .text.noActiveDaqLists
                0x080038b4       0x50 xcp_daq.o
 .text.isValidDaqPtr
                0x08003904       0xb8 xcp_daq.o
 .text.isValidDaqEntry
                0x080039bc       0x36 xcp_daq.o
 .text.isSupportedDaqListMode
                0x080039f2       0x26 xcp_daq.o
 .text.isValidStartStopMode
                0x08003a18       0x32 xcp_daq.o
 .text.isValidStartStopSynchMode
                0x08003a4a       0x32 xcp_daq.o
 .text.absoluteOdtNumberIdentification
                0x08003a7c       0x10 xcp_daq.o
 .text.isDaqPackedModeEnabled
                0x08003a8c       0x6c xcp_daq.o
 .text.odtPacketSize
                0x08003af8       0x54 xcp_daq.o
 .text.createDaqReservedPool
                0x08003b4c       0x88 xcp_daq.o
 .text.destroyDaqReservedPool
                0x08003bd4       0x2c xcp_daq.o
 .text.setDaqPtrInputPacketHandler
                0x08003c00       0xdc xcp_daq.o
 .text.writeDaqInputPacketHandler
                0x08003cdc      0x198 xcp_daq.o
 .text.setDaqListModeInputPacketHandler
                0x08003e74      0x1c8 xcp_daq.o
 .text.startStopDaqListInputPacketHandler
                0x0800403c      0x3f4 xcp_daq.o
 .text.startStopDaqListOutputPacketHandler
                0x08004430       0x5c xcp_daq.o
 .text.startStopSynchInputPacketHandler
                0x0800448c      0x328 xcp_daq.o
 .text.getDaqProcessorInfoInputPacketHandler
                0x080047b4       0x28 xcp_daq.o
 .text.getDaqProcessorInfoOutputPacketHandler
                0x080047dc       0xac xcp_daq.o
 .text.getDaqResolutionInfoInputPacketHandler
                0x08004888       0x28 xcp_daq.o
 .text.getDaqResolutionInfoOutputPacketHandler
                0x080048b0       0xb8 xcp_daq.o
 .text.freeDaqInputPacketHandler
                0x08004968       0x5c xcp_daq.o
 .text.allocDaqInputPacketHandler
                0x080049c4      0x18c xcp_daq.o
 .text.allocOdtInputPacketHandler
                0x08004b50      0x1c0 xcp_daq.o
 .text.allocOdtEntryInputPacketHandler
                0x08004d10      0x270 xcp_daq.o
 .text.getDaqClockInputPacketHandler
                0x08004f80       0x22 xcp_daq.o
 *fill*         0x08004fa2        0x2 
 .text.setDaqPackedModeInputPacketHandler
                0x08004fa4      0x21c xcp_daq.o
 .text.level1CommandInputPacketHandler
                0x080051c0       0x64 xcp_daq.o
 .text.getPacket
                0x08005224       0x24 xcp_daq.o
 .text.xcpDaqInit
                0x08005248       0x38 xcp_daq.o
                0x08005248                xcpDaqInit
 .text.xcpDaqGetPacketLookup
                0x08005280       0x18 xcp_daq.o
                0x08005280                xcpDaqGetPacketLookup
 .text.xcpDaqSetPacketLookup
                0x08005298       0x20 xcp_daq.o
                0x08005298                xcpDaqSetPacketLookup
 .text.xcpResetDaq
                0x080052b8       0xa4 xcp_daq.o
 .text.daqWriteXCPDataForOdt
                0x0800535c       0x7c xcp_daq.o
 .text.odtWriteEntries
                0x080053d8       0x9c xcp_daq.o
 .text.xcpProcessDaq
                0x08005474      0x208 xcp_daq.o
 .text.xcpDaqEvent
                0x0800567c      0x108 xcp_daq.o
                0x0800567c                xcpDaqEvent
 .text.xcpDaqEventsFlush
                0x08005784      0x284 xcp_daq.o
                0x08005784                xcpDaqEventsFlush
 .text.xcpDaqLock
                0x08005a08       0x1e xcp_daq.o
                0x08005a08                xcpDaqLock
 .text.xcpDaqUnlock
                0x08005a26        0xe xcp_daq.o
                0x08005a26                xcpDaqUnlock
 .text.xcpResetDaqListStatus
                0x08005a34      0x19c xcp_daq.o
                0x08005a34                xcpResetDaqListStatus
 .text.xcpDaqReset
                0x08005bd0       0x20 xcp_daq.o
                0x08005bd0                xcpDaqReset
 .text.xcpDaqExtendedInit
                0x08005bf0        0xe xcp_daq.o
                0x08005bf0                xcpDaqExtendedInit
 .text.xcpDaqExtendedReset
                0x08005bfe        0xe xcp_daq.o
                0x08005bfe                xcpDaqExtendedReset
 .text.isValidShortDownloadSize
                0x08005c0c       0x34 xcp_calibration.o
 .text.isValidDownloadSize
                0x08005c40       0x3a xcp_calibration.o
 *fill*         0x08005c7a        0x2 
 .text.xcpMemcpyToMTA
                0x08005c7c       0x34 xcp_calibration.o
 .text.downloadInputPacketHandler
                0x08005cb0       0xb0 xcp_calibration.o
 .text.shortDownloadInputPacketHandler
                0x08005d60       0xb8 xcp_calibration.o
 .text.getPacket
                0x08005e18       0x24 xcp_calibration.o
 .text.xcpCalibrationInit
                0x08005e3c       0x14 xcp_calibration.o
                0x08005e3c                xcpCalibrationInit
 .text.xcpCalibrationGetPacketLookup
                0x08005e50       0x18 xcp_calibration.o
                0x08005e50                xcpCalibrationGetPacketLookup
 .text.xcpCalibrationSetPacketLookup
                0x08005e68       0x20 xcp_calibration.o
                0x08005e68                xcpCalibrationSetPacketLookup
 .text.xcpCalibrationReset
                0x08005e88        0xe xcp_calibration.o
                0x08005e88                xcpCalibrationReset
 .text.xcpFifoInit
                0x08005e96       0x20 xcp_fifo.o
                0x08005e96                xcpFifoInit
 .text.xcpFifoEnqueue
                0x08005eb6       0x2a xcp_fifo.o
                0x08005eb6                xcpFifoEnqueue
 .text.xcpFifoDequeue
                0x08005ee0       0x3e xcp_fifo.o
                0x08005ee0                xcpFifoDequeue
 .text.xcpFifoEnqueueHead
                0x08005f1e       0x32 xcp_fifo.o
                0x08005f1e                xcpFifoEnqueueHead
 .text.xcpFifoReset
                0x08005f50       0x16 xcp_fifo.o
                0x08005f50                xcpFifoReset
 *fill*         0x08005f66        0x2 
 .text.xcpTransportEmptyTxFifo
                0x08005f68       0x6c xcp_transport.o
 .text.xcpTransportEmptyRxFifo
                0x08005fd4       0x6c xcp_transport.o
 .text.xcpTransportInit
                0x08006040      0x138 xcp_transport.o
                0x08006040                xcpTransportInit
 .text.xcpTransportTxReady
                0x08006178       0x1a xcp_transport.o
                0x08006178                xcpTransportTxReady
 .text.xcpTransportTxTrigger
                0x08006192       0x1a xcp_transport.o
                0x08006192                xcpTransportTxTrigger
 .text.xcpTransportTxPacketSet
                0x080061ac      0x144 xcp_transport.o
                0x080061ac                xcpTransportTxPacketSet
 .text.xcpTransportTx
                0x080062f0       0xec xcp_transport.o
                0x080062f0                xcpTransportTx
 .text.xcpTransportRx
                0x080063dc       0x80 xcp_transport.o
                0x080063dc                xcpTransportRx
 .text.xcpTransportRxPacketGet
                0x0800645c      0x12c xcp_transport.o
                0x0800645c                xcpTransportRxPacketGet
 .text.xcpTransportPacketOffset
                0x08006588       0x20 xcp_transport.o
                0x08006588                xcpTransportPacketOffset
 .text.xcpTransportMsgBufferSize
                0x080065a8       0x70 xcp_transport.o
                0x080065a8                xcpTransportMsgBufferSize
 .text.xcpTransportMaxDtoSize
                0x08006618        0xe xcp_transport.o
                0x08006618                xcpTransportMaxDtoSize
 .text.xcpTransportMaxCtoSize
                0x08006626        0xe xcp_transport.o
                0x08006626                xcpTransportMaxCtoSize
 .text.xcpTransportRestart
                0x08006634       0x44 xcp_transport.o
                0x08006634                xcpTransportRestart
 .text.xcpTransportResynch
                0x08006678       0x40 xcp_transport.o
                0x08006678                xcpTransportResynch
 .text.xcpTransportCtoReservedMemPoolId
                0x080066b8       0x18 xcp_transport.o
                0x080066b8                xcpTransportCtoReservedMemPoolId
 .text.xcpTransportReset
                0x080066d0       0xe4 xcp_transport.o
                0x080066d0                xcpTransportReset
 .text.xcpInitializePoolMemoryArea
                0x080067b4       0x72 xcp_mem_default.o
 *fill*         0x08006826        0x2 
 .text.xcpMemInit
                0x08006828      0x1d4 xcp_mem_default.o
                0x08006828                xcpMemInit
 .text.xcpMemAlloc
                0x080069fc       0xe8 xcp_mem_default.o
                0x080069fc                xcpMemAlloc
 .text.xcpMemFree
                0x08006ae4      0x170 xcp_mem_default.o
                0x08006ae4                xcpMemFree
 .text.xcpMemReservedPoolCreate
                0x08006c54      0x224 xcp_mem_default.o
                0x08006c54                xcpMemReservedPoolCreate
 .text.xcpMemReservedPoolDestroy
                0x08006e78      0x158 xcp_mem_default.o
                0x08006e78                xcpMemReservedPoolDestroy
 .text.xcpMemCustomPoolCreate
                0x08006fd0       0xbc xcp_mem_default.o
                0x08006fd0                xcpMemCustomPoolCreate
 .text.xcpMemCustomPoolDestroy
                0x0800708c       0x64 xcp_mem_default.o
                0x0800708c                xcpMemCustomPoolDestroy
 .text.xcpMemAllocFromPool
                0x080070f0      0x170 xcp_mem_default.o
                0x080070f0                xcpMemAllocFromPool
 .text.xcpMemReset
                0x08007260       0x50 xcp_mem_default.o
                0x08007260                xcpMemReset
 .text.xcpDrvOpen
                0x080072b0       0x64 xcp_drv_rtiostream.o
                0x080072b0                xcpDrvOpen
 .text.xcpDrvIoctl
                0x08007314       0x4c xcp_drv_rtiostream.o
                0x08007314                xcpDrvIoctl
 .text.xcpDrvSend
                0x08007360      0x14c xcp_drv_rtiostream.o
                0x08007360                xcpDrvSend
 .text.xcpDrvRecv
                0x080074ac      0x14c xcp_drv_rtiostream.o
                0x080074ac                xcpDrvRecv
 .text.xcpDrvClose
                0x080075f8       0x5c xcp_drv_rtiostream.o
                0x080075f8                xcpDrvClose
 .text.xcpSortArray
                0x08007654       0xcc xcp_utils.o
                0x08007654                xcpSortArray
 .text.xcpSxiHtons
                0x08007720       0x18 xcp_frame_serial.o
 .text.xcpSxiNtohs
                0x08007738       0x1c xcp_frame_serial.o
 .text.xcpSxiChecksum
                0x08007754       0x3e xcp_frame_serial.o
                0x08007754                xcpSxiChecksum
 *fill*         0x08007792        0x2 
 .text.xcpFrameInit
                0x08007794       0x70 xcp_frame_serial.o
                0x08007794                xcpFrameInit
 .text.xcpFrameMsgSend
                0x08007804      0x188 xcp_frame_serial.o
                0x08007804                xcpFrameMsgSend
 .text.xcpFrameMsgRecv
                0x0800798c      0x180 xcp_frame_serial.o
                0x0800798c                xcpFrameMsgRecv
 .text.xcpFrameCreateMsg
                0x08007b0c       0x94 xcp_frame_serial.o
                0x08007b0c                xcpFrameCreateMsg
 .text.xcpFrameExtractPacket
                0x08007ba0      0x158 xcp_frame_serial.o
                0x08007ba0                xcpFrameExtractPacket
 .text.xcpFrameHeaderSize
                0x08007cf8       0x10 xcp_frame_serial.o
                0x08007cf8                xcpFrameHeaderSize
 .text.xcpFrameTailSize
                0x08007d08       0x10 xcp_frame_serial.o
                0x08007d08                xcpFrameTailSize
 .text.xcpFrameMaxDtoSize
                0x08007d18       0x12 xcp_frame_serial.o
                0x08007d18                xcpFrameMaxDtoSize
 .text.xcpFrameMaxCtoSize
                0x08007d2a       0x10 xcp_frame_serial.o
                0x08007d2a                xcpFrameMaxCtoSize
 *fill*         0x08007d3a        0x2 
 .text.xcpFrameRestart
                0x08007d3c       0x30 xcp_frame_serial.o
                0x08007d3c                xcpFrameRestart
 .text.xcpFrameSetCtoReservedMemPoolId
                0x08007d6c       0x20 xcp_frame_serial.o
                0x08007d6c                xcpFrameSetCtoReservedMemPoolId
 .text.xcpFrameReset
                0x08007d8c       0x70 xcp_frame_serial.o
                0x08007d8c                xcpFrameReset
 .text.xcpTransportGetInitParameters
                0x08007dfc       0x2e xcp_ext_param_default_serial.o
                0x08007dfc                xcpTransportGetInitParameters
 .text.xcpGetInitParameters
                0x08007e2a       0x2e xcp_ext_param_default_serial.o
                0x08007e2a                xcpGetInitParameters
 .text.HAL_Delay
                0x08007e58       0x2e overrideHALDelay.o
                0x08007e58                HAL_Delay
 *fill*         0x08007e86        0x2 
 .text.PeriphCommonClock_Config
                0x08007e88       0x10 platform_timer.o
                0x08007e88                PeriphCommonClock_Config
 .text.getCurrentTimestampInMicros
                0x08007e98       0x3c platform_timer.o
                0x08007e98                getCurrentTimestampInMicros
 .text.returnTimeElapsed
                0x08007ed4       0x2c platform_timer.o
                0x08007ed4                returnTimeElapsed
 .text.timestampInit
                0x08007f00       0x28 platform_timer.o
 .text.getCurrentTimestamp
                0x08007f28       0x44 platform_timer.o
                0x08007f28                getCurrentTimestamp
 .text.__NVIC_SetPriority
                0x08007f6c       0x54 SysTickScheduler.o
 .text.SysTick_Config
                0x08007fc0       0x44 SysTickScheduler.o
 .text.SysTick_Isr
                0x08008004       0x48 SysTickScheduler.o
 .text.SysTick_Handler
                0x0800804c       0x20 SysTickScheduler.o
                0x0800804c                SysTick_Handler
 .text.ARMCM_SysTick_Config
                0x0800806c       0xb0 SysTickScheduler.o
                0x0800806c                ARMCM_SysTick_Config
 .text.PendSV_Handler
                0x0800811c       0x44 m3m4m4f_multitasking.o
                0x0800811c                PendSV_Handler
 .text.SVC_Handler
                0x08008160       0x58 m3m4m4f_multitasking.o
                0x08008160                SVC_Handler
 .text.rtIOStreamOpen
                0x080081b8       0x44 rtiostream_serial.o
                0x080081b8                rtIOStreamOpen
 .text.rtIOStreamSend
                0x080081fc       0x38 rtiostream_serial.o
                0x080081fc                rtIOStreamSend
 .text.rtIOStreamRecv
                0x08008234       0x48 rtiostream_serial.o
                0x08008234                rtIOStreamRecv
 .text.rtIOStreamClose
                0x0800827c       0x20 rtiostream_serial.o
                0x0800827c                rtIOStreamClose
 .text.LL_DMA_GetDataLength
                0x0800829c       0x30 stm_usart.o
 .text.getAvailableDataInBuffer
                0x080082cc       0xcc stm_usart.o
                0x080082cc                getAvailableDataInBuffer
 .text.getBytesToBeReadFromBuffer
                0x08008398       0x6e stm_usart.o
                0x08008398                getBytesToBeReadFromBuffer
 *fill*         0x08008406        0x2 
 .text.readDataFromBuffer
                0x08008408       0xdc stm_usart.o
                0x08008408                readDataFromBuffer
 .text.__NVIC_GetPriorityGrouping
                0x080084e4       0x1c stm_lpuart.o
 .text.__NVIC_EnableIRQ
                0x08008500       0x3c stm_lpuart.o
 .text.__NVIC_SetPriority
                0x0800853c       0x54 stm_lpuart.o
 .text.NVIC_EncodePriority
                0x08008590       0x66 stm_lpuart.o
 *fill*         0x080085f6        0x2 
 .text.LL_DMA_EnableChannel
                0x080085f8       0x44 stm_lpuart.o
 .text.LL_DMA_DisableChannel
                0x0800863c       0x44 stm_lpuart.o
 .text.LL_DMA_GetMode
                0x08008680       0x34 stm_lpuart.o
 .text.LL_DMA_SetDataLength
                0x080086b4       0x4c stm_lpuart.o
 .text.LL_DMA_ConfigAddresses
                0x08008700       0x7c stm_lpuart.o
 .text.LL_DMA_IsActiveFlag_TC1
                0x0800877c       0x26 stm_lpuart.o
 .text.LL_DMA_ClearFlag_TC1
                0x080087a2       0x1a stm_lpuart.o
 .text.LL_DMA_EnableIT_TC
                0x080087bc       0x44 stm_lpuart.o
 .text.LL_DMA_DisableIT_TC
                0x08008800       0x44 stm_lpuart.o
 .text.LL_DMA_IsEnabledIT_TC
                0x08008844       0x3c stm_lpuart.o
 .text.LL_LPUART_Enable
                0x08008880       0x20 stm_lpuart.o
 .text.LL_LPUART_Disable
                0x080088a0       0x20 stm_lpuart.o
 .text.LL_LPUART_IsEnabled
                0x080088c0       0x26 stm_lpuart.o
 .text.LL_LPUART_IsActiveFlag_PE
                0x080088e6       0x26 stm_lpuart.o
 .text.LL_LPUART_IsActiveFlag_FE
                0x0800890c       0x26 stm_lpuart.o
 .text.LL_LPUART_IsActiveFlag_NE
                0x08008932       0x26 stm_lpuart.o
 .text.LL_LPUART_IsActiveFlag_ORE
                0x08008958       0x26 stm_lpuart.o
 .text.LL_LPUART_IsActiveFlag_TC
                0x0800897e       0x26 stm_lpuart.o
 .text.LL_LPUART_IsActiveFlag_TXE_TXFNF
                0x080089a4       0x26 stm_lpuart.o
 .text.LL_LPUART_ClearFlag_PE
                0x080089ca       0x1a stm_lpuart.o
 .text.LL_LPUART_ClearFlag_FE
                0x080089e4       0x1a stm_lpuart.o
 .text.LL_LPUART_ClearFlag_NE
                0x080089fe       0x1a stm_lpuart.o
 .text.LL_LPUART_ClearFlag_ORE
                0x08008a18       0x1a stm_lpuart.o
 .text.LL_LPUART_EnableIT_RXNE_RXFNE
                0x08008a32       0x42 stm_lpuart.o
 .text.LL_LPUART_EnableIT_PE
                0x08008a74       0x42 stm_lpuart.o
 .text.LL_LPUART_EnableIT_ERROR
                0x08008ab6       0x46 stm_lpuart.o
 .text.LL_LPUART_DisableIT_RXNE_RXFNE
                0x08008afc       0x42 stm_lpuart.o
 .text.LL_LPUART_DisableIT_TXE_TXFNF
                0x08008b3e       0x42 stm_lpuart.o
 .text.LL_LPUART_DisableIT_PE
                0x08008b80       0x42 stm_lpuart.o
 .text.LL_LPUART_DisableIT_ERROR
                0x08008bc2       0x46 stm_lpuart.o
 .text.LL_LPUART_EnableDMAReq_RX
                0x08008c08       0x46 stm_lpuart.o
 .text.LL_LPUART_DisableDMAReq_RX
                0x08008c4e       0x46 stm_lpuart.o
 .text.LL_LPUART_EnableDMAReq_TX
                0x08008c94       0x46 stm_lpuart.o
 .text.LL_LPUART_DisableDMAReq_TX
                0x08008cda       0x46 stm_lpuart.o
 .text.LL_LPUART_DMA_GetRegAddr
                0x08008d20       0x2c stm_lpuart.o
 .text.LL_LPUART_ReceiveData8
                0x08008d4c       0x1a stm_lpuart.o
 .text.LL_LPUART_TransmitData8
                0x08008d66       0x1e stm_lpuart.o
 .text.LPUART_RXDMAInterruptHandler
                0x08008d84       0xd4 stm_lpuart.o
                0x08008d84                LPUART_RXDMAInterruptHandler
 .text.LPUART_IsActiveFlagError
                0x08008e58       0xf4 stm_lpuart.o
                0x08008e58                LPUART_IsActiveFlagError
 .text.LPUART1_IRQHandler
                0x08008f4c       0x14 stm_lpuart.o
                0x08008f4c                LPUART1_IRQHandler
 .text.DMA1_Channel1_IRQHandler
                0x08008f60       0x20 stm_lpuart.o
                0x08008f60                DMA1_Channel1_IRQHandler
 .text.LPUART_ConfigureReceiveDMA
                0x08008f80       0xae stm_lpuart.o
                0x08008f80                LPUART_ConfigureReceiveDMA
 .text.LPUART_ConfigureTransmitDMA
                0x0800902e       0x7a stm_lpuart.o
                0x0800902e                LPUART_ConfigureTransmitDMA
 .text.MW_LPUART_GetReadErrorStatus
                0x080090a8       0xc8 stm_lpuart.o
                0x080090a8                MW_LPUART_GetReadErrorStatus
 .text.MW_LPUART_Initialize
                0x08009170      0x170 stm_lpuart.o
                0x08009170                MW_LPUART_Initialize
 .text.MW_LPUART_ReceiveUsingBuffer
                0x080092e0       0x5c stm_lpuart.o
                0x080092e0                MW_LPUART_ReceiveUsingBuffer
 .text.MW_LPUART_TransmitUsingPolling
                0x0800933c      0x184 stm_lpuart.o
                0x0800933c                MW_LPUART_TransmitUsingPolling
 .text.MW_LPUART_DeInit
                0x080094c0       0xaa stm_lpuart.o
                0x080094c0                MW_LPUART_DeInit
 .text.sys_arch_protect
                0x0800956a       0x22 sys_arch.o
                0x0800956a                sys_arch_protect
 .text.sys_arch_unprotect
                0x0800958c       0x20 sys_arch.o
                0x0800958c                sys_arch_unprotect
 .text.__NVIC_GetPriorityGrouping
                0x080095ac       0x1c main.o
 .text.__NVIC_EnableIRQ
                0x080095c8       0x3c main.o
 .text.__NVIC_SetPriority
                0x08009604       0x54 main.o
 .text.NVIC_EncodePriority
                0x08009658       0x66 main.o
 .text.LL_ADC_SetGainCompensation
                0x080096be       0x4a main.o
 .text.LL_ADC_REG_SetSequencerRanks
                0x08009708       0x58 main.o
 .text.LL_ADC_SetChannelSamplingTime
                0x08009760       0x56 main.o
 *fill*         0x080097b6        0x2 
 .text.LL_ADC_SetChannelSingleDiff
                0x080097b8       0x50 main.o
 .text.LL_ADC_SetOverSamplingScope
                0x08009808       0x2a main.o
 .text.LL_ADC_DisableDeepPowerDown
                0x08009832       0x24 main.o
 .text.LL_ADC_EnableInternalRegulator
                0x08009856       0x28 main.o
 *fill*         0x0800987e        0x2 
 .text.LL_DMA_SetDataTransferDirection
                0x08009880       0x50 main.o
 .text.LL_DMA_SetMode
                0x080098d0       0x4c main.o
 .text.LL_DMA_SetPeriphIncMode
                0x0800991c       0x4c main.o
 .text.LL_DMA_SetMemoryIncMode
                0x08009968       0x4c main.o
 .text.LL_DMA_SetPeriphSize
                0x080099b4       0x4c main.o
 .text.LL_DMA_SetMemorySize
                0x08009a00       0x4c main.o
 .text.LL_DMA_SetChannelPriorityLevel
                0x08009a4c       0x4c main.o
 .text.LL_DMA_SetPeriphRequest
                0x08009a98       0x54 main.o
 .text.LL_LPUART_Enable
                0x08009aec       0x20 main.o
 .text.LL_LPUART_DisableFIFO
                0x08009b0c       0x20 main.o
 .text.LL_LPUART_SetTXFIFOThreshold
                0x08009b2c       0x4e main.o
 .text.LL_LPUART_SetRXFIFOThreshold
                0x08009b7a       0x4e main.o
 .text.LL_LPUART_IsActiveFlag_TEACK
                0x08009bc8       0x28 main.o
 .text.LL_LPUART_IsActiveFlag_REACK
                0x08009bf0       0x28 main.o
 .text.LL_RCC_HSI_Enable
                0x08009c18       0x20 main.o
 .text.LL_RCC_HSI_IsReady
                0x08009c38       0x28 main.o
 .text.LL_RCC_HSI_SetCalibTrimming
                0x08009c60       0x2c main.o
 .text.LL_RCC_SetSysClkSource
                0x08009c8c       0x28 main.o
 .text.LL_RCC_GetSysClkSource
                0x08009cb4       0x1c main.o
 .text.LL_RCC_SetAHBPrescaler
                0x08009cd0       0x28 main.o
 .text.LL_RCC_SetAPB1Prescaler
                0x08009cf8       0x28 main.o
 .text.LL_RCC_SetAPB2Prescaler
                0x08009d20       0x28 main.o
 .text.LL_RCC_SetLPUARTClockSource
                0x08009d48       0x2c main.o
 .text.LL_RCC_SetADCClockSource
                0x08009d74       0x48 main.o
 .text.LL_RCC_PLL_Enable
                0x08009dbc       0x20 main.o
 .text.LL_RCC_PLL_IsReady
                0x08009ddc       0x28 main.o
 .text.LL_RCC_PLL_ConfigDomain_SYS
                0x08009e04       0x40 main.o
 .text.LL_RCC_PLL_EnableDomain_SYS
                0x08009e44       0x20 main.o
 .text.LL_AHB1_GRP1_EnableClock
                0x08009e64       0x30 main.o
 .text.LL_AHB2_GRP1_EnableClock
                0x08009e94       0x30 main.o
 .text.LL_APB1_GRP2_EnableClock
                0x08009ec4       0x30 main.o
 .text.LL_SYSCFG_SetEXTISource
                0x08009ef4       0x70 main.o
 .text.LL_FLASH_SetLatency
                0x08009f64       0x28 main.o
 .text.LL_FLASH_GetLatency
                0x08009f8c       0x1c main.o
 .text.LL_PWR_EnableRange1BoostMode
                0x08009fa8       0x24 main.o
 .text.LL_GPIO_SetPinMode
                0x08009fcc       0x7a main.o
 .text.LL_GPIO_SetPinPull
                0x0800a046       0x7a main.o
 .text.LL_GPIO_ResetOutputPin
                0x0800a0c0       0x1c main.o
 .text.SystemClock_Config
                0x0800a0dc       0xb0 main.o
                0x0800a0dc                SystemClock_Config
 .text.MX_ADC1_Init
                0x0800a18c      0x15c main.o
                0x0800a18c                MX_ADC1_Init
 .text.MX_LPUART1_UART_Init
                0x0800a2e8      0x148 main.o
                0x0800a2e8                MX_LPUART1_UART_Init
 .text.MX_DMA_Init
                0x0800a430       0x34 main.o
                0x0800a430                MX_DMA_Init
 .text.MX_GPIO_Init
                0x0800a464       0xd8 main.o
                0x0800a464                MX_GPIO_Init
 .text.HAL_TIM_PeriodElapsedCallback
                0x0800a53c       0x1e main.o
                0x0800a53c                HAL_TIM_PeriodElapsedCallback
 .text.Error_Handler
                0x0800a55a        0xc main.o
                0x0800a55a                Error_Handler
 *fill*         0x0800a566        0x2 
 .text.LL_EXTI_IsActiveFlag_0_31
                0x0800a568       0x2c stm32g4xx_it.o
 .text.LL_EXTI_ClearFlag_0_31
                0x0800a594       0x20 stm32g4xx_it.o
 .text.NMI_Handler
                0x0800a5b4        0x8 stm32g4xx_it.o
                0x0800a5b4                NMI_Handler
 .text.HardFault_Handler
                0x0800a5bc        0x8 stm32g4xx_it.o
                0x0800a5bc                HardFault_Handler
 .text.MemManage_Handler
                0x0800a5c4        0x8 stm32g4xx_it.o
                0x0800a5c4                MemManage_Handler
 .text.BusFault_Handler
                0x0800a5cc        0x8 stm32g4xx_it.o
                0x0800a5cc                BusFault_Handler
 .text.UsageFault_Handler
                0x0800a5d4        0x8 stm32g4xx_it.o
                0x0800a5d4                UsageFault_Handler
 .text.DebugMon_Handler
                0x0800a5dc        0xe stm32g4xx_it.o
                0x0800a5dc                DebugMon_Handler
 *fill*         0x0800a5ea        0x2 
 .text.TIM2_IRQHandler
                0x0800a5ec       0x14 stm32g4xx_it.o
                0x0800a5ec                TIM2_IRQHandler
 .text.EXTI15_10_IRQHandler
                0x0800a600       0x1e stm32g4xx_it.o
                0x0800a600                EXTI15_10_IRQHandler
 *fill*         0x0800a61e        0x2 
 .text.HAL_MspInit
                0x0800a620       0x48 stm32g4xx_hal_msp.o
                0x0800a620                HAL_MspInit
 .text.HAL_InitTick
                0x0800a668       0xd8 stm32g4xx_hal_timebase_tim.o
                0x0800a668                HAL_InitTick
 .text.LL_SetSystemCoreClock
                0x0800a740       0x20 stm32g4xx_ll_utils.o
                0x0800a740                LL_SetSystemCoreClock
 .text.LL_EXTI_EnableIT_0_31
                0x0800a760       0x24 stm32g4xx_ll_exti.o
 .text.LL_EXTI_EnableIT_32_63
                0x0800a784       0x24 stm32g4xx_ll_exti.o
 .text.LL_EXTI_DisableIT_0_31
                0x0800a7a8       0x28 stm32g4xx_ll_exti.o
 .text.LL_EXTI_DisableIT_32_63
                0x0800a7d0       0x28 stm32g4xx_ll_exti.o
 .text.LL_EXTI_EnableEvent_0_31
                0x0800a7f8       0x24 stm32g4xx_ll_exti.o
 .text.LL_EXTI_EnableEvent_32_63
                0x0800a81c       0x24 stm32g4xx_ll_exti.o
 .text.LL_EXTI_DisableEvent_0_31
                0x0800a840       0x28 stm32g4xx_ll_exti.o
 .text.LL_EXTI_DisableEvent_32_63
                0x0800a868       0x28 stm32g4xx_ll_exti.o
 .text.LL_EXTI_EnableRisingTrig_0_31
                0x0800a890       0x24 stm32g4xx_ll_exti.o
 .text.LL_EXTI_EnableRisingTrig_32_63
                0x0800a8b4       0x24 stm32g4xx_ll_exti.o
 .text.LL_EXTI_DisableRisingTrig_0_31
                0x0800a8d8       0x28 stm32g4xx_ll_exti.o
 .text.LL_EXTI_DisableRisingTrig_32_63
                0x0800a900       0x28 stm32g4xx_ll_exti.o
 .text.LL_EXTI_EnableFallingTrig_0_31
                0x0800a928       0x24 stm32g4xx_ll_exti.o
 .text.LL_EXTI_EnableFallingTrig_32_63
                0x0800a94c       0x24 stm32g4xx_ll_exti.o
 .text.LL_EXTI_DisableFallingTrig_0_31
                0x0800a970       0x28 stm32g4xx_ll_exti.o
 .text.LL_EXTI_DisableFallingTrig_32_63
                0x0800a998       0x28 stm32g4xx_ll_exti.o
 .text.LL_EXTI_Init
                0x0800a9c0      0x1ec stm32g4xx_ll_exti.o
                0x0800a9c0                LL_EXTI_Init
 .text.LL_GPIO_SetPinMode
                0x0800abac       0x7a stm32g4xx_ll_gpio.o
 .text.LL_GPIO_SetPinOutputType
                0x0800ac26       0x30 stm32g4xx_ll_gpio.o
 .text.LL_GPIO_SetPinSpeed
                0x0800ac56       0x7a stm32g4xx_ll_gpio.o
 .text.LL_GPIO_SetPinPull
                0x0800acd0       0x7a stm32g4xx_ll_gpio.o
 .text.LL_GPIO_SetAFPin_0_7
                0x0800ad4a       0x7a stm32g4xx_ll_gpio.o
 .text.LL_GPIO_SetAFPin_8_15
                0x0800adc4       0x7e stm32g4xx_ll_gpio.o
 .text.LL_GPIO_Init
                0x0800ae42       0xdc stm32g4xx_ll_gpio.o
                0x0800ae42                LL_GPIO_Init
 .text.LL_ADC_REG_SetSequencerLength
                0x0800af1e       0x26 stm32g4xx_ll_adc.o
 .text.LL_ADC_IsEnabled
                0x0800af44       0x26 stm32g4xx_ll_adc.o
 *fill*         0x0800af6a        0x2 
 .text.LL_ADC_CommonInit
                0x0800af6c       0xc8 stm32g4xx_ll_adc.o
                0x0800af6c                LL_ADC_CommonInit
 .text.LL_ADC_Init
                0x0800b034       0x4c stm32g4xx_ll_adc.o
                0x0800b034                LL_ADC_Init
 .text.LL_ADC_REG_Init
                0x0800b080       0x94 stm32g4xx_ll_adc.o
                0x0800b080                LL_ADC_REG_Init
 .text.HAL_Init
                0x0800b114       0x30 stm32g4xx_hal.o
                0x0800b114                HAL_Init
 .text.HAL_IncTick
                0x0800b144       0x24 stm32g4xx_hal.o
                0x0800b144                HAL_IncTick
 .text.HAL_GetTick
                0x0800b168       0x18 stm32g4xx_hal.o
                0x0800b168                HAL_GetTick
 .text.HAL_RCC_GetHCLKFreq
                0x0800b180       0x18 stm32g4xx_hal_rcc.o
                0x0800b180                HAL_RCC_GetHCLKFreq
 .text.HAL_RCC_GetPCLK1Freq
                0x0800b198       0x2c stm32g4xx_hal_rcc.o
                0x0800b198                HAL_RCC_GetPCLK1Freq
 .text.HAL_RCC_GetClockConfig
                0x0800b1c4       0x64 stm32g4xx_hal_rcc.o
                0x0800b1c4                HAL_RCC_GetClockConfig
 .text.HAL_PWREx_DisableUCPDDeadBattery
                0x0800b228       0x20 stm32g4xx_hal_pwr_ex.o
                0x0800b228                HAL_PWREx_DisableUCPDDeadBattery
 .text.__NVIC_SetPriorityGrouping
                0x0800b248       0x48 stm32g4xx_hal_cortex.o
 .text.__NVIC_GetPriorityGrouping
                0x0800b290       0x1c stm32g4xx_hal_cortex.o
 .text.__NVIC_EnableIRQ
                0x0800b2ac       0x3c stm32g4xx_hal_cortex.o
 .text.__NVIC_SetPriority
                0x0800b2e8       0x54 stm32g4xx_hal_cortex.o
 .text.NVIC_EncodePriority
                0x0800b33c       0x66 stm32g4xx_hal_cortex.o
 .text.HAL_NVIC_SetPriorityGrouping
                0x0800b3a2       0x16 stm32g4xx_hal_cortex.o
                0x0800b3a2                HAL_NVIC_SetPriorityGrouping
 .text.HAL_NVIC_SetPriority
                0x0800b3b8       0x34 stm32g4xx_hal_cortex.o
                0x0800b3b8                HAL_NVIC_SetPriority
 .text.HAL_NVIC_EnableIRQ
                0x0800b3ec       0x1c stm32g4xx_hal_cortex.o
                0x0800b3ec                HAL_NVIC_EnableIRQ
 .text.LL_LPUART_IsEnabled
                0x0800b408       0x26 stm32g4xx_ll_lpuart.o
 .text.LL_LPUART_SetPrescaler
                0x0800b42e       0x28 stm32g4xx_ll_lpuart.o
 .text.LL_LPUART_SetStopBitsLength
                0x0800b456       0x26 stm32g4xx_ll_lpuart.o
 .text.LL_LPUART_SetHWFlowCtrl
                0x0800b47c       0x26 stm32g4xx_ll_lpuart.o
 *fill*         0x0800b4a2        0x2 
 .text.LL_LPUART_SetBaudRate
                0x0800b4a4       0x98 stm32g4xx_ll_lpuart.o
 .text.LL_LPUART_Init
                0x0800b53c       0x98 stm32g4xx_ll_lpuart.o
                0x0800b53c                LL_LPUART_Init
 .text.LL_RCC_HSI_IsReady
                0x0800b5d4       0x28 stm32g4xx_ll_rcc.o
 .text.LL_RCC_LSE_IsReady
                0x0800b5fc       0x28 stm32g4xx_ll_rcc.o
 .text.LL_RCC_GetSysClkSource
                0x0800b624       0x1c stm32g4xx_ll_rcc.o
 .text.LL_RCC_GetAHBPrescaler
                0x0800b640       0x1c stm32g4xx_ll_rcc.o
 .text.LL_RCC_GetAPB1Prescaler
                0x0800b65c       0x1c stm32g4xx_ll_rcc.o
 .text.LL_RCC_GetLPUARTClockSource
                0x0800b678       0x24 stm32g4xx_ll_rcc.o
 .text.LL_RCC_PLL_GetMainSource
                0x0800b69c       0x1c stm32g4xx_ll_rcc.o
 .text.LL_RCC_PLL_GetN
                0x0800b6b8       0x1c stm32g4xx_ll_rcc.o
 .text.LL_RCC_PLL_GetR
                0x0800b6d4       0x1c stm32g4xx_ll_rcc.o
 .text.LL_RCC_PLL_GetDivider
                0x0800b6f0       0x1c stm32g4xx_ll_rcc.o
 .text.LL_RCC_GetLPUARTClockFreq
                0x0800b70c       0x84 stm32g4xx_ll_rcc.o
                0x0800b70c                LL_RCC_GetLPUARTClockFreq
 .text.RCC_GetSystemClockFreq
                0x0800b790       0x4c stm32g4xx_ll_rcc.o
 .text.RCC_GetHCLKClockFreq
                0x0800b7dc       0x30 stm32g4xx_ll_rcc.o
 .text.RCC_GetPCLK1ClockFreq
                0x0800b80c       0x2c stm32g4xx_ll_rcc.o
 .text.RCC_PLL_GetFreqDomain_SYS
                0x0800b838       0x68 stm32g4xx_ll_rcc.o
 .text.HAL_TIM_Base_Init
                0x0800b8a0       0xae stm32g4xx_hal_tim.o
                0x0800b8a0                HAL_TIM_Base_Init
 .text.HAL_TIM_Base_MspInit
                0x0800b94e       0x14 stm32g4xx_hal_tim.o
                0x0800b94e                HAL_TIM_Base_MspInit
 *fill*         0x0800b962        0x2 
 .text.HAL_TIM_Base_Start_IT
                0x0800b964       0xf0 stm32g4xx_hal_tim.o
                0x0800b964                HAL_TIM_Base_Start_IT
 .text.HAL_TIM_IRQHandler
                0x0800ba54      0x2fe stm32g4xx_hal_tim.o
                0x0800ba54                HAL_TIM_IRQHandler
 .text.HAL_TIM_OC_DelayElapsedCallback
                0x0800bd52       0x14 stm32g4xx_hal_tim.o
                0x0800bd52                HAL_TIM_OC_DelayElapsedCallback
 .text.HAL_TIM_IC_CaptureCallback
                0x0800bd66       0x14 stm32g4xx_hal_tim.o
                0x0800bd66                HAL_TIM_IC_CaptureCallback
 .text.HAL_TIM_PWM_PulseFinishedCallback
                0x0800bd7a       0x14 stm32g4xx_hal_tim.o
                0x0800bd7a                HAL_TIM_PWM_PulseFinishedCallback
 .text.HAL_TIM_TriggerCallback
                0x0800bd8e       0x14 stm32g4xx_hal_tim.o
                0x0800bd8e                HAL_TIM_TriggerCallback
 *fill*         0x0800bda2        0x2 
 .text.TIM_Base_SetConfig
                0x0800bda4      0x150 stm32g4xx_hal_tim.o
                0x0800bda4                TIM_Base_SetConfig
 .text.HAL_TIMEx_CommutCallback
                0x0800bef4       0x14 stm32g4xx_hal_tim_ex.o
                0x0800bef4                HAL_TIMEx_CommutCallback
 .text.HAL_TIMEx_BreakCallback
                0x0800bf08       0x14 stm32g4xx_hal_tim_ex.o
                0x0800bf08                HAL_TIMEx_BreakCallback
 .text.HAL_TIMEx_Break2Callback
                0x0800bf1c       0x14 stm32g4xx_hal_tim_ex.o
                0x0800bf1c                HAL_TIMEx_Break2Callback
 .text.HAL_TIMEx_EncoderIndexCallback
                0x0800bf30       0x14 stm32g4xx_hal_tim_ex.o
                0x0800bf30                HAL_TIMEx_EncoderIndexCallback
 .text.HAL_TIMEx_DirectionChangeCallback
                0x0800bf44       0x14 stm32g4xx_hal_tim_ex.o
                0x0800bf44                HAL_TIMEx_DirectionChangeCallback
 .text.HAL_TIMEx_IndexErrorCallback
                0x0800bf58       0x14 stm32g4xx_hal_tim_ex.o
                0x0800bf58                HAL_TIMEx_IndexErrorCallback
 .text.HAL_TIMEx_TransitionErrorCallback
                0x0800bf6c       0x14 stm32g4xx_hal_tim_ex.o
                0x0800bf6c                HAL_TIMEx_TransitionErrorCallback
 .text.SystemInit
                0x0800bf80       0x24 system_stm32g4xx.o
                0x0800bf80                SystemInit
 .text.Reset_Handler
                0x0800bfa4       0x50 startup_stm32g474retx.o
                0x0800bfa4                Reset_Handler
 .text.Default_Handler
                0x0800bff4        0x2 startup_stm32g474retx.o
                0x0800bff4                RTC_Alarm_IRQHandler
                0x0800bff4                EXTI2_IRQHandler
                0x0800bff4                TIM8_TRG_COM_IRQHandler
                0x0800bff4                TIM8_CC_IRQHandler
                0x0800bff4                HRTIM1_Master_IRQHandler
                0x0800bff4                SPI4_IRQHandler
                0x0800bff4                FDCAN3_IT0_IRQHandler
                0x0800bff4                TIM1_CC_IRQHandler
                0x0800bff4                HRTIM1_FLT_IRQHandler
                0x0800bff4                HRTIM1_TIMF_IRQHandler
                0x0800bff4                USB_HP_IRQHandler
                0x0800bff4                CORDIC_IRQHandler
                0x0800bff4                HRTIM1_TIMD_IRQHandler
                0x0800bff4                DMA2_Channel8_IRQHandler
                0x0800bff4                EXTI3_IRQHandler
                0x0800bff4                I2C3_ER_IRQHandler
                0x0800bff4                EXTI0_IRQHandler
                0x0800bff4                I2C2_EV_IRQHandler
                0x0800bff4                FPU_IRQHandler
                0x0800bff4                FDCAN1_IT1_IRQHandler
                0x0800bff4                TIM1_UP_TIM16_IRQHandler
                0x0800bff4                HRTIM1_TIME_IRQHandler
                0x0800bff4                SPI1_IRQHandler
                0x0800bff4                TIM6_DAC_IRQHandler
                0x0800bff4                HRTIM1_TIMC_IRQHandler
                0x0800bff4                TIM8_UP_IRQHandler
                0x0800bff4                DMA2_Channel2_IRQHandler
                0x0800bff4                DMA1_Channel4_IRQHandler
                0x0800bff4                TIM20_TRG_COM_IRQHandler
                0x0800bff4                USART3_IRQHandler
                0x0800bff4                DMA1_Channel7_IRQHandler
                0x0800bff4                UART5_IRQHandler
                0x0800bff4                ADC3_IRQHandler
                0x0800bff4                TIM4_IRQHandler
                0x0800bff4                DMA2_Channel1_IRQHandler
                0x0800bff4                QUADSPI_IRQHandler
                0x0800bff4                I2C1_EV_IRQHandler
                0x0800bff4                DMA1_Channel6_IRQHandler
                0x0800bff4                UART4_IRQHandler
                0x0800bff4                DMA2_Channel4_IRQHandler
                0x0800bff4                TIM3_IRQHandler
                0x0800bff4                RCC_IRQHandler
                0x0800bff4                TIM20_UP_IRQHandler
                0x0800bff4                Default_Handler
                0x0800bff4                DMA2_Channel7_IRQHandler
                0x0800bff4                RTC_TAMP_LSECSS_IRQHandler
                0x0800bff4                FMAC_IRQHandler
                0x0800bff4                DMA1_Channel8_IRQHandler
                0x0800bff4                HRTIM1_TIMA_IRQHandler
                0x0800bff4                TIM7_DAC_IRQHandler
                0x0800bff4                FDCAN3_IT1_IRQHandler
                0x0800bff4                TIM5_IRQHandler
                0x0800bff4                UCPD1_IRQHandler
                0x0800bff4                I2C3_EV_IRQHandler
                0x0800bff4                EXTI9_5_IRQHandler
                0x0800bff4                RTC_WKUP_IRQHandler
                0x0800bff4                PVD_PVM_IRQHandler
                0x0800bff4                SPI2_IRQHandler
                0x0800bff4                ADC5_IRQHandler
                0x0800bff4                DMA2_Channel5_IRQHandler
                0x0800bff4                CRS_IRQHandler
                0x0800bff4                DMA1_Channel5_IRQHandler
                0x0800bff4                USB_LP_IRQHandler
                0x0800bff4                EXTI4_IRQHandler
                0x0800bff4                RNG_IRQHandler
                0x0800bff4                HRTIM1_TIMB_IRQHandler
                0x0800bff4                TIM1_TRG_COM_TIM17_IRQHandler
                0x0800bff4                FDCAN2_IT1_IRQHandler
                0x0800bff4                DMA1_Channel3_IRQHandler
                0x0800bff4                ADC4_IRQHandler
                0x0800bff4                WWDG_IRQHandler
                0x0800bff4                I2C4_EV_IRQHandler
                0x0800bff4                FDCAN2_IT0_IRQHandler
                0x0800bff4                DMA2_Channel6_IRQHandler
                0x0800bff4                FDCAN1_IT0_IRQHandler
                0x0800bff4                COMP7_IRQHandler
                0x0800bff4                COMP1_2_3_IRQHandler
                0x0800bff4                EXTI1_IRQHandler
                0x0800bff4                USART2_IRQHandler
                0x0800bff4                COMP4_5_6_IRQHandler
                0x0800bff4                TIM20_BRK_IRQHandler
                0x0800bff4                I2C2_ER_IRQHandler
                0x0800bff4                DMA1_Channel2_IRQHandler
                0x0800bff4                TIM8_BRK_IRQHandler
                0x0800bff4                FLASH_IRQHandler
                0x0800bff4                TIM20_CC_IRQHandler
                0x0800bff4                USART1_IRQHandler
                0x0800bff4                SPI3_IRQHandler
                0x0800bff4                I2C1_ER_IRQHandler
                0x0800bff4                FMC_IRQHandler
                0x0800bff4                LPTIM1_IRQHandler
                0x0800bff4                DMAMUX_OVR_IRQHandler
                0x0800bff4                I2C4_ER_IRQHandler
                0x0800bff4                USBWakeUp_IRQHandler
                0x0800bff4                SAI1_IRQHandler
                0x0800bff4                DMA2_Channel3_IRQHandler
                0x0800bff4                TIM1_BRK_TIM15_IRQHandler
 *fill*         0x0800bff6        0x2 
 .text.fmod     0x0800bff8       0x6c C:/ProgramData/MATLAB/SupportPackages/R2024b/3P.instrset/gnuarm-armcortex.instrset/win/bin/../lib/gcc/arm-none-eabi/13.2.1/thumb/v7e-m+fp/hard\libm.a(libm_a-w_fmod.o)
                0x0800bff8                fmod
 .text.__ieee754_fmod
                0x0800c064      0x30c C:/ProgramData/MATLAB/SupportPackages/R2024b/3P.instrset/gnuarm-armcortex.instrset/win/bin/../lib/gcc/arm-none-eabi/13.2.1/thumb/v7e-m+fp/hard\libm.a(libm_a-e_fmod.o)
                0x0800c064                __ieee754_fmod
 .text.__udivmoddi4
                0x0800c370      0x2bc C:/ProgramData/MATLAB/SupportPackages/R2024b/3P.instrset/gnuarm-armcortex.instrset/win/bin/../lib/gcc/arm-none-eabi/13.2.1/thumb/v7e-m+fp/hard\libgcc.a(_udivmoddi4.o)
                0x0800c370                __udivmoddi4
 .text.memset   0x0800c62c       0x10 C:/ProgramData/MATLAB/SupportPackages/R2024b/3P.instrset/gnuarm-armcortex.instrset/win/bin/../lib/gcc/arm-none-eabi/13.2.1/thumb/v7e-m+fp/hard\libg_nano.a(libc_a-memset.o)
                0x0800c62c                memset
 .text.__errno  0x0800c63c        0xc C:/ProgramData/MATLAB/SupportPackages/R2024b/3P.instrset/gnuarm-armcortex.instrset/win/bin/../lib/gcc/arm-none-eabi/13.2.1/thumb/v7e-m+fp/hard\libg_nano.a(libc_a-errno.o)
                0x0800c63c                __errno
 .text.__libc_init_array
                0x0800c648       0x48 C:/ProgramData/MATLAB/SupportPackages/R2024b/3P.instrset/gnuarm-armcortex.instrset/win/bin/../lib/gcc/arm-none-eabi/13.2.1/thumb/v7e-m+fp/hard\libg_nano.a(libc_a-init.o)
                0x0800c648                __libc_init_array
 .text.memcpy   0x0800c690       0x1c C:/ProgramData/MATLAB/SupportPackages/R2024b/3P.instrset/gnuarm-armcortex.instrset/win/bin/../lib/gcc/arm-none-eabi/13.2.1/thumb/v7e-m+fp/hard\libg_nano.a(libc_a-memcpy-stub.o)
                0x0800c690                memcpy
 *(.glue_7)
 .glue_7        0x0800c6ac        0x0 linker stubs
 *(.glue_7t)
 .glue_7t       0x0800c6ac        0x0 linker stubs
 *(.eh_frame)
 .eh_frame      0x0800c6ac        0x0 C:/ProgramData/MATLAB/SupportPackages/R2024b/3P.instrset/gnuarm-armcortex.instrset/win/bin/../lib/gcc/arm-none-eabi/13.2.1/thumb/v7e-m+fp/hard/crtbegin.o
 *(.init)
 .init          0x0800c6ac        0x4 C:/ProgramData/MATLAB/SupportPackages/R2024b/3P.instrset/gnuarm-armcortex.instrset/win/bin/../lib/gcc/arm-none-eabi/13.2.1/thumb/v7e-m+fp/hard/crti.o
                0x0800c6ac                _init
 .init          0x0800c6b0        0x8 C:/ProgramData/MATLAB/SupportPackages/R2024b/3P.instrset/gnuarm-armcortex.instrset/win/bin/../lib/gcc/arm-none-eabi/13.2.1/thumb/v7e-m+fp/hard/crtn.o
 *(.fini)
 .fini          0x0800c6b8        0x4 C:/ProgramData/MATLAB/SupportPackages/R2024b/3P.instrset/gnuarm-armcortex.instrset/win/bin/../lib/gcc/arm-none-eabi/13.2.1/thumb/v7e-m+fp/hard/crti.o
                0x0800c6b8                _fini
 .fini          0x0800c6bc        0x8 C:/ProgramData/MATLAB/SupportPackages/R2024b/3P.instrset/gnuarm-armcortex.instrset/win/bin/../lib/gcc/arm-none-eabi/13.2.1/thumb/v7e-m+fp/hard/crtn.o
                0x0800c6c4                        . = ALIGN (0x4)
                0x0800c6c4                        _etext = .

.vfp11_veneer   0x0800c6c4        0x0
 .vfp11_veneer  0x0800c6c4        0x0 linker stubs

.v4_bx          0x0800c6c4        0x0
 .v4_bx         0x0800c6c4        0x0 linker stubs

.iplt           0x0800c6c4        0x0
 .iplt          0x0800c6c4        0x0 C:/ProgramData/MATLAB/SupportPackages/R2024b/3P.instrset/gnuarm-armcortex.instrset/win/bin/../lib/gcc/arm-none-eabi/13.2.1/thumb/v7e-m+fp/hard/crtbegin.o

.rodata         0x0800c6c8     0x29f0
                0x0800c6c8                        . = ALIGN (0x4)
 *(.rodata)
 .rodata        0x0800c6c8      0x2b9 xcp_ext_mode.o
 *fill*         0x0800c981        0x3 
 .rodata        0x0800c984      0x12e xcp_ext_common.o
 *fill*         0x0800cab2        0x2 
 .rodata        0x0800cab4       0x4c xcp_ext_classic_trigger.o
 .rodata        0x0800cb00      0x278 xcp.o
 .rodata        0x0800cd78      0x3a9 xcp_standard.o
 *fill*         0x0800d121        0x3 
 .rodata        0x0800d124     0x1010 xcp_daq.o
 .rodata        0x0800e134       0xdd xcp_calibration.o
 *fill*         0x0800e211        0x3 
 .rodata        0x0800e214      0x56e xcp_transport.o
 *fill*         0x0800e782        0x2 
 .rodata        0x0800e784       0xf5 xcp_mem_default.o
 *fill*         0x0800e879        0x3 
 .rodata        0x0800e87c      0x228 xcp_drv_rtiostream.o
 .rodata        0x0800eaa4      0x4aa xcp_frame_serial.o
 *(.rodata*)
 *fill*         0x0800ef4e        0x2 
 .rodata.BasicKit_M
                0x0800ef50        0x4 BasicKit.o
                0x0800ef50                BasicKit_M
 .rodata.rtAlwaysEnabled.0
                0x0800ef54        0x1 BasicKit.o
 *fill*         0x0800ef55        0x3 
 .rodata.standardSupportedRxPacket
                0x0800ef58       0x54 xcp_standard.o
 .rodata.daqSupportedRxPacket
                0x0800efac       0x9c xcp_daq.o
 .rodata.calibrationSupportedRxPacket
                0x0800f048       0x18 xcp_calibration.o
 .rodata.CHANNEL_OFFSET_TAB
                0x0800f060        0x8 stm_usart.o
 .rodata.CHANNEL_OFFSET_TAB
                0x0800f068        0x8 stm_lpuart.o
 .rodata.CHANNEL_OFFSET_TAB
                0x0800f070        0x8 main.o
 .rodata.LPUART_PRESCALER_TAB
                0x0800f078       0x18 stm32g4xx_ll_lpuart.o
 .rodata.AHBPrescTable
                0x0800f090       0x10 system_stm32g4xx.o
                0x0800f090                AHBPrescTable
 .rodata.APBPrescTable
                0x0800f0a0        0x8 system_stm32g4xx.o
                0x0800f0a0                APBPrescTable
 .rodata.Zero   0x0800f0a8       0x10 C:/ProgramData/MATLAB/SupportPackages/R2024b/3P.instrset/gnuarm-armcortex.instrset/win/bin/../lib/gcc/arm-none-eabi/13.2.1/thumb/v7e-m+fp/hard\libm.a(libm_a-e_fmod.o)
                0x0800f0b8                        . = ALIGN (0x4)

.ARM.extab      0x0800f0b8        0x0
                0x0800f0b8                        . = ALIGN (0x4)
 *(.ARM.extab* .gnu.linkonce.armextab.*)
                0x0800f0b8                        . = ALIGN (0x4)

.ARM            0x0800f0b8        0x8
                0x0800f0b8                        . = ALIGN (0x4)
                0x0800f0b8                        __exidx_start = .
 *(.ARM.exidx*)
 .ARM.exidx.text.__udivmoddi4
                0x0800f0b8        0x8 C:/ProgramData/MATLAB/SupportPackages/R2024b/3P.instrset/gnuarm-armcortex.instrset/win/bin/../lib/gcc/arm-none-eabi/13.2.1/thumb/v7e-m+fp/hard\libgcc.a(_udivmoddi4.o)
                0x0800f0c0                        __exidx_end = .
                0x0800f0c0                        . = ALIGN (0x4)

.preinit_array  0x0800f0c0        0x0
                0x0800f0c0                        . = ALIGN (0x4)
                0x0800f0c0                        PROVIDE (__preinit_array_start = .)
 *(.preinit_array*)
                0x0800f0c0                        PROVIDE (__preinit_array_end = .)
                0x0800f0c0                        . = ALIGN (0x4)

.init_array     0x0800f0c0        0x4
                0x0800f0c0                        . = ALIGN (0x4)
                0x0800f0c0                        PROVIDE (__init_array_start = .)
 *(SORT_BY_NAME(.init_array.*))
 *(.init_array*)
 .init_array    0x0800f0c0        0x4 C:/ProgramData/MATLAB/SupportPackages/R2024b/3P.instrset/gnuarm-armcortex.instrset/win/bin/../lib/gcc/arm-none-eabi/13.2.1/thumb/v7e-m+fp/hard/crtbegin.o
                0x0800f0c4                        PROVIDE (__init_array_end = .)
                0x0800f0c4                        . = ALIGN (0x4)

.fini_array     0x0800f0c4        0x4
                0x0800f0c4                        . = ALIGN (0x4)
                [!provide]                        PROVIDE (__fini_array_start = .)
 *(SORT_BY_NAME(.fini_array.*))
 *(.fini_array*)
 .fini_array    0x0800f0c4        0x4 C:/ProgramData/MATLAB/SupportPackages/R2024b/3P.instrset/gnuarm-armcortex.instrset/win/bin/../lib/gcc/arm-none-eabi/13.2.1/thumb/v7e-m+fp/hard/crtbegin.o
                [!provide]                        PROVIDE (__fini_array_end = .)
                0x0800f0c8                        . = ALIGN (0x4)
                0x0800f0c8                        _sidata = LOADADDR (.data)

.rel.dyn        0x0800f0c8        0x0
 .rel.iplt      0x0800f0c8        0x0 C:/ProgramData/MATLAB/SupportPackages/R2024b/3P.instrset/gnuarm-armcortex.instrset/win/bin/../lib/gcc/arm-none-eabi/13.2.1/thumb/v7e-m+fp/hard/crtbegin.o

.data           0x20000000       0xe4 load address 0x0800f0c8
                0x20000000                        . = ALIGN (0x4)
                0x20000000                        _sdata = .
 *(.data)
 *(.data*)
 .data.xcpExtmodeFinalSimulationTime
                0x20000000        0x8 xcp_ext_common.o
                0x20000000                xcpExtmodeFinalSimulationTime
 .data.xcpClassicTriggerDuration
                0x20000008        0x4 xcp_ext_classic_trigger.o
                0x20000008                xcpClassicTriggerDuration
 .data.xcpClassicTriggerArmRequest
                0x2000000c        0x1 xcp_ext_classic_trigger.o
                0x2000000c                xcpClassicTriggerArmRequest
 *fill*         0x2000000d        0x3 
 .data.startStopDaqListId
                0x20000010        0x4 xcp_daq.o
 .data.xcpCurrentDaq
                0x20000014        0x4 xcp_daq.o
 .data.xcpEventCustomMemoryManager
                0x20000018        0xc xcp_daq.o
 .data.xcpCtoReservedMemPoolId
                0x20000024        0x4 xcp_transport.o
 .data.xcpMemMainBlockSizes
                0x20000028        0xc xcp_mem_default.o
 .data.xcpMemMainBlocksNumber
                0x20000034        0xc xcp_mem_default.o
 .data.drvID    0x20000040        0x4 xcp_drv_rtiostream.o
 .data.xcpCtoReservedMemPoolId
                0x20000044        0x4 xcp_frame_serial.o
 .data.uartObj  0x20000048       0x40 rtiostream_serial.o
                0x20000048                uartObj
 .data.uwTickPrio
                0x20000088        0x4 stm32g4xx_hal.o
                0x20000088                uwTickPrio
 .data.uwTickFreq
                0x2000008c        0x4 stm32g4xx_hal.o
                0x2000008c                uwTickFreq
 .data.SystemCoreClock
                0x20000090        0x4 system_stm32g4xx.o
                0x20000090                SystemCoreClock
 .data._impure_ptr
                0x20000094        0x4 C:/ProgramData/MATLAB/SupportPackages/R2024b/3P.instrset/gnuarm-armcortex.instrset/win/bin/../lib/gcc/arm-none-eabi/13.2.1/thumb/v7e-m+fp/hard\libg_nano.a(libc_a-impure.o)
                0x20000094                _impure_ptr
 .data._impure_data
                0x20000098       0x4c C:/ProgramData/MATLAB/SupportPackages/R2024b/3P.instrset/gnuarm-armcortex.instrset/win/bin/../lib/gcc/arm-none-eabi/13.2.1/thumb/v7e-m+fp/hard\libg_nano.a(libc_a-impure.o)
                0x20000098                _impure_data
 *(.RamFunc)
 *(.RamFunc*)
                0x200000e4                        . = ALIGN (0x4)
                0x200000e4                        _edata = .

.tm_clone_table
                0x200000e4        0x0 load address 0x0800f1ac
 .tm_clone_table
                0x200000e4        0x0 C:/ProgramData/MATLAB/SupportPackages/R2024b/3P.instrset/gnuarm-armcortex.instrset/win/bin/../lib/gcc/arm-none-eabi/13.2.1/thumb/v7e-m+fp/hard/crtbegin.o
 .tm_clone_table
                0x200000e4        0x0 C:/ProgramData/MATLAB/SupportPackages/R2024b/3P.instrset/gnuarm-armcortex.instrset/win/bin/../lib/gcc/arm-none-eabi/13.2.1/thumb/v7e-m+fp/hard/crtend.o

.igot.plt       0x200000e4        0x0 load address 0x0800f1ac
 .igot.plt      0x200000e4        0x0 C:/ProgramData/MATLAB/SupportPackages/R2024b/3P.instrset/gnuarm-armcortex.instrset/win/bin/../lib/gcc/arm-none-eabi/13.2.1/thumb/v7e-m+fp/hard/crtbegin.o
                0x200000e4                        . = ALIGN (0x4)

.bss            0x200000e8     0x1024 load address 0x0800f1ac
                0x200000e8                        _sbss = .
                0x200000e8                        __bss_start__ = _sbss
 *(.bss)
 *(.bss*)
 .bss.completed.1
                0x200000e8        0x1 C:/ProgramData/MATLAB/SupportPackages/R2024b/3P.instrset/gnuarm-armcortex.instrset/win/bin/../lib/gcc/arm-none-eabi/13.2.1/thumb/v7e-m+fp/hard/crtbegin.o
 *fill*         0x200000e9        0x3 
 .bss.object.0  0x200000ec       0x18 C:/ProgramData/MATLAB/SupportPackages/R2024b/3P.instrset/gnuarm-armcortex.instrset/win/bin/../lib/gcc/arm-none-eabi/13.2.1/thumb/v7e-m+fp/hard/crtbegin.o
 .bss.mw_adc1   0x20000104       0x1c stm_adc_ll.o
                0x20000104                mw_adc1
 .bss.xcpCustomTriggerFunction
                0x20000120        0x8 xcp_ext_mode.o
 .bss.BasicKit_B
                0x20000128        0x4 BasicKit.o
                0x20000128                BasicKit_B
 .bss.BasicKit_DW
                0x2000012c       0x10 BasicKit.o
                0x2000012c                BasicKit_DW
 *fill*         0x2000013c        0x4 
 .bss.BasicKit_M_
                0x20000140       0x48 BasicKit.o
 .bss.rt_ExtModeInfo.2
                0x20000188       0x14 BasicKit.o
 .bss.systemRan.1
                0x2000019c       0x14 BasicKit.o
 .bss.IsrOverrun
                0x200001b0        0x4 ert_main.o
                0x200001b0                IsrOverrun
 .bss.OverrunFlag
                0x200001b4        0x1 ert_main.o
 .bss.stopRequested
                0x200001b5        0x1 ert_main.o
                0x200001b5                stopRequested
 .bss.runModel  0x200001b6        0x1 ert_main.o
                0x200001b6                runModel
 .bss.xcpModelStartRequest
                0x200001b7        0x1 xcp_ext_common.o
                0x200001b7                xcpModelStartRequest
 .bss.xcpModelStopRequest
                0x200001b8        0x1 xcp_ext_common.o
                0x200001b8                xcpModelStopRequest
 .bss.xcpModelStatus
                0x200001b9        0x1 xcp_ext_common.o
                0x200001b9                xcpModelStatus
 *fill*         0x200001ba        0x2 
 .bss.xcpModelChecksum0
                0x200001bc        0x4 xcp_ext_common.o
                0x200001bc                xcpModelChecksum0
 .bss.xcpModelChecksum1
                0x200001c0        0x4 xcp_ext_common.o
                0x200001c0                xcpModelChecksum1
 .bss.xcpModelChecksum2
                0x200001c4        0x4 xcp_ext_common.o
                0x200001c4                xcpModelChecksum2
 .bss.xcpModelChecksum3
                0x200001c8        0x4 xcp_ext_common.o
                0x200001c8                xcpModelChecksum3
 .bss.xcpModelIntegerCode
                0x200001cc        0x4 xcp_ext_common.o
                0x200001cc                xcpModelIntegerCode
 .bss.xcpExtmodeSimulationComplete
                0x200001d0        0x1 xcp_ext_common.o
                0x200001d0                xcpExtmodeSimulationComplete
 *fill*         0x200001d1        0x7 
 .bss.xcpDummyDoubleVariable
                0x200001d8        0x8 xcp_ext_common.o
                0x200001d8                xcpDummyDoubleVariable
 .bss.xcpDummyUint64Variable
                0x200001e0        0x8 xcp_ext_common.o
                0x200001e0                xcpDummyUint64Variable
 .bss.xcpCurrentSimulationTimeInMs
                0x200001e8        0x8 xcp_ext_common.o
                0x200001e8                xcpCurrentSimulationTimeInMs
 .bss.xcpBaseRateSimulationTime
                0x200001f0        0x8 xcp_ext_common.o
 .bss.xcpClassicTriggerEventId
                0x200001f8        0x2 xcp_ext_classic_trigger.o
                0x200001f8                xcpClassicTriggerEventId
 *fill*         0x200001fa        0x2 
 .bss.xcpClassicTriggerSignalAddress
                0x200001fc        0x4 xcp_ext_classic_trigger.o
                0x200001fc                xcpClassicTriggerSignalAddress
 .bss.xcpClassicTriggerSignalAddressExtension
                0x20000200        0x1 xcp_ext_classic_trigger.o
                0x20000200                xcpClassicTriggerSignalAddressExtension
 *fill*         0x20000201        0x7 
 .bss.xcpClassicTriggerLevel
                0x20000208        0x8 xcp_ext_classic_trigger.o
                0x20000208                xcpClassicTriggerLevel
 .bss.xcpClassicTriggerHoldOff
                0x20000210        0x4 xcp_ext_classic_trigger.o
                0x20000210                xcpClassicTriggerHoldOff
 .bss.xcpClassicTriggerDelay
                0x20000214        0x4 xcp_ext_classic_trigger.o
                0x20000214                xcpClassicTriggerDelay
 .bss.xcpClassicTriggerDirection
                0x20000218        0x1 xcp_ext_classic_trigger.o
                0x20000218                xcpClassicTriggerDirection
 .bss.xcpClassicTriggerCancelRequest
                0x20000219        0x1 xcp_ext_classic_trigger.o
                0x20000219                xcpClassicTriggerCancelRequest
 .bss.xcpClassicTriggerSource
                0x2000021a        0x1 xcp_ext_classic_trigger.o
                0x2000021a                xcpClassicTriggerSource
 .bss.xcpClassicTriggerMode
                0x2000021b        0x1 xcp_ext_classic_trigger.o
                0x2000021b                xcpClassicTriggerMode
 .bss.xcpClassicTriggerStatus
                0x2000021c        0x1 xcp_ext_classic_trigger.o
                0x2000021c                xcpClassicTriggerStatus
 *fill*         0x2000021d        0x3 
 .bss.xcpOldSignalValue
                0x20000220        0x8 xcp_ext_classic_trigger.o
 .bss.xcpOldSignalValueAvailable
                0x20000228        0x1 xcp_ext_classic_trigger.o
 .bss.xcpOldClassicTriggerSource
                0x20000229        0x1 xcp_ext_classic_trigger.o
 .bss.xcpTriggerEnabled
                0x2000022a        0x1 xcp_ext_classic_trigger.o
 .bss.xcpSignalTriggerFired
                0x2000022b        0x1 xcp_ext_classic_trigger.o
 .bss.xcpTriggerCount
                0x2000022c        0x4 xcp_ext_classic_trigger.o
 .bss.xcpForcedTriggerEnabled
                0x20000230        0x1 xcp_ext_classic_trigger.o
 .bss.xcpForceTriggerEnableRequest
                0x20000231        0x1 xcp_ext_classic_trigger.o
 .bss.initialized
                0x20000232        0x1 xcp.o
 .bss.xcpStatus
                0x20000233        0x1 xcp.o
 .bss.xcpSessionStatus
                0x20000234        0x1 xcp.o
 .bss.xcpResourceProtectionStatus
                0x20000235        0x1 xcp.o
 .bss.xcpSessionConfigurationId
                0x20000236        0x2 xcp.o
 .bss.groupPacketLookup
                0x20000238       0x10 xcp.o
 .bss.xcpMta    0x20000248        0x8 xcp_standard.o
 .bss.xcpUploadSize
                0x20000250        0x1 xcp_standard.o
 *fill*         0x20000251        0x3 
 .bss.packetLookup
                0x20000254        0x4 xcp_standard.o
 .bss.xcpDynamicDaqLists
                0x20000258        0x8 xcp_daq.o
 .bss.xcpRunningEventCounter
                0x20000260        0x4 xcp_daq.o
 .bss.daqLock   0x20000264        0x4 xcp_daq.o
 .bss.packetLookup
                0x20000268        0x4 xcp_daq.o
 .bss.packetLookup
                0x2000026c        0x4 xcp_calibration.o
 .bss.txFifo    0x20000270       0x10 xcp_transport.o
 .bss.txLock    0x20000280        0x4 xcp_transport.o
 .bss.rxFifo    0x20000284        0x8 xcp_transport.o
 .bss.rxLock    0x2000028c        0x4 xcp_transport.o
 .bss.initialized
                0x20000290        0x1 xcp_transport.o
 *fill*         0x20000291        0x3 
 .bss.xcpMemPoolDescriptors
                0x20000294       0xc0 xcp_mem_default.o
 .bss.xcpMemCustomPoolDescriptors
                0x20000354        0x8 xcp_mem_default.o
 .bss.xcpMemMainChunk
                0x2000035c      0x3a7 xcp_mem_default.o
 *fill*         0x20000703        0x1 
 .bss.xcpMemReservedPoolsChunk
                0x20000704      0x409 xcp_mem_default.o
 *fill*         0x20000b0d        0x3 
 .bss.xcpMemReservedPoolsChunkUsedBytes
                0x20000b10        0x4 xcp_mem_default.o
 .bss.xcpMemLock
                0x20000b14        0x4 xcp_mem_default.o
 .bss.forceBlocking
                0x20000b18        0x1 xcp_drv_rtiostream.o
 *fill*         0x20000b19        0x1 
 .bss.txCounter
                0x20000b1a        0x2 xcp_frame_serial.o
 .bss.rxCounter
                0x20000b1c        0x2 xcp_frame_serial.o
 *fill*         0x20000b1e        0x2 
 .bss.firstRxCounterReceived
                0x20000b20        0x4 xcp_frame_serial.o
 .bss.initialized
                0x20000b24        0x1 xcp_frame_serial.o
 *fill*         0x20000b25        0x3 
 .bss.timestampInitialized
                0x20000b28        0x4 platform_timer.o
 .bss.timestampStartTime
                0x20000b2c        0x4 platform_timer.o
 .bss.schdl_counter
                0x20000b30        0x4 SysTickScheduler.o
                0x20000b30                schdl_counter
 .bss.schdl_counter_max
                0x20000b34        0x4 SysTickScheduler.o
                0x20000b34                schdl_counter_max
 .bss.taskToSchedule
                0x20000b38        0x4 m3m4m4f_multitasking.o
                0x20000b38                taskToSchedule
 .bss.mw_ext_h  0x20000b3c        0x4 rtiostream_serial.o
                0x20000b3c                mw_ext_h
 .bss.UARTRxBuffer
                0x20000b40        0x4 rtiostream_serial.o
                0x20000b40                UARTRxBuffer
 .bss.mw_lpuart1
                0x20000b44       0x40 stm_lpuart.o
                0x20000b44                mw_lpuart1
 .bss.LPUART1ReceiveBuffer
                0x20000b84      0x400 stm_lpuart.o
                0x20000b84                LPUART1ReceiveBuffer
 .bss.htim2     0x20000f84       0x4c stm32g4xx_hal_timebase_tim.o
                0x20000f84                htim2
 .bss.uwTick    0x20000fd0        0x4 stm32g4xx_hal.o
                0x20000fd0                uwTick
 .bss.__sf      0x20000fd4      0x138 C:/ProgramData/MATLAB/SupportPackages/R2024b/3P.instrset/gnuarm-armcortex.instrset/win/bin/../lib/gcc/arm-none-eabi/13.2.1/thumb/v7e-m+fp/hard\libg_nano.a(libc_a-findfp.o)
                0x20000fd4                __sf
 *(COMMON)
                0x2000110c                        . = ALIGN (0x4)
                0x2000110c                        _ebss = .
                0x2000110c                        __bss_end__ = _ebss

._user_heap_stack
                0x2000110c      0x604 load address 0x0800f1ac
                0x20001110                        . = ALIGN (0x8)
 *fill*         0x2000110c        0x4 
                [!provide]                        PROVIDE (end = .)
                0x20001110                        PROVIDE (_end = .)
                0x20001310                        . = (. + _Min_Heap_Size)
 *fill*         0x20001110      0x200 
                0x20001710                        . = (. + _Min_Stack_Size)
 *fill*         0x20001310      0x400 
                0x20001710                        . = ALIGN (0x8)

/DISCARD/
 libc.a(*)
 libm.a(*)
 libgcc.a(*)

.ARM.attributes
                0x00000000       0x30
 *(.ARM.attributes)
 .ARM.attributes
                0x00000000       0x22 C:/ProgramData/MATLAB/SupportPackages/R2024b/3P.instrset/gnuarm-armcortex.instrset/win/bin/../lib/gcc/arm-none-eabi/13.2.1/thumb/v7e-m+fp/hard/crti.o
 .ARM.attributes
                0x00000022       0x34 C:/ProgramData/MATLAB/SupportPackages/R2024b/3P.instrset/gnuarm-armcortex.instrset/win/bin/../lib/gcc/arm-none-eabi/13.2.1/thumb/v7e-m+fp/hard/crtbegin.o
 .ARM.attributes
                0x00000056       0x34 stm_adc_ll.o
 .ARM.attributes
                0x0000008a       0x34 xcp_ext_mode.o
 .ARM.attributes
                0x000000be       0x34 BasicKit.o
 .ARM.attributes
                0x000000f2       0x34 ert_main.o
 .ARM.attributes
                0x00000126       0x34 xcp_ext_common.o
 .ARM.attributes
                0x0000015a       0x34 xcp_ext_classic_trigger.o
 .ARM.attributes
                0x0000018e       0x34 xcp.o
 .ARM.attributes
                0x000001c2       0x34 xcp_standard.o
 .ARM.attributes
                0x000001f6       0x34 xcp_daq.o
 .ARM.attributes
                0x0000022a       0x34 xcp_calibration.o
 .ARM.attributes
                0x0000025e       0x34 xcp_fifo.o
 .ARM.attributes
                0x00000292       0x34 xcp_transport.o
 .ARM.attributes
                0x000002c6       0x34 xcp_mem_default.o
 .ARM.attributes
                0x000002fa       0x34 xcp_drv_rtiostream.o
 .ARM.attributes
                0x0000032e       0x34 xcp_utils.o
 .ARM.attributes
                0x00000362       0x34 xcp_frame_serial.o
 .ARM.attributes
                0x00000396       0x34 xcp_ext_param_default_serial.o
 .ARM.attributes
                0x000003ca       0x34 overrideHALDelay.o
 .ARM.attributes
                0x000003fe       0x34 platform_timer.o
 .ARM.attributes
                0x00000432       0x34 SysTickScheduler.o
 .ARM.attributes
                0x00000466       0x34 m3m4m4f_multitasking.o
 .ARM.attributes
                0x0000049a       0x34 rtiostream_serial.o
 .ARM.attributes
                0x000004ce       0x34 stm_usart.o
 .ARM.attributes
                0x00000502       0x34 stm_lpuart.o
 .ARM.attributes
                0x00000536       0x34 sys_arch.o
 .ARM.attributes
                0x0000056a       0x34 main.o
 .ARM.attributes
                0x0000059e       0x34 stm32g4xx_it.o
 .ARM.attributes
                0x000005d2       0x34 stm32g4xx_hal_msp.o
 .ARM.attributes
                0x00000606       0x34 stm32g4xx_hal_timebase_tim.o
 .ARM.attributes
                0x0000063a       0x34 stm32g4xx_ll_utils.o
 .ARM.attributes
                0x0000066e       0x34 stm32g4xx_ll_exti.o
 .ARM.attributes
                0x000006a2       0x34 stm32g4xx_ll_gpio.o
 .ARM.attributes
                0x000006d6       0x34 stm32g4xx_ll_adc.o
 .ARM.attributes
                0x0000070a       0x34 stm32g4xx_hal.o
 .ARM.attributes
                0x0000073e       0x34 stm32g4xx_hal_rcc.o
 .ARM.attributes
                0x00000772       0x34 stm32g4xx_hal_pwr_ex.o
 .ARM.attributes
                0x000007a6       0x34 stm32g4xx_hal_cortex.o
 .ARM.attributes
                0x000007da       0x34 stm32g4xx_ll_lpuart.o
 .ARM.attributes
                0x0000080e       0x34 stm32g4xx_ll_rcc.o
 .ARM.attributes
                0x00000842       0x34 stm32g4xx_hal_tim.o
 .ARM.attributes
                0x00000876       0x34 stm32g4xx_hal_tim_ex.o
 .ARM.attributes
                0x000008aa       0x34 system_stm32g4xx.o
 .ARM.attributes
                0x000008de       0x21 startup_stm32g474retx.o
 .ARM.attributes
                0x000008ff       0x34 C:/ProgramData/MATLAB/SupportPackages/R2024b/3P.instrset/gnuarm-armcortex.instrset/win/bin/../lib/gcc/arm-none-eabi/13.2.1/thumb/v7e-m+fp/hard\libm.a(libm_a-w_fmod.o)
 .ARM.attributes
                0x00000933       0x34 C:/ProgramData/MATLAB/SupportPackages/R2024b/3P.instrset/gnuarm-armcortex.instrset/win/bin/../lib/gcc/arm-none-eabi/13.2.1/thumb/v7e-m+fp/hard\libm.a(libm_a-e_fmod.o)
 .ARM.attributes
                0x00000967       0x22 C:/ProgramData/MATLAB/SupportPackages/R2024b/3P.instrset/gnuarm-armcortex.instrset/win/bin/../lib/gcc/arm-none-eabi/13.2.1/thumb/v7e-m+fp/hard\libgcc.a(_arm_addsubdf3.o)
 .ARM.attributes
                0x00000989       0x22 C:/ProgramData/MATLAB/SupportPackages/R2024b/3P.instrset/gnuarm-armcortex.instrset/win/bin/../lib/gcc/arm-none-eabi/13.2.1/thumb/v7e-m+fp/hard\libgcc.a(_arm_muldivdf3.o)
 .ARM.attributes
                0x000009ab       0x22 C:/ProgramData/MATLAB/SupportPackages/R2024b/3P.instrset/gnuarm-armcortex.instrset/win/bin/../lib/gcc/arm-none-eabi/13.2.1/thumb/v7e-m+fp/hard\libgcc.a(_arm_cmpdf2.o)
 .ARM.attributes
                0x000009cd       0x22 C:/ProgramData/MATLAB/SupportPackages/R2024b/3P.instrset/gnuarm-armcortex.instrset/win/bin/../lib/gcc/arm-none-eabi/13.2.1/thumb/v7e-m+fp/hard\libgcc.a(_arm_unorddf2.o)
 .ARM.attributes
                0x000009ef       0x22 C:/ProgramData/MATLAB/SupportPackages/R2024b/3P.instrset/gnuarm-armcortex.instrset/win/bin/../lib/gcc/arm-none-eabi/13.2.1/thumb/v7e-m+fp/hard\libgcc.a(_arm_fixunsdfsi.o)
 .ARM.attributes
                0x00000a11       0x22 C:/ProgramData/MATLAB/SupportPackages/R2024b/3P.instrset/gnuarm-armcortex.instrset/win/bin/../lib/gcc/arm-none-eabi/13.2.1/thumb/v7e-m+fp/hard\libgcc.a(_aeabi_uldivmod.o)
 .ARM.attributes
                0x00000a33       0x34 C:/ProgramData/MATLAB/SupportPackages/R2024b/3P.instrset/gnuarm-armcortex.instrset/win/bin/../lib/gcc/arm-none-eabi/13.2.1/thumb/v7e-m+fp/hard\libgcc.a(_udivmoddi4.o)
 .ARM.attributes
                0x00000a67       0x22 C:/ProgramData/MATLAB/SupportPackages/R2024b/3P.instrset/gnuarm-armcortex.instrset/win/bin/../lib/gcc/arm-none-eabi/13.2.1/thumb/v7e-m+fp/hard\libgcc.a(_dvmd_tls.o)
 .ARM.attributes
                0x00000a89       0x34 C:/ProgramData/MATLAB/SupportPackages/R2024b/3P.instrset/gnuarm-armcortex.instrset/win/bin/../lib/gcc/arm-none-eabi/13.2.1/thumb/v7e-m+fp/hard\libg_nano.a(libc_a-findfp.o)
 .ARM.attributes