C:/Users/beamk/OneDrive/All Drive/KMUTT/Teacher Assistance/TA RMX/FRA231-Robotics-Modelling-and-Experimentation-2024/Lab2.1_Example/Ex2/Src/mc_math.c:63:24:MCM_Trig_Functions	8	static
C:/Users/beamk/OneDrive/All Drive/KMUTT/Teacher Assistance/TA RMX/FRA231-Robotics-Modelling-and-Experimentation-2024/Lab2.1_Example/Ex2/Src/mc_math.c:107:16:MCM_Sqrt	0	static,ignoring_inline_asm
C:/Users/beamk/OneDrive/All Drive/KMUTT/Teacher Assistance/TA RMX/FRA231-Robotics-Modelling-and-Experimentation-2024/Lab2.1_Example/Ex2/Src/mc_math.c:142:17:MCM_floatToIntBit	8	static
