C:/Users/beamk/OneDrive/All Drive/KMUTT/Teacher Assistance/TA RMX/FRA231-Robotics-Modelling-and-Experimentation-2024/Lab2.1_Example/Ex2/Src/usart_aspep_driver.c:44:6:UASPEP_INIT	8	static,ignoring_inline_asm
C:/Users/beamk/OneDrive/All Drive/KMUTT/Teacher Assistance/TA RMX/FRA231-Robotics-Modelling-and-Experimentation-2024/Lab2.1_Example/Ex2/Src/usart_aspep_driver.c:56:6:UASPEP_TX_INIT	4	static,ignoring_inline_asm
C:/Users/beamk/OneDrive/All Drive/KMUTT/Teacher Assistance/TA RMX/FRA231-Robotics-Modelling-and-Experimentation-2024/Lab2.1_Example/Ex2/Src/usart_aspep_driver.c:93:6:UASPEP_RX_INIT	4	static,ignoring_inline_asm
C:/Users/beamk/OneDrive/All Drive/KMUTT/Teacher Assistance/TA RMX/FRA231-Robotics-Modelling-and-Experimentation-2024/Lab2.1_Example/Ex2/Src/usart_aspep_driver.c:130:6:UASPEP_CFG_TRANSMISSION	4	static
C:/Users/beamk/OneDrive/All Drive/KMUTT/Teacher Assistance/TA RMX/FRA231-Robotics-Modelling-and-Experimentation-2024/Lab2.1_Example/Ex2/Src/usart_aspep_driver.c:153:6:UASPEP_CFG_RECEPTION	8	static
C:/Users/beamk/OneDrive/All Drive/KMUTT/Teacher Assistance/TA RMX/FRA231-Robotics-Modelling-and-Experimentation-2024/Lab2.1_Example/Ex2/Src/usart_aspep_driver.c:169:6:UASPEP_IDLE_ENABLE	0	static,ignoring_inline_asm
