Archive member included to satisfy reference by file (symbol)

C:/ProgramData/MATLAB/SupportPackages/R2024b/3P.instrset/gnuarm-armcortex.instrset/win/bin/../lib/gcc/arm-none-eabi/13.2.1/thumb/v7e-m+fp/hard\libm.a(libm_a-w_fmod.o)
                              xcp_ext_common.o (fmod)
C:/ProgramData/MATLAB/SupportPackages/R2024b/3P.instrset/gnuarm-armcortex.instrset/win/bin/../lib/gcc/arm-none-eabi/13.2.1/thumb/v7e-m+fp/hard\libm.a(libm_a-s_ceil.o)
                              QEI.o (ceil)
C:/ProgramData/MATLAB/SupportPackages/R2024b/3P.instrset/gnuarm-armcortex.instrset/win/bin/../lib/gcc/arm-none-eabi/13.2.1/thumb/v7e-m+fp/hard\libm.a(libm_a-s_floor.o)
                              QEI.o (floor)
C:/ProgramData/MATLAB/SupportPackages/R2024b/3P.instrset/gnuarm-armcortex.instrset/win/bin/../lib/gcc/arm-none-eabi/13.2.1/thumb/v7e-m+fp/hard\libm.a(libm_a-e_fmod.o)
                              C:/ProgramData/MATLAB/SupportPackages/R2024b/3P.instrset/gnuarm-armcortex.instrset/win/bin/../lib/gcc/arm-none-eabi/13.2.1/thumb/v7e-m+fp/hard\libm.a(libm_a-w_fmod.o) (__ieee754_fmod)
C:/ProgramData/MATLAB/SupportPackages/R2024b/3P.instrset/gnuarm-armcortex.instrset/win/bin/../lib/gcc/arm-none-eabi/13.2.1/thumb/v7e-m+fp/hard\libgcc.a(_arm_muldf3.o)
                              QEI.o (__aeabi_dmul)
C:/ProgramData/MATLAB/SupportPackages/R2024b/3P.instrset/gnuarm-armcortex.instrset/win/bin/../lib/gcc/arm-none-eabi/13.2.1/thumb/v7e-m+fp/hard\libgcc.a(_arm_addsubdf3.o)
                              QEI.o (__aeabi_dsub)
C:/ProgramData/MATLAB/SupportPackages/R2024b/3P.instrset/gnuarm-armcortex.instrset/win/bin/../lib/gcc/arm-none-eabi/13.2.1/thumb/v7e-m+fp/hard\libgcc.a(_arm_muldivdf3.o)
                              xcp_ext_common.o (__aeabi_ddiv)
C:/ProgramData/MATLAB/SupportPackages/R2024b/3P.instrset/gnuarm-armcortex.instrset/win/bin/../lib/gcc/arm-none-eabi/13.2.1/thumb/v7e-m+fp/hard\libgcc.a(_arm_cmpdf2.o)
                              xcp_ext_mode.o (__aeabi_dcmpeq)
C:/ProgramData/MATLAB/SupportPackages/R2024b/3P.instrset/gnuarm-armcortex.instrset/win/bin/../lib/gcc/arm-none-eabi/13.2.1/thumb/v7e-m+fp/hard\libgcc.a(_arm_unorddf2.o)
                              C:/ProgramData/MATLAB/SupportPackages/R2024b/3P.instrset/gnuarm-armcortex.instrset/win/bin/../lib/gcc/arm-none-eabi/13.2.1/thumb/v7e-m+fp/hard\libm.a(libm_a-w_fmod.o) (__aeabi_dcmpun)
C:/ProgramData/MATLAB/SupportPackages/R2024b/3P.instrset/gnuarm-armcortex.instrset/win/bin/../lib/gcc/arm-none-eabi/13.2.1/thumb/v7e-m+fp/hard\libgcc.a(_arm_fixunsdfsi.o)
                              QEI.o (__aeabi_d2uiz)
C:/ProgramData/MATLAB/SupportPackages/R2024b/3P.instrset/gnuarm-armcortex.instrset/win/bin/../lib/gcc/arm-none-eabi/13.2.1/thumb/v7e-m+fp/hard\libgcc.a(_aeabi_uldivmod.o)
                              stm32g4xx_ll_lpuart.o (__aeabi_uldivmod)
C:/ProgramData/MATLAB/SupportPackages/R2024b/3P.instrset/gnuarm-armcortex.instrset/win/bin/../lib/gcc/arm-none-eabi/13.2.1/thumb/v7e-m+fp/hard\libgcc.a(_udivmoddi4.o)
                              C:/ProgramData/MATLAB/SupportPackages/R2024b/3P.instrset/gnuarm-armcortex.instrset/win/bin/../lib/gcc/arm-none-eabi/13.2.1/thumb/v7e-m+fp/hard\libgcc.a(_aeabi_uldivmod.o) (__udivmoddi4)
C:/ProgramData/MATLAB/SupportPackages/R2024b/3P.instrset/gnuarm-armcortex.instrset/win/bin/../lib/gcc/arm-none-eabi/13.2.1/thumb/v7e-m+fp/hard\libgcc.a(_dvmd_tls.o)
                              C:/ProgramData/MATLAB/SupportPackages/R2024b/3P.instrset/gnuarm-armcortex.instrset/win/bin/../lib/gcc/arm-none-eabi/13.2.1/thumb/v7e-m+fp/hard\libgcc.a(_aeabi_uldivmod.o) (__aeabi_ldiv0)
C:/ProgramData/MATLAB/SupportPackages/R2024b/3P.instrset/gnuarm-armcortex.instrset/win/bin/../lib/gcc/arm-none-eabi/13.2.1/thumb/v7e-m+fp/hard\libg_nano.a(libc_a-exit.o)
                              C:/ProgramData/MATLAB/SupportPackages/R2024b/3P.instrset/gnuarm-armcortex.instrset/win/bin/../lib/gcc/arm-none-eabi/13.2.1/thumb/v7e-m+fp/hard/crt0.o (exit)
C:/ProgramData/MATLAB/SupportPackages/R2024b/3P.instrset/gnuarm-armcortex.instrset/win/bin/../lib/gcc/arm-none-eabi/13.2.1/thumb/v7e-m+fp/hard\libg_nano.a(libc_a-findfp.o)
                              C:/ProgramData/MATLAB/SupportPackages/R2024b/3P.instrset/gnuarm-armcortex.instrset/win/bin/../lib/gcc/arm-none-eabi/13.2.1/thumb/v7e-m+fp/hard\libg_nano.a(libc_a-exit.o) (__stdio_exit_handler)
C:/ProgramData/MATLAB/SupportPackages/R2024b/3P.instrset/gnuarm-armcortex.instrset/win/bin/../lib/gcc/arm-none-eabi/13.2.1/thumb/v7e-m+fp/hard\libg_nano.a(libc_a-fwalk.o)
                              C:/ProgramData/MATLAB/SupportPackages/R2024b/3P.instrset/gnuarm-armcortex.instrset/win/bin/../lib/gcc/arm-none-eabi/13.2.1/thumb/v7e-m+fp/hard\libg_nano.a(libc_a-findfp.o) (_fwalk_sglue)
C:/ProgramData/MATLAB/SupportPackages/R2024b/3P.instrset/gnuarm-armcortex.instrset/win/bin/../lib/gcc/arm-none-eabi/13.2.1/thumb/v7e-m+fp/hard\libg_nano.a(libc_a-stdio.o)
[...]
Memory Configuration

Name             Origin             Length             Attributes
RAM              0x20000000         0x00020000         xrw
FLASH            0x08000000         0x00080000         xr
*default*        0x00000000         0xffffffff

Linker script and memory map

LOAD C:/ProgramData/MATLAB/SupportPackages/R2024b/3P.instrset/gnuarm-armcortex.instrset/win/bin/../lib/gcc/arm-none-eabi/13.2.1/thumb/v7e-m+fp/hard/crti.o
LOAD C:/ProgramData/MATLAB/SupportPackages/R2024b/3P.instrset/gnuarm-armcortex.instrset/win/bin/../lib/gcc/arm-none-eabi/13.2.1/thumb/v7e-m+fp/hard/crtbegin.o
LOAD C:/ProgramData/MATLAB/SupportPackages/R2024b/3P.instrset/gnuarm-armcortex.instrset/win/bin/../lib/gcc/arm-none-eabi/13.2.1/thumb/v7e-m+fp/hard/crt0.o
LOAD stm_timer_ll.o
LOAD xcp_ext_mode.o
LOAD QEI.o
LOAD ert_main.o
LOAD xcp_ext_common.o
LOAD xcp_ext_classic_trigger.o
LOAD xcp.o
LOAD xcp_standard.o
LOAD xcp_daq.o
LOAD xcp_calibration.o
LOAD xcp_fifo.o
LOAD xcp_transport.o
LOAD xcp_mem_default.o
LOAD xcp_drv_rtiostream.o
LOAD xcp_utils.o
LOAD xcp_frame_serial.o
LOAD xcp_ext_param_default_serial.o
LOAD overrideHALDelay.o
LOAD platform_timer.o
LOAD SysTickScheduler.o
LOAD m3m4m4f_multitasking.o
LOAD rtiostream_serial.o
LOAD stm_usart.o
LOAD stm_lpuart.o
LOAD sys_arch.o
LOAD main.o
LOAD stm32g4xx_it.o
LOAD stm32g4xx_hal_msp.o
LOAD stm32g4xx_hal_timebase_tim.o
LOAD stm32g4xx_ll_utils.o
LOAD stm32g4xx_ll_exti.o
LOAD stm32g4xx_ll_gpio.o
LOAD stm32g4xx_ll_adc.o
LOAD stm32g4xx_ll_dma.o
LOAD stm32g4xx_ll_pwr.o
LOAD stm32g4xx_hal.o
LOAD stm32g4xx_hal_rcc.o
LOAD stm32g4xx_hal_rcc_ex.o
LOAD stm32g4xx_hal_flash.o
LOAD stm32g4xx_hal_flash_ex.o
LOAD stm32g4xx_hal_flash_ramfunc.o
LOAD stm32g4xx_hal_gpio.o
LOAD stm32g4xx_hal_exti.o
LOAD stm32g4xx_hal_dma.o
LOAD stm32g4xx_hal_dma_ex.o
LOAD stm32g4xx_hal_pwr.o
LOAD stm32g4xx_hal_pwr_ex.o
LOAD stm32g4xx_hal_cortex.o
LOAD stm32g4xx_ll_lpuart.o
LOAD stm32g4xx_ll_rcc.o
LOAD stm32g4xx_hal_tim.o
LOAD stm32g4xx_hal_tim_ex.o
LOAD stm32g4xx_ll_tim.o
LOAD system_stm32g4xx.o
LOAD syscalls.o
LOAD sysmem.o
LOAD startup_stm32g474retx.o
LOAD C:/ProgramData/MATLAB/SupportPackages/R2024b/3P.instrset/cmsis_dsp.instrset/Lib/GCC/arm_cortexm4ldfsp_math/libCMSISDSP.a
LOAD C:/ProgramData/MATLAB/SupportPackages/R2024b/toolbox/shared/supportpackages/stm32/lib/GCC/libmw_pdmfilter_m4_spfp.lib
LOAD C:/ProgramData/MATLAB/SupportPackages/R2024b/3P.instrset/gnuarm-armcortex.instrset/win/bin/../lib/gcc/arm-none-eabi/13.2.1/thumb/v7e-m+fp/hard\libstdc++_nano.a
LOAD C:/ProgramData/MATLAB/SupportPackages/R2024b/3P.instrset/gnuarm-armcortex.instrset/win/bin/../lib/gcc/arm-none-eabi/13.2.1/thumb/v7e-m+fp/hard\libm.a
START GROUP
LOAD C:/ProgramData/MATLAB/SupportPackages/R2024b/3P.instrset/gnuarm-armcortex.instrset/win/bin/../lib/gcc/arm-none-eabi/13.2.1/thumb/v7e-m+fp/hard\libgcc.a
LOAD C:/ProgramData/MATLAB/SupportPackages/R2024b/3P.instrset/gnuarm-armcortex.instrset/win/bin/../lib/gcc/arm-none-eabi/13.2.1/thumb/v7e-m+fp/hard\libg_nano.a
LOAD C:/ProgramData/MATLAB/SupportPackages/R2024b/3P.instrset/gnuarm-armcortex.instrset/win/bin/../lib/gcc/arm-none-eabi/13.2.1/thumb/v7e-m+fp/hard\libc_nano.a
END GROUP
START GROUP
LOAD C:/ProgramData/MATLAB/SupportPackages/R2024b/3P.instrset/gnuarm-armcortex.instrset/win/bin/../lib/gcc/arm-none-eabi/13.2.1/thumb/v7e-m+fp/hard\libgcc.a
LOAD C:/ProgramData/MATLAB/SupportPackages/R2024b/3P.instrset/gnuarm-armcortex.instrset/win/bin/../lib/gcc/arm-none-eabi/13.2.1/thumb/v7e-m+fp/hard\libc_nano.a
LOAD C:/ProgramData/MATLAB/SupportPackages/R2024b/3P.instrset/gnuarm-armcortex.instrset/win/bin/../lib/gcc/arm-none-eabi/13.2.1/thumb/v7e-m+fp/hard\libnosys.a
END GROUP
START GROUP
LOAD C:/ProgramData/MATLAB/SupportPackages/R2024b/3P.instrset/gnuarm-armcortex.instrset/win/bin/../lib/gcc/arm-none-eabi/13.2.1/thumb/v7e-m+fp/hard\libgcc.a
LOAD C:/ProgramData/MATLAB/SupportPackages/R2024b/3P.instrset/gnuarm-armcortex.instrset/win/bin/../lib/gcc/arm-none-eabi/13.2.1/thumb/v7e-m+fp/hard\libc_nano.a
LOAD C:/ProgramData/MATLAB/SupportPackages/R2024b/3P.instrset/gnuarm-armcortex.instrset/win/bin/../lib/gcc/arm-none-eabi/13.2.1/thumb/v7e-m+fp/hard\libnosys.a
END GROUP
LOAD C:/ProgramData/MATLAB/SupportPackages/R2024b/3P.instrset/gnuarm-armcortex.instrset/win/bin/../lib/gcc/arm-none-eabi/13.2.1/thumb/v7e-m+fp/hard/crtend.o
LOAD C:/ProgramData/MATLAB/SupportPackages/R2024b/3P.instrset/gnuarm-armcortex.instrset/win/bin/../lib/gcc/arm-none-eabi/13.2.1/thumb/v7e-m+fp/hard/crtn.o
                0x20020000                        _estack = (ORIGIN (RAM) + LENGTH (RAM))
                0x00000200                        _Min_Heap_Size = 0x200
                0x00000400                        _Min_Stack_Size = 0x400

.isr_vector     0x08000000      0x1d8
                0x08000000                        . = ALIGN (0x4)
 *(.isr_vector)
 .isr_vector    0x08000000      0x1d8 startup_stm32g474retx.o
                0x08000000                g_pfnVectors
                0x080001d8                        . = ALIGN (0x4)

.text           0x080001d8     0xe040
                0x080001d8                        . = ALIGN (0x4)
 *(.text)
 .text          0x080001d8      0x378 C:/ProgramData/MATLAB/SupportPackages/R2024b/3P.instrset/gnuarm-armcortex.instrset/win/bin/../lib/gcc/arm-none-eabi/13.2.1/thumb/v7e-m+fp/hard\libgcc.a(_arm_addsubdf3.o)
                0x080001d8                __aeabi_drsub
                0x080001e0                __aeabi_dsub
                0x080001e0                __subdf3
                0x080001e4                __aeabi_dadd
                0x080001e4                __adddf3
                0x0800045c                __floatunsidf
                0x0800045c                __aeabi_ui2d
                0x0800047c                __floatsidf
                0x0800047c                __aeabi_i2d
                0x080004a0                __aeabi_f2d
                0x080004a0                __extendsfdf2
                0x080004e4                __floatundidf
                0x080004e4                __aeabi_ul2d
                0x080004f4                __floatdidf
                0x080004f4                __aeabi_l2d
 .text          0x08000550      0x424 C:/ProgramData/MATLAB/SupportPackages/R2024b/3P.instrset/gnuarm-armcortex.instrset/win/bin/../lib/gcc/arm-none-eabi/13.2.1/thumb/v7e-m+fp/hard\libgcc.a(_arm_muldivdf3.o)
                0x08000550                __aeabi_dmul
                0x08000550                __muldf3
                0x080007a4                __divdf3
                0x080007a4                __aeabi_ddiv
 .text          0x08000974      0x110 C:/ProgramData/MATLAB/SupportPackages/R2024b/3P.instrset/gnuarm-armcortex.instrset/win/bin/../lib/gcc/arm-none-eabi/13.2.1/thumb/v7e-m+fp/hard\libgcc.a(_arm_cmpdf2.o)
                0x08000974                __gtdf2
                0x08000974                __gedf2
                0x0800097c                __ltdf2
                0x0800097c                __ledf2
                0x08000984                __nedf2
                0x08000984                __eqdf2
                0x08000984                __cmpdf2
                0x08000a00                __aeabi_cdrcmple
                0x08000a10                __aeabi_cdcmpeq
                0x08000a10                __aeabi_cdcmple
                0x08000a20                __aeabi_dcmpeq
                0x08000a34                __aeabi_dcmplt
                0x08000a48                __aeabi_dcmple
                0x08000a5c                __aeabi_dcmpge
                0x08000a70                __aeabi_dcmpgt
 .text          0x08000a84       0x2c C:/ProgramData/MATLAB/SupportPackages/R2024b/3P.instrset/gnuarm-armcortex.instrset/win/bin/../lib/gcc/arm-none-eabi/13.2.1/thumb/v7e-m+fp/hard\libgcc.a(_arm_unorddf2.o)
                0x08000a84                __unorddf2
                0x08000a84                __aeabi_dcmpun
 .text          0x08000ab0       0x40 C:/ProgramData/MATLAB/SupportPackages/R2024b/3P.instrset/gnuarm-armcortex.instrset/win/bin/../lib/gcc/arm-none-eabi/13.2.1/thumb/v7e-m+fp/hard\libgcc.a(_arm_fixunsdfsi.o)
                0x08000ab0                __aeabi_d2uiz
                0x08000ab0                __fixunsdfsi
 .text          0x08000af0       0x30 C:/ProgramData/MATLAB/SupportPackages/R2024b/3P.instrset/gnuarm-armcortex.instrset/win/bin/../lib/gcc/arm-none-eabi/13.2.1/thumb/v7e-m+fp/hard\libgcc.a(_aeabi_uldivmod.o)
                0x08000af0                __aeabi_uldivmod
 .text          0x08000b20        0x4 C:/ProgramData/MATLAB/SupportPackages/R2024b/3P.instrset/gnuarm-armcortex.instrset/win/bin/../lib/gcc/arm-none-eabi/13.2.1/thumb/v7e-m+fp/hard\libgcc.a(_dvmd_tls.o)
                0x08000b20                __aeabi_idiv0
                0x08000b20                __aeabi_ldiv0
 *(.text*)
 .text.deregister_tm_clones
                0x08000b24       0x1c C:/ProgramData/MATLAB/SupportPackages/R2024b/3P.instrset/gnuarm-armcortex.instrset/win/bin/../lib/gcc/arm-none-eabi/13.2.1/thumb/v7e-m+fp/hard/crtbegin.o
 .text.register_tm_clones
                0x08000b40       0x24 C:/ProgramData/MATLAB/SupportPackages/R2024b/3P.instrset/gnuarm-armcortex.instrset/win/bin/../lib/gcc/arm-none-eabi/13.2.1/thumb/v7e-m+fp/hard/crtbegin.o
 .text.__do_global_dtors_aux
                0x08000b64       0x28 C:/ProgramData/MATLAB/SupportPackages/R2024b/3P.instrset/gnuarm-armcortex.instrset/win/bin/../lib/gcc/arm-none-eabi/13.2.1/thumb/v7e-m+fp/hard/crtbegin.o
 .text.frame_dummy
                0x08000b8c       0x24 C:/ProgramData/MATLAB/SupportPackages/R2024b/3P.instrset/gnuarm-armcortex.instrset/win/bin/../lib/gcc/arm-none-eabi/13.2.1/thumb/v7e-m+fp/hard/crtbegin.o
 .text.LL_TIM_GetCounterMode
                0x08000bb0       0x30 stm_timer_ll.o
 .text.LL_TIM_GetCounter
                0x08000be0       0x18 stm_timer_ll.o
 .text.LL_TIM_GetRepetitionCounter
                0x08000bf8       0x18 stm_timer_ll.o
 .text.LL_TIM_CC_EnableChannel
                0x08000c10       0x22 stm_timer_ll.o
 .text.LL_TIM_CC_DisableChannel
                0x08000c32       0x24 stm_timer_ll.o
 .text.LL_TIM_EnableAllOutputs
                0x08000c56       0x20 stm_timer_ll.o
 .text.LL_TIM_IsActiveFlag_IDX
                0x08000c76       0x28 stm_timer_ll.o
 .text.LL_TIM_EnableIT_UPDATE
                0x08000c9e       0x20 stm_timer_ll.o
 .text.LL_TIM_DisableIT_UPDATE
                0x08000cbe       0x20 stm_timer_ll.o
 .text.LL_TIM_IsEnabledIT_UPDATE
                0x08000cde       0x26 stm_timer_ll.o
 .text.LL_TIM_EnableIT_CC1
                0x08000d04       0x20 stm_timer_ll.o
 .text.LL_TIM_DisableIT_CC1
                0x08000d24       0x20 stm_timer_ll.o
 .text.LL_TIM_IsEnabledIT_CC1
                0x08000d44       0x26 stm_timer_ll.o
 .text.LL_TIM_EnableIT_CC2
                0x08000d6a       0x20 stm_timer_ll.o
 .text.LL_TIM_DisableIT_CC2
                0x08000d8a       0x20 stm_timer_ll.o
 .text.LL_TIM_IsEnabledIT_CC2
                0x08000daa       0x26 stm_timer_ll.o
 .text.LL_TIM_EnableIT_CC3
                0x08000dd0       0x20 stm_timer_ll.o
 .text.LL_TIM_DisableIT_CC3
                0x08000df0       0x20 stm_timer_ll.o
 .text.LL_TIM_IsEnabledIT_CC3
                0x08000e10       0x26 stm_timer_ll.o
 .text.LL_TIM_EnableIT_CC4
                0x08000e36       0x20 stm_timer_ll.o
 .text.LL_TIM_DisableIT_CC4
                0x08000e56       0x20 stm_timer_ll.o
 .text.LL_TIM_IsEnabledIT_CC4
                0x08000e76       0x26 stm_timer_ll.o
 .text.LL_TIM_EnableIT_COM
                0x08000e9c       0x20 stm_timer_ll.o
 .text.LL_TIM_DisableIT_COM
                0x08000ebc       0x20 stm_timer_ll.o
 .text.LL_TIM_IsEnabledIT_COM
                0x08000edc       0x26 stm_timer_ll.o
 .text.LL_TIM_EnableIT_TRIG
                0x08000f02       0x20 stm_timer_ll.o
 .text.LL_TIM_DisableIT_TRIG
                0x08000f22       0x20 stm_timer_ll.o
 .text.LL_TIM_IsEnabledIT_TRIG
                0x08000f42       0x26 stm_timer_ll.o
 .text.LL_TIM_EnableIT_BRK
                0x08000f68       0x20 stm_timer_ll.o
 .text.LL_TIM_DisableIT_BRK
                0x08000f88       0x20 stm_timer_ll.o
 .text.LL_TIM_IsEnabledIT_BRK
                0x08000fa8       0x26 stm_timer_ll.o
 .text.LL_TIM_EnableIT_TERR
                0x08000fce       0x20 stm_timer_ll.o
 .text.LL_TIM_DisableIT_TERR
                0x08000fee       0x20 stm_timer_ll.o
 .text.LL_TIM_IsEnabledIT_TERR
                0x0800100e       0x28 stm_timer_ll.o
 .text.LL_TIM_EnableIT_IERR
                0x08001036       0x20 stm_timer_ll.o
 .text.LL_TIM_DisableIT_IERR
                0x08001056       0x20 stm_timer_ll.o
 .text.LL_TIM_IsEnabledIT_IERR
                0x08001076       0x28 stm_timer_ll.o
 .text.LL_TIM_EnableIT_DIR
                0x0800109e       0x20 stm_timer_ll.o
 .text.LL_TIM_DisableIT_DIR
                0x080010be       0x20 stm_timer_ll.o
 .text.LL_TIM_IsEnabledIT_DIR
                0x080010de       0x28 stm_timer_ll.o
 .text.LL_TIM_EnableIT_IDX
                0x08001106       0x20 stm_timer_ll.o
 .text.LL_TIM_DisableIT_IDX
                0x08001126       0x20 stm_timer_ll.o
 .text.LL_TIM_IsEnabledIT_IDX
                0x08001146       0x28 stm_timer_ll.o
 .text.TIM_IsActiveFlagIDX
                0x0800116e       0x34 stm_timer_ll.o
                0x0800116e                TIM_IsActiveFlagIDX
 .text.enableTimerInterrupts
                0x080011a2      0x1c4 stm_timer_ll.o
                0x080011a2                enableTimerInterrupts
 .text.disableTimerInterrupts
                0x08001366      0x1c4 stm_timer_ll.o
                0x08001366                disableTimerInterrupts
 *fill*         0x0800152a        0x2 
 .text.enableTimerChannel1
                0x0800152c       0xb0 stm_timer_ll.o
                0x0800152c                enableTimerChannel1
 .text.disableTimerChannel1
                0x080015dc       0xb0 stm_timer_ll.o
                0x080015dc                disableTimerChannel1
 .text.enableTimerChannel2
                0x0800168c       0xb0 stm_timer_ll.o
                0x0800168c                enableTimerChannel2
 .text.disableTimerChannel2
                0x0800173c       0xb0 stm_timer_ll.o
                0x0800173c                disableTimerChannel2
 .text.Timer_Handle_Init
                0x080017ec      0x140 stm_timer_ll.o
                0x080017ec                Timer_Handle_Init
 .text.getTimerCounterValueForG4
                0x0800192c       0x64 stm_timer_ll.o
                0x0800192c                getTimerCounterValueForG4
 .text.extmodeParseArgs
                0x08001990       0x1e xcp_ext_mode.o
                0x08001990                extmodeParseArgs
 *fill*         0x080019ae        0x2 
 .text.extmodeInit
                0x080019b0      0x128 xcp_ext_mode.o
                0x080019b0                extmodeInit
 .text.extmodeWaitForHostRequest
                0x08001ad8       0xcc xcp_ext_mode.o
                0x08001ad8                extmodeWaitForHostRequest
 .text.extmodeEvent
                0x08001ba4       0xfc xcp_ext_mode.o
                0x08001ba4                extmodeEvent
 .text.extmodeBackgroundRun
                0x08001ca0       0x20 xcp_ext_mode.o
                0x08001ca0                extmodeBackgroundRun
 .text.extmodeReset
                0x08001cc0       0x40 xcp_ext_mode.o
                0x08001cc0                extmodeReset
 .text.extmodeStopRequested
                0x08001d00       0x18 xcp_ext_mode.o
                0x08001d00                extmodeStopRequested
 .text.extmodeSimulationComplete
                0x08001d18       0x18 xcp_ext_mode.o
                0x08001d18                extmodeSimulationComplete
 .text.LL_TIM_EnableCounter
                0x08001d30       0x20 QEI.o
 .text.LL_TIM_DisableCounter
                0x08001d50       0x20 QEI.o
 .text.LL_TIM_SetUpdateSource
                0x08001d70       0x26 QEI.o
 .text.LL_TIM_GetUpdateSource
                0x08001d96       0x1c QEI.o
 .text.LL_TIM_GetDirection
                0x08001db2       0x1c QEI.o
 .text.LL_TIM_SetRepetitionCounter
                0x08001dce       0x1c QEI.o
 .text.LL_TIM_GenerateEvent_UPDATE
                0x08001dea       0x20 QEI.o
 .text.LL_GPIO_ReadInputPort
                0x08001e0a       0x18 QEI.o
 *fill*         0x08001e22        0x2 
 .text.isSlaveTriggerModeEnabled
                0x08001e24       0x30 QEI.o
 .text.enableCounter
                0x08001e54      0x118 QEI.o
 .text.ouputDirectionOfCounter
                0x08001f6c       0x26 QEI.o
 .text.disableCounter
                0x08001f92       0x1a QEI.o
 .text.rt_roundd_snf
                0x08001fac       0xe0 QEI.o
                0x08001fac                rt_roundd_snf
 .text.QEI_SystemCore_setup
                0x0800208c       0x94 QEI.o
 .text.QEI_SystemCore_setup_l
                0x08002120       0x94 QEI.o
 .text.QEI_SystemCore_setup_l0
                0x080021b4       0x94 QEI.o
 .text.QEI_step
                0x08002248      0x5cc QEI.o
                0x08002248                QEI_step
 *fill*         0x08002814        0x4 
 .text.QEI_initialize
                0x08002818      0x120 QEI.o
                0x08002818                QEI_initialize
 .text.QEI_terminate
                0x08002938      0x114 QEI.o
                0x08002938                QEI_terminate
 .text.rt_OneStep
                0x08002a4c       0x78 ert_main.o
                0x08002a4c                rt_OneStep
 .text.main     0x08002ac4      0x190 ert_main.o
                0x08002ac4                main
 .text.xcp_void_printf
                0x08002c54       0x12 xcp_ext_common.o
                0x08002c54                xcp_void_printf
 .text.xcpCopyTimeValue
                0x08002c66       0x26 xcp_ext_common.o
 *fill*         0x08002c8c        0x4 
 .text.xcpExtModeUpdateTime
                0x08002c90      0x13c xcp_ext_common.o
                0x08002c90                xcpExtModeUpdateTime
 .text.xcpExtModeInit
                0x08002dcc       0xb0 xcp_ext_common.o
                0x08002dcc                xcpExtModeInit
 .text.xcpExtModeRunBackground
                0x08002e7c      0x13c xcp_ext_common.o
                0x08002e7c                xcpExtModeRunBackground
 .text.xcpExtModeReset
                0x08002fb8      0x128 xcp_ext_common.o
                0x08002fb8                xcpExtModeReset
 .text.sampleSignalTrigger
                0x080030e0      0x1b4 xcp_ext_classic_trigger.o
 .text.updateTriggerStatus
                0x08003294      0x2b8 xcp_ext_classic_trigger.o
 .text.xcpExtModeClassicTriggerInit
                0x0800354c       0x68 xcp_ext_classic_trigger.o
                0x0800354c                xcpExtModeClassicTriggerInit
 .text.xcpExtModeClassicTriggerEnabled
                0x080035b4      0x100 xcp_ext_classic_trigger.o
                0x080035b4                xcpExtModeClassicTriggerEnabled
 .text.xcpExtModeClassicTriggerReset
                0x080036b4       0xf4 xcp_ext_classic_trigger.o
                0x080036b4                xcpExtModeClassicTriggerReset
 .text.xcpExtModeClassicTriggerForceEnableStatusUpdate
                0x080037a8       0x78 xcp_ext_classic_trigger.o
                0x080037a8                xcpExtModeClassicTriggerForceEnableStatusUpdate
 .text.msgBufferRealloc
                0x08003820       0x72 xcp.o
 *fill*         0x08003892        0x2 
 .text.discardInputPacketHandler
                0x08003894       0x3c xcp.o
 .text.unknownInputPacketHandler
                0x080038d0       0x34 xcp.o
 .text.xcpGetPacketGroupID
                0x08003904       0x74 xcp.o
 .text.xcpGetPacketHandlers
                0x08003978      0x124 xcp.o
 .text.xcpStatusSet
                0x08003a9c       0x20 xcp.o
                0x08003a9c                xcpStatusSet
 .text.xcpSessionStatusGet
                0x08003abc       0x18 xcp.o
                0x08003abc                xcpSessionStatusGet
 .text.xcpSessionStatusSetMask
                0x08003ad4       0x28 xcp.o
                0x08003ad4                xcpSessionStatusSetMask
 .text.xcpSessionStatusClearMask
                0x08003afc       0x34 xcp.o
                0x08003afc                xcpSessionStatusClearMask
 .text.xcpResourceProtectionStatusGet
                0x08003b30       0x18 xcp.o
                0x08003b30                xcpResourceProtectionStatusGet
 .text.xcpSessionConfigurationIdGet
                0x08003b48       0x18 xcp.o
                0x08003b48                xcpSessionConfigurationIdGet
 .text.genericOutputPacketHandler
                0x08003b60      0x11c xcp.o
                0x08003b60                genericOutputPacketHandler
 .text.xcpFindPacket
                0x08003c7c       0x6e xcp.o
                0x08003c7c                xcpFindPacket
 *fill*         0x08003cea        0x2 
 .text.xcpInit  0x08003cec       0x64 xcp.o
                0x08003cec                xcpInit
 .text.xcpRun   0x08003d50      0x194 xcp.o
                0x08003d50                xcpRun
 .text.xcpEvent
                0x08003ee4       0x50 xcp.o
                0x08003ee4                xcpEvent
 .text.xcpGetStatus
                0x08003f34       0x18 xcp.o
                0x08003f34                xcpGetStatus
 .text.xcpReset
                0x08003f4c       0x40 xcp.o
                0x08003f4c                xcpReset
 .text.xcpPackedModeEventsFlush
                0x08003f8c       0x1e xcp.o
                0x08003f8c                xcpPackedModeEventsFlush
 .text.xcpPackedModeEventReset
                0x08003faa       0x2a xcp.o
                0x08003faa                xcpPackedModeEventReset
 .text.isValidUploadSize
                0x08003fd4       0x30 xcp_standard.o
 .text.xcpMemcpyFromMTA
                0x08004004       0x38 xcp_standard.o
 .text.connectInputPacketHandler
                0x0800403c       0xa4 xcp_standard.o
 .text.connectOutputPacketHandler
                0x080040e0       0xd4 xcp_standard.o
 .text.disconnectInputPacketHandler
                0x080041b4       0x54 xcp_standard.o
 .text.getStatusInputPacketHandler
                0x08004208       0x28 xcp_standard.o
 .text.getStatusOutputPacketHandler
                0x08004230       0x80 xcp_standard.o
 .text.synchInputPacketHandler
                0x080042b0       0x44 xcp_standard.o
 .text.setMTAInputPacketHandler
                0x080042f4       0x78 xcp_standard.o
 .text.uploadInputPacketHandler
                0x0800436c       0x98 xcp_standard.o
 .text.uploadOutputPacketHandler
                0x08004404       0x9c xcp_standard.o
 .text.shortUploadInputPacketHandler
                0x080044a0       0xa4 xcp_standard.o
 .text.shortUploadOutputPacketHandler
                0x08004544       0x9c xcp_standard.o
 .text.getPacket
                0x080045e0       0x24 xcp_standard.o
 .text.xcpStandardInit
                0x08004604       0x18 xcp_standard.o
                0x08004604                xcpStandardInit
 .text.xcpStandardGetPacketLookup
                0x0800461c       0x18 xcp_standard.o
                0x0800461c                xcpStandardGetPacketLookup
 .text.xcpStandardSetPacketLookup
                0x08004634       0x20 xcp_standard.o
                0x08004634                xcpStandardSetPacketLookup
 .text.xcpStandardReset
                0x08004654       0x12 xcp_standard.o
                0x08004654                xcpStandardReset
 *fill*         0x08004666        0x2 
 .text.xcpStandardGetAddressFromMta
                0x08004668       0x18 xcp_standard.o
                0x08004668                xcpStandardGetAddressFromMta
 .text.xcpStandardSetMta
                0x08004680       0x3c xcp_standard.o
                0x08004680                xcpStandardSetMta
 .text.xcpStandardIncrementMta
                0x080046bc       0x28 xcp_standard.o
                0x080046bc                xcpStandardIncrementMta
 .text.xcpStandardExtendedInit
                0x080046e4        0xe xcp_standard.o
                0x080046e4                xcpStandardExtendedInit
 .text.xcpStandardExtendedReset
                0x080046f2        0xe xcp_standard.o
                0x080046f2                xcpStandardExtendedReset
 .text.xcpDaqWriteLock
                0x08004700       0x4c xcp_daq.o
 .text.xcpDaqWriteUnlock
                0x0800474c       0x20 xcp_daq.o
 .text.xcpDaqReadLock
                0x0800476c       0x38 xcp_daq.o
 .text.xcpDaqReadUnlock
                0x080047a4       0x38 xcp_daq.o
 .text.isActiveDaqList
                0x080047dc       0x50 xcp_daq.o
 .text.noActiveDaqLists
                0x0800482c       0x50 xcp_daq.o
 .text.isValidDaqPtr
                0x0800487c       0xb8 xcp_daq.o
 .text.isValidDaqEntry
                0x08004934       0x36 xcp_daq.o
 .text.isSupportedDaqListMode
                0x0800496a       0x26 xcp_daq.o
 .text.isValidStartStopMode
                0x08004990       0x32 xcp_daq.o
 .text.isValidStartStopSynchMode
                0x080049c2       0x32 xcp_daq.o
 .text.absoluteOdtNumberIdentification
                0x080049f4       0x10 xcp_daq.o
 .text.isDaqPackedModeEnabled
                0x08004a04       0x6c xcp_daq.o
 .text.odtPacketSize
                0x08004a70       0x54 xcp_daq.o
 .text.createDaqReservedPool
                0x08004ac4       0x88 xcp_daq.o
 .text.destroyDaqReservedPool
                0x08004b4c       0x2c xcp_daq.o
 .text.setDaqPtrInputPacketHandler
                0x08004b78       0xdc xcp_daq.o
 .text.writeDaqInputPacketHandler
                0x08004c54      0x198 xcp_daq.o
 .text.setDaqListModeInputPacketHandler
                0x08004dec      0x1c8 xcp_daq.o
 .text.startStopDaqListInputPacketHandler
                0x08004fb4      0x3f4 xcp_daq.o
 .text.startStopDaqListOutputPacketHandler
                0x080053a8       0x5c xcp_daq.o
 .text.startStopSynchInputPacketHandler
                0x08005404      0x328 xcp_daq.o
 .text.getDaqProcessorInfoInputPacketHandler
                0x0800572c       0x28 xcp_daq.o
 .text.getDaqProcessorInfoOutputPacketHandler
                0x08005754       0xac xcp_daq.o
 .text.getDaqResolutionInfoInputPacketHandler
                0x08005800       0x28 xcp_daq.o
 .text.getDaqResolutionInfoOutputPacketHandler
                0x08005828       0xb8 xcp_daq.o
 .text.freeDaqInputPacketHandler
                0x080058e0       0x5c xcp_daq.o
 .text.allocDaqInputPacketHandler
                0x0800593c      0x18c xcp_daq.o
 .text.allocOdtInputPacketHandler
                0x08005ac8      0x1c0 xcp_daq.o
 .text.allocOdtEntryInputPacketHandler
                0x08005c88      0x270 xcp_daq.o
 .text.getDaqClockInputPacketHandler
                0x08005ef8       0x22 xcp_daq.o
 *fill*         0x08005f1a        0x2 
 .text.setDaqPackedModeInputPacketHandler
                0x08005f1c      0x21c xcp_daq.o
 .text.level1CommandInputPacketHandler
                0x08006138       0x64 xcp_daq.o
 .text.getPacket
                0x0800619c       0x24 xcp_daq.o
 .text.xcpDaqInit
                0x080061c0       0x38 xcp_daq.o
                0x080061c0                xcpDaqInit
 .text.xcpDaqGetPacketLookup
                0x080061f8       0x18 xcp_daq.o
                0x080061f8                xcpDaqGetPacketLookup
 .text.xcpDaqSetPacketLookup
                0x08006210       0x20 xcp_daq.o
                0x08006210                xcpDaqSetPacketLookup
 .text.xcpResetDaq
                0x08006230       0xa4 xcp_daq.o
 .text.daqWriteXCPDataForOdt
                0x080062d4       0x7c xcp_daq.o
 .text.odtWriteEntries
                0x08006350       0x9c xcp_daq.o
 .text.xcpProcessDaq
                0x080063ec      0x208 xcp_daq.o
 .text.xcpDaqEvent
                0x080065f4      0x108 xcp_daq.o
                0x080065f4                xcpDaqEvent
 .text.xcpDaqEventsFlush
                0x080066fc      0x284 xcp_daq.o
                0x080066fc                xcpDaqEventsFlush
 .text.xcpDaqLock
                0x08006980       0x1e xcp_daq.o
                0x08006980                xcpDaqLock
 .text.xcpDaqUnlock
                0x0800699e        0xe xcp_daq.o
                0x0800699e                xcpDaqUnlock
 .text.xcpResetDaqListStatus
                0x080069ac      0x19c xcp_daq.o
                0x080069ac                xcpResetDaqListStatus
 .text.xcpDaqReset
                0x08006b48       0x20 xcp_daq.o
                0x08006b48                xcpDaqReset
 .text.xcpDaqExtendedInit
                0x08006b68        0xe xcp_daq.o
                0x08006b68                xcpDaqExtendedInit
 .text.xcpDaqExtendedReset
                0x08006b76        0xe xcp_daq.o
                0x08006b76                xcpDaqExtendedReset
 .text.isValidShortDownloadSize
                0x08006b84       0x34 xcp_calibration.o
 .text.isValidDownloadSize
                0x08006bb8       0x3a xcp_calibration.o
 *fill*         0x08006bf2        0x2 
 .text.xcpMemcpyToMTA
                0x08006bf4       0x34 xcp_calibration.o
 .text.downloadInputPacketHandler
                0x08006c28       0xb0 xcp_calibration.o
 .text.shortDownloadInputPacketHandler
                0x08006cd8       0xb8 xcp_calibration.o
 .text.getPacket
                0x08006d90       0x24 xcp_calibration.o
 .text.xcpCalibrationInit
                0x08006db4       0x14 xcp_calibration.o
                0x08006db4                xcpCalibrationInit
 .text.xcpCalibrationGetPacketLookup
                0x08006dc8       0x18 xcp_calibration.o
                0x08006dc8                xcpCalibrationGetPacketLookup
 .text.xcpCalibrationSetPacketLookup
                0x08006de0       0x20 xcp_calibration.o
                0x08006de0                xcpCalibrationSetPacketLookup
 .text.xcpCalibrationReset
                0x08006e00        0xe xcp_calibration.o
                0x08006e00                xcpCalibrationReset
 .text.xcpFifoInit
                0x08006e0e       0x20 xcp_fifo.o
                0x08006e0e                xcpFifoInit
 .text.xcpFifoEnqueue
                0x08006e2e       0x2a xcp_fifo.o
                0x08006e2e                xcpFifoEnqueue
 .text.xcpFifoDequeue
                0x08006e58       0x3e xcp_fifo.o
                0x08006e58                xcpFifoDequeue
 .text.xcpFifoEnqueueHead
                0x08006e96       0x32 xcp_fifo.o
                0x08006e96                xcpFifoEnqueueHead
 .text.xcpFifoReset
                0x08006ec8       0x16 xcp_fifo.o
                0x08006ec8                xcpFifoReset
 *fill*         0x08006ede        0x2 
 .text.xcpTransportEmptyTxFifo
                0x08006ee0       0x6c xcp_transport.o
 .text.xcpTransportEmptyRxFifo
                0x08006f4c       0x6c xcp_transport.o
 .text.xcpTransportInit
                0x08006fb8      0x138 xcp_transport.o
                0x08006fb8                xcpTransportInit
 .text.xcpTransportTxReady
                0x080070f0       0x1a xcp_transport.o
                0x080070f0                xcpTransportTxReady
 .text.xcpTransportTxTrigger
                0x0800710a       0x1a xcp_transport.o
                0x0800710a                xcpTransportTxTrigger
 .text.xcpTransportTxPacketSet
                0x08007124      0x144 xcp_transport.o
                0x08007124                xcpTransportTxPacketSet
 .text.xcpTransportTx
                0x08007268       0xec xcp_transport.o
                0x08007268                xcpTransportTx
 .text.xcpTransportRx
                0x08007354       0x80 xcp_transport.o
                0x08007354                xcpTransportRx
 .text.xcpTransportRxPacketGet
                0x080073d4      0x12c xcp_transport.o
                0x080073d4                xcpTransportRxPacketGet
 .text.xcpTransportPacketOffset
                0x08007500       0x20 xcp_transport.o
                0x08007500                xcpTransportPacketOffset
 .text.xcpTransportMsgBufferSize
                0x08007520       0x70 xcp_transport.o
                0x08007520                xcpTransportMsgBufferSize
 .text.xcpTransportMaxDtoSize
                0x08007590        0xe xcp_transport.o
                0x08007590                xcpTransportMaxDtoSize
 .text.xcpTransportMaxCtoSize
                0x0800759e        0xe xcp_transport.o
                0x0800759e                xcpTransportMaxCtoSize
 .text.xcpTransportRestart
                0x080075ac       0x44 xcp_transport.o
                0x080075ac                xcpTransportRestart
 .text.xcpTransportResynch
                0x080075f0       0x40 xcp_transport.o
                0x080075f0                xcpTransportResynch
 .text.xcpTransportCtoReservedMemPoolId
                0x08007630       0x18 xcp_transport.o
                0x08007630                xcpTransportCtoReservedMemPoolId
 .text.xcpTransportReset
                0x08007648       0xe4 xcp_transport.o
                0x08007648                xcpTransportReset
 .text.xcpInitializePoolMemoryArea
                0x0800772c       0x72 xcp_mem_default.o
 *fill*         0x0800779e        0x2 
 .text.xcpMemInit
                0x080077a0      0x1d4 xcp_mem_default.o
                0x080077a0                xcpMemInit
 .text.xcpMemAlloc
                0x08007974       0xe8 xcp_mem_default.o
                0x08007974                xcpMemAlloc
 .text.xcpMemFree
                0x08007a5c      0x170 xcp_mem_default.o
                0x08007a5c                xcpMemFree
 .text.xcpMemReservedPoolCreate
                0x08007bcc      0x224 xcp_mem_default.o
                0x08007bcc                xcpMemReservedPoolCreate
 .text.xcpMemReservedPoolDestroy
                0x08007df0      0x158 xcp_mem_default.o
                0x08007df0                xcpMemReservedPoolDestroy
 .text.xcpMemCustomPoolCreate
                0x08007f48       0xbc xcp_mem_default.o
                0x08007f48                xcpMemCustomPoolCreate
 .text.xcpMemCustomPoolDestroy
                0x08008004       0x64 xcp_mem_default.o
                0x08008004                xcpMemCustomPoolDestroy
 .text.xcpMemAllocFromPool
                0x08008068      0x170 xcp_mem_default.o
                0x08008068                xcpMemAllocFromPool
 .text.xcpMemReset
                0x080081d8       0x50 xcp_mem_default.o
                0x080081d8                xcpMemReset
 .text.xcpDrvOpen
                0x08008228       0x64 xcp_drv_rtiostream.o
                0x08008228                xcpDrvOpen
 .text.xcpDrvIoctl
                0x0800828c       0x4c xcp_drv_rtiostream.o
                0x0800828c                xcpDrvIoctl
 .text.xcpDrvSend
                0x080082d8      0x14c xcp_drv_rtiostream.o
                0x080082d8                xcpDrvSend
 .text.xcpDrvRecv
                0x08008424      0x14c xcp_drv_rtiostream.o
                0x08008424                xcpDrvRecv
 .text.xcpDrvClose
                0x08008570       0x5c xcp_drv_rtiostream.o
                0x08008570                xcpDrvClose
 .text.xcpSortArray
                0x080085cc       0xcc xcp_utils.o
                0x080085cc                xcpSortArray
 .text.xcpSxiHtons
                0x08008698       0x18 xcp_frame_serial.o
 .text.xcpSxiNtohs
                0x080086b0       0x1c xcp_frame_serial.o
 .text.xcpSxiChecksum
                0x080086cc       0x3e xcp_frame_serial.o
                0x080086cc                xcpSxiChecksum
 *fill*         0x0800870a        0x2 
 .text.xcpFrameInit
                0x0800870c       0x70 xcp_frame_serial.o
                0x0800870c                xcpFrameInit
 .text.xcpFrameMsgSend
                0x0800877c      0x188 xcp_frame_serial.o
                0x0800877c                xcpFrameMsgSend
 .text.xcpFrameMsgRecv
                0x08008904      0x180 xcp_frame_serial.o
                0x08008904                xcpFrameMsgRecv
 .text.xcpFrameCreateMsg
                0x08008a84       0x94 xcp_frame_serial.o
                0x08008a84                xcpFrameCreateMsg
 .text.xcpFrameExtractPacket
                0x08008b18      0x158 xcp_frame_serial.o
                0x08008b18                xcpFrameExtractPacket
 .text.xcpFrameHeaderSize
                0x08008c70       0x10 xcp_frame_serial.o
                0x08008c70                xcpFrameHeaderSize
 .text.xcpFrameTailSize
                0x08008c80       0x10 xcp_frame_serial.o
                0x08008c80                xcpFrameTailSize
 .text.xcpFrameMaxDtoSize
                0x08008c90       0x12 xcp_frame_serial.o
                0x08008c90                xcpFrameMaxDtoSize
 .text.xcpFrameMaxCtoSize
                0x08008ca2       0x10 xcp_frame_serial.o
                0x08008ca2                xcpFrameMaxCtoSize
 *fill*         0x08008cb2        0x2 
 .text.xcpFrameRestart
                0x08008cb4       0x30 xcp_frame_serial.o
                0x08008cb4                xcpFrameRestart
 .text.xcpFrameSetCtoReservedMemPoolId
                0x08008ce4       0x20 xcp_frame_serial.o
                0x08008ce4                xcpFrameSetCtoReservedMemPoolId
 .text.xcpFrameReset
                0x08008d04       0x70 xcp_frame_serial.o
                0x08008d04                xcpFrameReset
 .text.xcpTransportGetInitParameters
                0x08008d74       0x2e xcp_ext_param_default_serial.o
                0x08008d74                xcpTransportGetInitParameters
 .text.xcpGetInitParameters
                0x08008da2       0x2e xcp_ext_param_default_serial.o
                0x08008da2                xcpGetInitParameters
 .text.HAL_Delay
                0x08008dd0       0x2e overrideHALDelay.o
                0x08008dd0                HAL_Delay
 *fill*         0x08008dfe        0x2 
 .text.PeriphCommonClock_Config
                0x08008e00       0x10 platform_timer.o
                0x08008e00                PeriphCommonClock_Config
 .text.getCurrentTimestampInMicros
                0x08008e10       0x3c platform_timer.o
                0x08008e10                getCurrentTimestampInMicros
 .text.returnTimeElapsed
                0x08008e4c       0x2c platform_timer.o
                0x08008e4c                returnTimeElapsed
 .text.timestampInit
                0x08008e78       0x28 platform_timer.o
 .text.getCurrentTimestamp
                0x08008ea0       0x44 platform_timer.o
                0x08008ea0                getCurrentTimestamp
 .text.__NVIC_SetPriority
                0x08008ee4       0x54 SysTickScheduler.o
 .text.SysTick_Config
                0x08008f38       0x44 SysTickScheduler.o
 .text.SysTick_Isr
                0x08008f7c       0x48 SysTickScheduler.o
 .text.SysTick_Handler
                0x08008fc4       0x20 SysTickScheduler.o
                0x08008fc4                SysTick_Handler
 .text.ARMCM_SysTick_Config
                0x08008fe4       0xb0 SysTickScheduler.o
                0x08008fe4                ARMCM_SysTick_Config
 .text.PendSV_Handler
                0x08009094       0x44 m3m4m4f_multitasking.o
                0x08009094                PendSV_Handler
 .text.SVC_Handler
                0x080090d8       0x58 m3m4m4f_multitasking.o
                0x080090d8                SVC_Handler
 .text.rtIOStreamOpen
                0x08009130       0x44 rtiostream_serial.o
                0x08009130                rtIOStreamOpen
 .text.rtIOStreamSend
                0x08009174       0x38 rtiostream_serial.o
                0x08009174                rtIOStreamSend
 .text.rtIOStreamRecv
                0x080091ac       0x48 rtiostream_serial.o
                0x080091ac                rtIOStreamRecv
 .text.rtIOStreamClose
                0x080091f4       0x20 rtiostream_serial.o
                0x080091f4                rtIOStreamClose
 .text.LL_DMA_GetDataLength
                0x08009214       0x30 stm_usart.o
 .text.getAvailableDataInBuffer
                0x08009244       0xcc stm_usart.o
                0x08009244                getAvailableDataInBuffer
 .text.getBytesToBeReadFromBuffer
                0x08009310       0x6e stm_usart.o
                0x08009310                getBytesToBeReadFromBuffer
 *fill*         0x0800937e        0x2 
 .text.readDataFromBuffer
                0x08009380       0xdc stm_usart.o
                0x08009380                readDataFromBuffer
 .text.__NVIC_GetPriorityGrouping
                0x0800945c       0x1c stm_lpuart.o
 .text.__NVIC_EnableIRQ
                0x08009478       0x3c stm_lpuart.o
 .text.__NVIC_SetPriority
                0x080094b4       0x54 stm_lpuart.o
 .text.NVIC_EncodePriority
                0x08009508       0x66 stm_lpuart.o
 *fill*         0x0800956e        0x2 
 .text.LL_DMA_EnableChannel
                0x08009570       0x44 stm_lpuart.o
 .text.LL_DMA_DisableChannel
                0x080095b4       0x44 stm_lpuart.o
 .text.LL_DMA_GetMode
                0x080095f8       0x34 stm_lpuart.o
 .text.LL_DMA_SetDataLength
                0x0800962c       0x4c stm_lpuart.o
 .text.LL_DMA_ConfigAddresses
                0x08009678       0x7c stm_lpuart.o
 .text.LL_DMA_IsActiveFlag_TC1
                0x080096f4       0x26 stm_lpuart.o
 .text.LL_DMA_ClearFlag_TC1
                0x0800971a       0x1a stm_lpuart.o
 .text.LL_DMA_EnableIT_TC
                0x08009734       0x44 stm_lpuart.o
 .text.LL_DMA_DisableIT_TC
                0x08009778       0x44 stm_lpuart.o
 .text.LL_DMA_IsEnabledIT_TC
                0x080097bc       0x3c stm_lpuart.o
 .text.LL_LPUART_Enable
                0x080097f8       0x20 stm_lpuart.o
 .text.LL_LPUART_Disable
                0x08009818       0x20 stm_lpuart.o
 .text.LL_LPUART_IsEnabled
                0x08009838       0x26 stm_lpuart.o
 .text.LL_LPUART_IsActiveFlag_PE
                0x0800985e       0x26 stm_lpuart.o
 .text.LL_LPUART_IsActiveFlag_FE
                0x08009884       0x26 stm_lpuart.o
 .text.LL_LPUART_IsActiveFlag_NE
                0x080098aa       0x26 stm_lpuart.o
 .text.LL_LPUART_IsActiveFlag_ORE
                0x080098d0       0x26 stm_lpuart.o
 .text.LL_LPUART_IsActiveFlag_TC
                0x080098f6       0x26 stm_lpuart.o
 .text.LL_LPUART_IsActiveFlag_TXE_TXFNF
                0x0800991c       0x26 stm_lpuart.o
 .text.LL_LPUART_ClearFlag_PE
                0x08009942       0x1a stm_lpuart.o
 .text.LL_LPUART_ClearFlag_FE
                0x0800995c       0x1a stm_lpuart.o
 .text.LL_LPUART_ClearFlag_NE
                0x08009976       0x1a stm_lpuart.o
 .text.LL_LPUART_ClearFlag_ORE
                0x08009990       0x1a stm_lpuart.o
 .text.LL_LPUART_EnableIT_RXNE_RXFNE
                0x080099aa       0x42 stm_lpuart.o
 .text.LL_LPUART_EnableIT_PE
                0x080099ec       0x42 stm_lpuart.o
 .text.LL_LPUART_EnableIT_ERROR
                0x08009a2e       0x46 stm_lpuart.o
 .text.LL_LPUART_DisableIT_RXNE_RXFNE
                0x08009a74       0x42 stm_lpuart.o
 .text.LL_LPUART_DisableIT_TXE_TXFNF
                0x08009ab6       0x42 stm_lpuart.o
 .text.LL_LPUART_DisableIT_PE
                0x08009af8       0x42 stm_lpuart.o
 .text.LL_LPUART_DisableIT_ERROR
                0x08009b3a       0x46 stm_lpuart.o
 .text.LL_LPUART_EnableDMAReq_RX
                0x08009b80       0x46 stm_lpuart.o
 .text.LL_LPUART_DisableDMAReq_RX
                0x08009bc6       0x46 stm_lpuart.o
 .text.LL_LPUART_EnableDMAReq_TX
                0x08009c0c       0x46 stm_lpuart.o
 .text.LL_LPUART_DisableDMAReq_TX
                0x08009c52       0x46 stm_lpuart.o
 .text.LL_LPUART_DMA_GetRegAddr
                0x08009c98       0x2c stm_lpuart.o
 .text.LL_LPUART_ReceiveData8
                0x08009cc4       0x1a stm_lpuart.o
 .text.LL_LPUART_TransmitData8
                0x08009cde       0x1e stm_lpuart.o
 .text.LPUART_RXDMAInterruptHandler
                0x08009cfc       0xd4 stm_lpuart.o
                0x08009cfc                LPUART_RXDMAInterruptHandler
 .text.LPUART_IsActiveFlagError
                0x08009dd0       0xf4 stm_lpuart.o
                0x08009dd0                LPUART_IsActiveFlagError
 .text.LPUART1_IRQHandler
                0x08009ec4       0x14 stm_lpuart.o
                0x08009ec4                LPUART1_IRQHandler
 .text.DMA1_Channel1_IRQHandler
                0x08009ed8       0x20 stm_lpuart.o
                0x08009ed8                DMA1_Channel1_IRQHandler
 .text.LPUART_ConfigureReceiveDMA
                0x08009ef8       0xae stm_lpuart.o
                0x08009ef8                LPUART_ConfigureReceiveDMA
 .text.LPUART_ConfigureTransmitDMA
                0x08009fa6       0x7a stm_lpuart.o
                0x08009fa6                LPUART_ConfigureTransmitDMA
 .text.MW_LPUART_GetReadErrorStatus
                0x0800a020       0xc8 stm_lpuart.o
                0x0800a020                MW_LPUART_GetReadErrorStatus
 .text.MW_LPUART_Initialize
                0x0800a0e8      0x170 stm_lpuart.o
                0x0800a0e8                MW_LPUART_Initialize
 .text.MW_LPUART_ReceiveUsingBuffer
                0x0800a258       0x5c stm_lpuart.o
                0x0800a258                MW_LPUART_ReceiveUsingBuffer
 .text.MW_LPUART_TransmitUsingPolling
                0x0800a2b4      0x184 stm_lpuart.o
                0x0800a2b4                MW_LPUART_TransmitUsingPolling
 .text.MW_LPUART_DeInit
                0x0800a438       0xaa stm_lpuart.o
                0x0800a438                MW_LPUART_DeInit
 .text.sys_arch_protect
                0x0800a4e2       0x22 sys_arch.o
                0x0800a4e2                sys_arch_protect
 .text.sys_arch_unprotect
                0x0800a504       0x20 sys_arch.o
                0x0800a504                sys_arch_unprotect
 .text.__NVIC_GetPriorityGrouping
                0x0800a524       0x1c main.o
 .text.__NVIC_EnableIRQ
                0x0800a540       0x3c main.o
 .text.__NVIC_SetPriority
                0x0800a57c       0x54 main.o
 .text.NVIC_EncodePriority
                0x0800a5d0       0x66 main.o
 .text.LL_ADC_SetGainCompensation
                0x0800a636       0x4a main.o
 .text.LL_ADC_REG_SetSequencerRanks
                0x0800a680       0x58 main.o
 .text.LL_ADC_SetChannelSamplingTime
                0x0800a6d8       0x56 main.o
 *fill*         0x0800a72e        0x2 
 .text.LL_ADC_SetChannelSingleDiff
                0x0800a730       0x48 main.o
 .text.LL_ADC_SetOverSamplingScope
                0x0800a778       0x2a main.o
 .text.LL_ADC_DisableDeepPowerDown
                0x0800a7a2       0x24 main.o
 .text.LL_ADC_EnableInternalRegulator
                0x0800a7c6       0x28 main.o
 *fill*         0x0800a7ee        0x2 
 .text.LL_DMA_SetDataTransferDirection
                0x0800a7f0       0x50 main.o
 .text.LL_DMA_SetMode
                0x0800a840       0x4c main.o
 .text.LL_DMA_SetPeriphIncMode
                0x0800a88c       0x4c main.o
 .text.LL_DMA_SetMemoryIncMode
                0x0800a8d8       0x4c main.o
 .text.LL_DMA_SetPeriphSize
                0x0800a924       0x4c main.o
 .text.LL_DMA_SetMemorySize
                0x0800a970       0x4c main.o
 .text.LL_DMA_SetChannelPriorityLevel
                0x0800a9bc       0x4c main.o
 .text.LL_DMA_SetPeriphRequest
                0x0800aa08       0x54 main.o
 .text.LL_LPUART_Enable
                0x0800aa5c       0x20 main.o
 .text.LL_LPUART_DisableFIFO
                0x0800aa7c       0x20 main.o
 .text.LL_LPUART_SetTXFIFOThreshold
                0x0800aa9c       0x4e main.o
 .text.LL_LPUART_SetRXFIFOThreshold
                0x0800aaea       0x4e main.o
 .text.LL_LPUART_IsActiveFlag_TEACK
                0x0800ab38       0x28 main.o
 .text.LL_LPUART_IsActiveFlag_REACK
                0x0800ab60       0x28 main.o
 .text.LL_RCC_HSI_Enable
                0x0800ab88       0x20 main.o
 .text.LL_RCC_HSI_IsReady
                0x0800aba8       0x28 main.o
 .text.LL_RCC_HSI_SetCalibTrimming
                0x0800abd0       0x2c main.o
 .text.LL_RCC_SetSysClkSource
                0x0800abfc       0x28 main.o
 .text.LL_RCC_GetSysClkSource
                0x0800ac24       0x1c main.o
 .text.LL_RCC_SetAHBPrescaler
                0x0800ac40       0x28 main.o
 .text.LL_RCC_SetAPB1Prescaler
                0x0800ac68       0x28 main.o
 .text.LL_RCC_SetAPB2Prescaler
                0x0800ac90       0x28 main.o
 .text.LL_RCC_SetLPUARTClockSource
                0x0800acb8       0x2c main.o
 .text.LL_RCC_SetADCClockSource
                0x0800ace4       0x48 main.o
 .text.LL_RCC_PLL_Enable
                0x0800ad2c       0x20 main.o
 .text.LL_RCC_PLL_IsReady
                0x0800ad4c       0x28 main.o
 .text.LL_RCC_PLL_ConfigDomain_SYS
                0x0800ad74       0x40 main.o
 .text.LL_RCC_PLL_EnableDomain_SYS
                0x0800adb4       0x20 main.o
 .text.LL_AHB1_GRP1_EnableClock
                0x0800add4       0x30 main.o
 .text.LL_AHB2_GRP1_EnableClock
                0x0800ae04       0x30 main.o
 .text.LL_APB1_GRP1_EnableClock
                0x0800ae34       0x30 main.o
 .text.LL_APB1_GRP2_EnableClock
                0x0800ae64       0x30 main.o
 .text.LL_APB2_GRP1_EnableClock
                0x0800ae94       0x30 main.o
 .text.LL_SYSCFG_SetEXTISource
                0x0800aec4       0x70 main.o
 .text.LL_FLASH_SetLatency
                0x0800af34       0x28 main.o
 .text.LL_FLASH_GetLatency
                0x0800af5c       0x1c main.o
 .text.LL_PWR_EnableRange1BoostMode
                0x0800af78       0x24 main.o
 .text.LL_TIM_DisableARRPreload
                0x0800af9c       0x20 main.o
 .text.LL_TIM_IC_SetActiveInput
                0x0800afbc       0xc0 main.o
 .text.LL_TIM_IC_SetPrescaler
                0x0800b07c       0xc0 main.o
 .text.LL_TIM_IC_SetFilter
                0x0800b13c       0xc0 main.o
 .text.LL_TIM_IC_SetPolarity
                0x0800b1fc       0xac main.o
 .text.LL_TIM_SetEncoderMode
                0x0800b2a8       0x2a main.o
 .text.LL_TIM_SetTriggerOutput
                0x0800b2d2       0x2a main.o
 .text.LL_TIM_SetTriggerOutput2
                0x0800b2fc       0x26 main.o
 .text.LL_TIM_DisableMasterSlaveMode
                0x0800b322       0x20 main.o
 .text.LL_GPIO_SetPinMode
                0x0800b342       0x7a main.o
 .text.LL_GPIO_SetPinPull
                0x0800b3bc       0x7a main.o
 .text.LL_GPIO_ResetOutputPin
                0x0800b436       0x1c main.o
 *fill*         0x0800b452        0x2 
 .text.SystemClock_Config
                0x0800b454       0xb0 main.o
                0x0800b454                SystemClock_Config
 .text.MX_ADC1_Init
                0x0800b504      0x15c main.o
                0x0800b504                MX_ADC1_Init
 .text.MX_LPUART1_UART_Init
                0x0800b660      0x148 main.o
                0x0800b660                MX_LPUART1_UART_Init
 .text.MX_TIM3_Init
                0x0800b7a8      0x114 main.o
                0x0800b7a8                MX_TIM3_Init
 .text.MX_TIM4_Init
                0x0800b8bc      0x118 main.o
                0x0800b8bc                MX_TIM4_Init
 .text.MX_TIM8_Init
                0x0800b9d4      0x134 main.o
                0x0800b9d4                MX_TIM8_Init
 .text.MX_DMA_Init
                0x0800bb08       0x34 main.o
                0x0800bb08                MX_DMA_Init
 .text.MX_GPIO_Init
                0x0800bb3c      0x1b0 main.o
                0x0800bb3c                MX_GPIO_Init
 .text.HAL_TIM_PeriodElapsedCallback
                0x0800bcec       0x1e main.o
                0x0800bcec                HAL_TIM_PeriodElapsedCallback
 .text.Error_Handler
                0x0800bd0a        0xc main.o
                0x0800bd0a                Error_Handler
 *fill*         0x0800bd16        0x2 
 .text.LL_EXTI_IsActiveFlag_0_31
                0x0800bd18       0x2c stm32g4xx_it.o
 .text.LL_EXTI_ClearFlag_0_31
                0x0800bd44       0x20 stm32g4xx_it.o
 .text.NMI_Handler
                0x0800bd64        0x8 stm32g4xx_it.o
                0x0800bd64                NMI_Handler
 .text.HardFault_Handler
                0x0800bd6c        0x8 stm32g4xx_it.o
                0x0800bd6c                HardFault_Handler
 .text.MemManage_Handler
                0x0800bd74        0x8 stm32g4xx_it.o
                0x0800bd74                MemManage_Handler
 .text.BusFault_Handler
                0x0800bd7c        0x8 stm32g4xx_it.o
                0x0800bd7c                BusFault_Handler
 .text.UsageFault_Handler
                0x0800bd84        0x8 stm32g4xx_it.o
                0x0800bd84                UsageFault_Handler
 .text.DebugMon_Handler
                0x0800bd8c        0xe stm32g4xx_it.o
                0x0800bd8c                DebugMon_Handler
 .text.EXTI4_IRQHandler
                0x0800bd9a       0x1a stm32g4xx_it.o
                0x0800bd9a                EXTI4_IRQHandler
 .text.TIM2_IRQHandler
                0x0800bdb4       0x14 stm32g4xx_it.o
                0x0800bdb4                TIM2_IRQHandler
 .text.EXTI15_10_IRQHandler
                0x0800bdc8       0x34 stm32g4xx_it.o
                0x0800bdc8                EXTI15_10_IRQHandler
 .text.HAL_MspInit
                0x0800bdfc       0x48 stm32g4xx_hal_msp.o
                0x0800bdfc                HAL_MspInit
 .text.HAL_InitTick
                0x0800be44       0xd8 stm32g4xx_hal_timebase_tim.o
                0x0800be44                HAL_InitTick
 .text.LL_SetSystemCoreClock
                0x0800bf1c       0x20 stm32g4xx_ll_utils.o
                0x0800bf1c                LL_SetSystemCoreClock
 .text.LL_EXTI_EnableIT_0_31
                0x0800bf3c       0x24 stm32g4xx_ll_exti.o
 .text.LL_EXTI_EnableIT_32_63
                0x0800bf60       0x24 stm32g4xx_ll_exti.o
 .text.LL_EXTI_DisableIT_0_31
                0x0800bf84       0x28 stm32g4xx_ll_exti.o
 .text.LL_EXTI_DisableIT_32_63
                0x0800bfac       0x28 stm32g4xx_ll_exti.o
 .text.LL_EXTI_EnableEvent_0_31
                0x0800bfd4       0x24 stm32g4xx_ll_exti.o
 .text.LL_EXTI_EnableEvent_32_63
                0x0800bff8       0x24 stm32g4xx_ll_exti.o
 .text.LL_EXTI_DisableEvent_0_31
                0x0800c01c       0x28 stm32g4xx_ll_exti.o
 .text.LL_EXTI_DisableEvent_32_63
                0x0800c044       0x28 stm32g4xx_ll_exti.o
 .text.LL_EXTI_EnableRisingTrig_0_31
                0x0800c06c       0x24 stm32g4xx_ll_exti.o
 .text.LL_EXTI_EnableRisingTrig_32_63
                0x0800c090       0x24 stm32g4xx_ll_exti.o
 .text.LL_EXTI_DisableRisingTrig_0_31
                0x0800c0b4       0x28 stm32g4xx_ll_exti.o
 .text.LL_EXTI_DisableRisingTrig_32_63
                0x0800c0dc       0x28 stm32g4xx_ll_exti.o
 .text.LL_EXTI_EnableFallingTrig_0_31
                0x0800c104       0x24 stm32g4xx_ll_exti.o
 .text.LL_EXTI_EnableFallingTrig_32_63
                0x0800c128       0x24 stm32g4xx_ll_exti.o
 .text.LL_EXTI_DisableFallingTrig_0_31
                0x0800c14c       0x28 stm32g4xx_ll_exti.o
 .text.LL_EXTI_DisableFallingTrig_32_63
                0x0800c174       0x28 stm32g4xx_ll_exti.o
 .text.LL_EXTI_Init
                0x0800c19c      0x1ec stm32g4xx_ll_exti.o
                0x0800c19c                LL_EXTI_Init
 .text.LL_GPIO_SetPinMode
                0x0800c388       0x7a stm32g4xx_ll_gpio.o
 .text.LL_GPIO_SetPinOutputType
                0x0800c402       0x30 stm32g4xx_ll_gpio.o
 .text.LL_GPIO_SetPinSpeed
                0x0800c432       0x7a stm32g4xx_ll_gpio.o
 .text.LL_GPIO_SetPinPull
                0x0800c4ac       0x7a stm32g4xx_ll_gpio.o
 .text.LL_GPIO_SetAFPin_0_7
                0x0800c526       0x7a stm32g4xx_ll_gpio.o
 .text.LL_GPIO_SetAFPin_8_15
                0x0800c5a0       0x7e stm32g4xx_ll_gpio.o
 .text.LL_GPIO_Init
                0x0800c61e       0xdc stm32g4xx_ll_gpio.o
                0x0800c61e                LL_GPIO_Init
 .text.LL_ADC_REG_SetSequencerLength
                0x0800c6fa       0x26 stm32g4xx_ll_adc.o
 .text.LL_ADC_IsEnabled
                0x0800c720       0x26 stm32g4xx_ll_adc.o
 *fill*         0x0800c746        0x2 
 .text.LL_ADC_CommonInit
                0x0800c748       0xc8 stm32g4xx_ll_adc.o
                0x0800c748                LL_ADC_CommonInit
 .text.LL_ADC_Init
                0x0800c810       0x4c stm32g4xx_ll_adc.o
                0x0800c810                LL_ADC_Init
 .text.LL_ADC_REG_Init
                0x0800c85c       0x94 stm32g4xx_ll_adc.o
                0x0800c85c                LL_ADC_REG_Init
 .text.HAL_Init
                0x0800c8f0       0x30 stm32g4xx_hal.o
                0x0800c8f0                HAL_Init
 .text.HAL_IncTick
                0x0800c920       0x24 stm32g4xx_hal.o
                0x0800c920                HAL_IncTick
 .text.HAL_GetTick
                0x0800c944       0x18 stm32g4xx_hal.o
                0x0800c944                HAL_GetTick
 .text.HAL_RCC_GetHCLKFreq
                0x0800c95c       0x18 stm32g4xx_hal_rcc.o
                0x0800c95c                HAL_RCC_GetHCLKFreq
 .text.HAL_RCC_GetPCLK1Freq
                0x0800c974       0x2c stm32g4xx_hal_rcc.o
                0x0800c974                HAL_RCC_GetPCLK1Freq
 .text.HAL_RCC_GetClockConfig
                0x0800c9a0       0x64 stm32g4xx_hal_rcc.o
                0x0800c9a0                HAL_RCC_GetClockConfig
 .text.HAL_PWREx_DisableUCPDDeadBattery
                0x0800ca04       0x20 stm32g4xx_hal_pwr_ex.o
                0x0800ca04                HAL_PWREx_DisableUCPDDeadBattery
 .text.__NVIC_SetPriorityGrouping
                0x0800ca24       0x48 stm32g4xx_hal_cortex.o
 .text.__NVIC_GetPriorityGrouping
                0x0800ca6c       0x1c stm32g4xx_hal_cortex.o
 .text.__NVIC_EnableIRQ
                0x0800ca88       0x3c stm32g4xx_hal_cortex.o
 .text.__NVIC_SetPriority
                0x0800cac4       0x54 stm32g4xx_hal_cortex.o
 .text.NVIC_EncodePriority
                0x0800cb18       0x66 stm32g4xx_hal_cortex.o
 .text.HAL_NVIC_SetPriorityGrouping
                0x0800cb7e       0x16 stm32g4xx_hal_cortex.o
                0x0800cb7e                HAL_NVIC_SetPriorityGrouping
 .text.HAL_NVIC_SetPriority
                0x0800cb94       0x34 stm32g4xx_hal_cortex.o
                0x0800cb94                HAL_NVIC_SetPriority
 .text.HAL_NVIC_EnableIRQ
                0x0800cbc8       0x1c stm32g4xx_hal_cortex.o
                0x0800cbc8                HAL_NVIC_EnableIRQ
 .text.LL_LPUART_IsEnabled
                0x0800cbe4       0x26 stm32g4xx_ll_lpuart.o
 .text.LL_LPUART_SetPrescaler
                0x0800cc0a       0x28 stm32g4xx_ll_lpuart.o
 .text.LL_LPUART_SetStopBitsLength
                0x0800cc32       0x26 stm32g4xx_ll_lpuart.o
 .text.LL_LPUART_SetHWFlowCtrl
                0x0800cc58       0x26 stm32g4xx_ll_lpuart.o
 *fill*         0x0800cc7e        0x2 
 .text.LL_LPUART_SetBaudRate
                0x0800cc80       0x98 stm32g4xx_ll_lpuart.o
 .text.LL_LPUART_Init
                0x0800cd18       0x98 stm32g4xx_ll_lpuart.o
                0x0800cd18                LL_LPUART_Init
 .text.LL_RCC_HSI_IsReady
                0x0800cdb0       0x28 stm32g4xx_ll_rcc.o
 .text.LL_RCC_LSE_IsReady
                0x0800cdd8       0x28 stm32g4xx_ll_rcc.o
 .text.LL_RCC_GetSysClkSource
                0x0800ce00       0x1c stm32g4xx_ll_rcc.o
 .text.LL_RCC_GetAHBPrescaler
                0x0800ce1c       0x1c stm32g4xx_ll_rcc.o
 .text.LL_RCC_GetAPB1Prescaler
                0x0800ce38       0x1c stm32g4xx_ll_rcc.o
 .text.LL_RCC_GetLPUARTClockSource
                0x0800ce54       0x24 stm32g4xx_ll_rcc.o
 .text.LL_RCC_PLL_GetMainSource
                0x0800ce78       0x1c stm32g4xx_ll_rcc.o
 .text.LL_RCC_PLL_GetN
                0x0800ce94       0x1c stm32g4xx_ll_rcc.o
 .text.LL_RCC_PLL_GetR
                0x0800ceb0       0x1c stm32g4xx_ll_rcc.o
 .text.LL_RCC_PLL_GetDivider
                0x0800cecc       0x1c stm32g4xx_ll_rcc.o
 .text.LL_RCC_GetLPUARTClockFreq
                0x0800cee8       0x84 stm32g4xx_ll_rcc.o
                0x0800cee8                LL_RCC_GetLPUARTClockFreq
 .text.RCC_GetSystemClockFreq
                0x0800cf6c       0x4c stm32g4xx_ll_rcc.o
 .text.RCC_GetHCLKClockFreq
                0x0800cfb8       0x30 stm32g4xx_ll_rcc.o
 .text.RCC_GetPCLK1ClockFreq
                0x0800cfe8       0x2c stm32g4xx_ll_rcc.o
 .text.RCC_PLL_GetFreqDomain_SYS
                0x0800d014       0x68 stm32g4xx_ll_rcc.o
 .text.HAL_TIM_Base_Init
                0x0800d07c       0xae stm32g4xx_hal_tim.o
                0x0800d07c                HAL_TIM_Base_Init
 .text.HAL_TIM_Base_MspInit
                0x0800d12a       0x14 stm32g4xx_hal_tim.o
                0x0800d12a                HAL_TIM_Base_MspInit
 *fill*         0x0800d13e        0x2 
 .text.HAL_TIM_Base_Start_IT
                0x0800d140       0xf0 stm32g4xx_hal_tim.o
                0x0800d140                HAL_TIM_Base_Start_IT
 .text.HAL_TIM_IRQHandler
                0x0800d230      0x29e stm32g4xx_hal_tim.o
                0x0800d230                HAL_TIM_IRQHandler
 .text.HAL_TIM_OC_DelayElapsedCallback
                0x0800d4ce       0x14 stm32g4xx_hal_tim.o
                0x0800d4ce                HAL_TIM_OC_DelayElapsedCallback
 .text.HAL_TIM_IC_CaptureCallback
                0x0800d4e2       0x14 stm32g4xx_hal_tim.o
                0x0800d4e2                HAL_TIM_IC_CaptureCallback
 .text.HAL_TIM_PWM_PulseFinishedCallback
                0x0800d4f6       0x14 stm32g4xx_hal_tim.o
                0x0800d4f6                HAL_TIM_PWM_PulseFinishedCallback
 .text.HAL_TIM_TriggerCallback
                0x0800d50a       0x14 stm32g4xx_hal_tim.o
                0x0800d50a                HAL_TIM_TriggerCallback
 *fill*         0x0800d51e        0x2 
 .text.TIM_Base_SetConfig
                0x0800d520      0x168 stm32g4xx_hal_tim.o
                0x0800d520                TIM_Base_SetConfig
 .text.HAL_TIMEx_CommutCallback
                0x0800d688       0x14 stm32g4xx_hal_tim_ex.o
                0x0800d688                HAL_TIMEx_CommutCallback
 .text.HAL_TIMEx_BreakCallback
                0x0800d69c       0x14 stm32g4xx_hal_tim_ex.o
                0x0800d69c                HAL_TIMEx_BreakCallback
 .text.HAL_TIMEx_Break2Callback
                0x0800d6b0       0x14 stm32g4xx_hal_tim_ex.o
                0x0800d6b0                HAL_TIMEx_Break2Callback
 .text.HAL_TIMEx_EncoderIndexCallback
                0x0800d6c4       0x14 stm32g4xx_hal_tim_ex.o
                0x0800d6c4                HAL_TIMEx_EncoderIndexCallback
 .text.HAL_TIMEx_DirectionChangeCallback
                0x0800d6d8       0x14 stm32g4xx_hal_tim_ex.o
                0x0800d6d8                HAL_TIMEx_DirectionChangeCallback
 .text.HAL_TIMEx_IndexErrorCallback
                0x0800d6ec       0x14 stm32g4xx_hal_tim_ex.o
                0x0800d6ec                HAL_TIMEx_IndexErrorCallback
 .text.HAL_TIMEx_TransitionErrorCallback
                0x0800d700       0x14 stm32g4xx_hal_tim_ex.o
                0x0800d700                HAL_TIMEx_TransitionErrorCallback
 .text.LL_TIM_SetPrescaler
                0x0800d714       0x1c stm32g4xx_ll_tim.o
 .text.LL_TIM_SetAutoReload
                0x0800d730       0x1c stm32g4xx_ll_tim.o
 .text.LL_TIM_SetRepetitionCounter
                0x0800d74c       0x1c stm32g4xx_ll_tim.o
 .text.LL_TIM_GenerateEvent_UPDATE
                0x0800d768       0x20 stm32g4xx_ll_tim.o
 .text.LL_TIM_Init
                0x0800d788      0x144 stm32g4xx_ll_tim.o
                0x0800d788                LL_TIM_Init
 .text.SystemInit
                0x0800d8cc       0x24 system_stm32g4xx.o
                0x0800d8cc                SystemInit
 .text.Reset_Handler
                0x0800d8f0       0x50 startup_stm32g474retx.o
                0x0800d8f0                Reset_Handler
 .text.Default_Handler
                0x0800d940        0x2 startup_stm32g474retx.o
                0x0800d940                RTC_Alarm_IRQHandler
                0x0800d940                EXTI2_IRQHandler
                0x0800d940                TIM8_TRG_COM_IRQHandler
                0x0800d940                TIM8_CC_IRQHandler
                0x0800d940                HRTIM1_Master_IRQHandler
                0x0800d940                SPI4_IRQHandler
                0x0800d940                FDCAN3_IT0_IRQHandler
                0x0800d940                TIM1_CC_IRQHandler
                0x0800d940                HRTIM1_FLT_IRQHandler
                0x0800d940                HRTIM1_TIMF_IRQHandler
                0x0800d940                USB_HP_IRQHandler
                0x0800d940                CORDIC_IRQHandler
                0x0800d940                HRTIM1_TIMD_IRQHandler
                0x0800d940                DMA2_Channel8_IRQHandler
                0x0800d940                EXTI3_IRQHandler
                0x0800d940                I2C3_ER_IRQHandler
                0x0800d940                EXTI0_IRQHandler
                0x0800d940                I2C2_EV_IRQHandler
                0x0800d940                FPU_IRQHandler
                0x0800d940                FDCAN1_IT1_IRQHandler
                0x0800d940                TIM1_UP_TIM16_IRQHandler
                0x0800d940                ADC1_2_IRQHandler
                0x0800d940                HRTIM1_TIME_IRQHandler
                0x0800d940                SPI1_IRQHandler
                0x0800d940                TIM6_DAC_IRQHandler
                0x0800d940                HRTIM1_TIMC_IRQHandler
                0x0800d940                TIM8_UP_IRQHandler
                0x0800d940                DMA2_Channel2_IRQHandler
                0x0800d940                DMA1_Channel4_IRQHandler
                0x0800d940                TIM20_TRG_COM_IRQHandler
                0x0800d940                USART3_IRQHandler
                0x0800d940                DMA1_Channel7_IRQHandler
                0x0800d940                UART5_IRQHandler
                0x0800d940                ADC3_IRQHandler
                0x0800d940                TIM4_IRQHandler
                0x0800d940                DMA2_Channel1_IRQHandler
                0x0800d940                QUADSPI_IRQHandler
                0x0800d940                I2C1_EV_IRQHandler
                0x0800d940                DMA1_Channel6_IRQHandler
                0x0800d940                UART4_IRQHandler
                0x0800d940                DMA2_Channel4_IRQHandler
                0x0800d940                TIM3_IRQHandler
                0x0800d940                RCC_IRQHandler
                0x0800d940                TIM20_UP_IRQHandler
                0x0800d940                Default_Handler
                0x0800d940                DMA2_Channel7_IRQHandler
                0x0800d940                RTC_TAMP_LSECSS_IRQHandler
                0x0800d940                FMAC_IRQHandler
                0x0800d940                DMA1_Channel8_IRQHandler
                0x0800d940                HRTIM1_TIMA_IRQHandler
                0x0800d940                TIM7_DAC_IRQHandler
                0x0800d940                FDCAN3_IT1_IRQHandler
                0x0800d940                TIM5_IRQHandler
                0x0800d940                UCPD1_IRQHandler
                0x0800d940                I2C3_EV_IRQHandler
                0x0800d940                EXTI9_5_IRQHandler
                0x0800d940                RTC_WKUP_IRQHandler
                0x0800d940                PVD_PVM_IRQHandler
                0x0800d940                SPI2_IRQHandler
                0x0800d940                ADC5_IRQHandler
                0x0800d940                DMA2_Channel5_IRQHandler
                0x0800d940                CRS_IRQHandler
                0x0800d940                DMA1_Channel5_IRQHandler
                0x0800d940                USB_LP_IRQHandler
                0x0800d940                RNG_IRQHandler
                0x0800d940                HRTIM1_TIMB_IRQHandler
                0x0800d940                TIM1_TRG_COM_TIM17_IRQHandler
                0x0800d940                FDCAN2_IT1_IRQHandler
                0x0800d940                DMA1_Channel3_IRQHandler
                0x0800d940                ADC4_IRQHandler
                0x0800d940                WWDG_IRQHandler
                0x0800d940                I2C4_EV_IRQHandler
                0x0800d940                FDCAN2_IT0_IRQHandler
                0x0800d940                DMA2_Channel6_IRQHandler
                0x0800d940                FDCAN1_IT0_IRQHandler
                0x0800d940                COMP7_IRQHandler
                0x0800d940                COMP1_2_3_IRQHandler
                0x0800d940                EXTI1_IRQHandler
                0x0800d940                USART2_IRQHandler
                0x0800d940                COMP4_5_6_IRQHandler
                0x0800d940                TIM20_BRK_IRQHandler
                0x0800d940                I2C2_ER_IRQHandler
                0x0800d940                DMA1_Channel2_IRQHandler
                0x0800d940                TIM8_BRK_IRQHandler
                0x0800d940                FLASH_IRQHandler
                0x0800d940                TIM20_CC_IRQHandler
                0x0800d940                USART1_IRQHandler
                0x0800d940                SPI3_IRQHandler
                0x0800d940                I2C1_ER_IRQHandler
                0x0800d940                FMC_IRQHandler
                0x0800d940                LPTIM1_IRQHandler
                0x0800d940                DMAMUX_OVR_IRQHandler
                0x0800d940                I2C4_ER_IRQHandler
                0x0800d940                USBWakeUp_IRQHandler
                0x0800d940                SAI1_IRQHandler
                0x0800d940                DMA2_Channel3_IRQHandler
                0x0800d940                TIM1_BRK_TIM15_IRQHandler
 *fill*         0x0800d942        0x2 
 .text.fmod     0x0800d944       0x6c C:/ProgramData/MATLAB/SupportPackages/R2024b/3P.instrset/gnuarm-armcortex.instrset/win/bin/../lib/gcc/arm-none-eabi/13.2.1/thumb/v7e-m+fp/hard\libm.a(libm_a-w_fmod.o)
                0x0800d944                fmod
 .text.ceil     0x0800d9b0      0x100 C:/ProgramData/MATLAB/SupportPackages/R2024b/3P.instrset/gnuarm-armcortex.instrset/win/bin/../lib/gcc/arm-none-eabi/13.2.1/thumb/v7e-m+fp/hard\libm.a(libm_a-s_ceil.o)
                0x0800d9b0                ceil
 .text.floor    0x0800dab0      0x108 C:/ProgramData/MATLAB/SupportPackages/R2024b/3P.instrset/gnuarm-armcortex.instrset/win/bin/../lib/gcc/arm-none-eabi/13.2.1/thumb/v7e-m+fp/hard\libm.a(libm_a-s_floor.o)
                0x0800dab0                floor
 .text.__ieee754_fmod
                0x0800dbb8      0x30c C:/ProgramData/MATLAB/SupportPackages/R2024b/3P.instrset/gnuarm-armcortex.instrset/win/bin/../lib/gcc/arm-none-eabi/13.2.1/thumb/v7e-m+fp/hard\libm.a(libm_a-e_fmod.o)
                0x0800dbb8                __ieee754_fmod
 .text.__udivmoddi4
                0x0800dec4      0x2bc C:/ProgramData/MATLAB/SupportPackages/R2024b/3P.instrset/gnuarm-armcortex.instrset/win/bin/../lib/gcc/arm-none-eabi/13.2.1/thumb/v7e-m+fp/hard\libgcc.a(_udivmoddi4.o)
                0x0800dec4                __udivmoddi4
 .text.memset   0x0800e180       0x10 C:/ProgramData/MATLAB/SupportPackages/R2024b/3P.instrset/gnuarm-armcortex.instrset/win/bin/../lib/gcc/arm-none-eabi/13.2.1/thumb/v7e-m+fp/hard\libg_nano.a(libc_a-memset.o)
                0x0800e180                memset
 .text.__errno  0x0800e190        0xc C:/ProgramData/MATLAB/SupportPackages/R2024b/3P.instrset/gnuarm-armcortex.instrset/win/bin/../lib/gcc/arm-none-eabi/13.2.1/thumb/v7e-m+fp/hard\libg_nano.a(libc_a-errno.o)
                0x0800e190                __errno
 .text.__libc_init_array
                0x0800e19c       0x48 C:/ProgramData/MATLAB/SupportPackages/R2024b/3P.instrset/gnuarm-armcortex.instrset/win/bin/../lib/gcc/arm-none-eabi/13.2.1/thumb/v7e-m+fp/hard\libg_nano.a(libc_a-init.o)
                0x0800e19c                __libc_init_array
 .text.memcpy   0x0800e1e4       0x1c C:/ProgramData/MATLAB/SupportPackages/R2024b/3P.instrset/gnuarm-armcortex.instrset/win/bin/../lib/gcc/arm-none-eabi/13.2.1/thumb/v7e-m+fp/hard\libg_nano.a(libc_a-memcpy-stub.o)
                0x0800e1e4                memcpy
 *(.glue_7)
 .glue_7        0x0800e200        0x0 linker stubs
 *(.glue_7t)
 .glue_7t       0x0800e200        0x0 linker stubs
 *(.eh_frame)
 .eh_frame      0x0800e200        0x0 C:/ProgramData/MATLAB/SupportPackages/R2024b/3P.instrset/gnuarm-armcortex.instrset/win/bin/../lib/gcc/arm-none-eabi/13.2.1/thumb/v7e-m+fp/hard/crtbegin.o
 *(.init)
 .init          0x0800e200        0x4 C:/ProgramData/MATLAB/SupportPackages/R2024b/3P.instrset/gnuarm-armcortex.instrset/win/bin/../lib/gcc/arm-none-eabi/13.2.1/thumb/v7e-m+fp/hard/crti.o
                0x0800e200                _init
 .init          0x0800e204        0x8 C:/ProgramData/MATLAB/SupportPackages/R2024b/3P.instrset/gnuarm-armcortex.instrset/win/bin/../lib/gcc/arm-none-eabi/13.2.1/thumb/v7e-m+fp/hard/crtn.o
 *(.fini)
 .fini          0x0800e20c        0x4 C:/ProgramData/MATLAB/SupportPackages/R2024b/3P.instrset/gnuarm-armcortex.instrset/win/bin/../lib/gcc/arm-none-eabi/13.2.1/thumb/v7e-m+fp/hard/crti.o
                0x0800e20c                _fini
 .fini          0x0800e210        0x8 C:/ProgramData/MATLAB/SupportPackages/R2024b/3P.instrset/gnuarm-armcortex.instrset/win/bin/../lib/gcc/arm-none-eabi/13.2.1/thumb/v7e-m+fp/hard/crtn.o
                0x0800e218                        . = ALIGN (0x4)
                0x0800e218                        _etext = .

.vfp11_veneer   0x0800e218        0x0
 .vfp11_veneer  0x0800e218        0x0 linker stubs

.v4_bx          0x0800e218        0x0
 .v4_bx         0x0800e218        0x0 linker stubs

.iplt           0x0800e218        0x0
 .iplt          0x0800e218        0x0 C:/ProgramData/MATLAB/SupportPackages/R2024b/3P.instrset/gnuarm-armcortex.instrset/win/bin/../lib/gcc/arm-none-eabi/13.2.1/thumb/v7e-m+fp/hard/crtbegin.o

.rodata         0x0800e218     0x2a28
                0x0800e218                        . = ALIGN (0x4)
 *(.rodata)
 .rodata        0x0800e218      0x2b9 xcp_ext_mode.o
 *fill*         0x0800e4d1        0x3 
 .rodata        0x0800e4d4      0x12e xcp_ext_common.o
 *fill*         0x0800e602        0x2 
 .rodata        0x0800e604       0x4c xcp_ext_classic_trigger.o
 .rodata        0x0800e650      0x278 xcp.o
 .rodata        0x0800e8c8      0x3a9 xcp_standard.o
 *fill*         0x0800ec71        0x3 
 .rodata        0x0800ec74     0x1010 xcp_daq.o
 .rodata        0x0800fc84       0xdd xcp_calibration.o
 *fill*         0x0800fd61        0x3 
 .rodata        0x0800fd64      0x56e xcp_transport.o
 *fill*         0x080102d2        0x2 
 .rodata        0x080102d4       0xf5 xcp_mem_default.o
 *fill*         0x080103c9        0x3 
 .rodata        0x080103cc      0x228 xcp_drv_rtiostream.o
 .rodata        0x080105f4      0x4aa xcp_frame_serial.o
 *(.rodata*)
 *fill*         0x08010a9e        0x2 
 .rodata.QEI_M  0x08010aa0        0x4 QEI.o
                0x08010aa0                QEI_M
 .rodata.b.3    0x08010aa4       0x10 QEI.o
 .rodata.rtAlwaysEnabled.0
                0x08010ab4        0x1 QEI.o
 *fill*         0x08010ab5        0x3 
 .rodata.standardSupportedRxPacket
                0x08010ab8       0x54 xcp_standard.o
 .rodata.daqSupportedRxPacket
                0x08010b0c       0x9c xcp_daq.o
 .rodata.calibrationSupportedRxPacket
                0x08010ba8       0x18 xcp_calibration.o
 .rodata.CHANNEL_OFFSET_TAB
                0x08010bc0        0x8 stm_usart.o
 .rodata.CHANNEL_OFFSET_TAB
                0x08010bc8        0x8 stm_lpuart.o
 .rodata.CHANNEL_OFFSET_TAB
                0x08010bd0        0x8 main.o
 .rodata.OFFSET_TAB_CCMRx
                0x08010bd8        0xa main.o
 *fill*         0x08010be2        0x2 
 .rodata.SHIFT_TAB_ICxx
                0x08010be4        0xa main.o
 *fill*         0x08010bee        0x2 
 .rodata.SHIFT_TAB_CCxP
                0x08010bf0        0xa main.o
 *fill*         0x08010bfa        0x2 
 .rodata.LPUART_PRESCALER_TAB
                0x08010bfc       0x18 stm32g4xx_ll_lpuart.o
 .rodata.AHBPrescTable
                0x08010c14       0x10 system_stm32g4xx.o
                0x08010c14                AHBPrescTable
 .rodata.APBPrescTable
                0x08010c24        0x8 system_stm32g4xx.o
                0x08010c24                APBPrescTable
 *fill*         0x08010c2c        0x4 
 .rodata.Zero   0x08010c30       0x10 C:/ProgramData/MATLAB/SupportPackages/R2024b/3P.instrset/gnuarm-armcortex.instrset/win/bin/../lib/gcc/arm-none-eabi/13.2.1/thumb/v7e-m+fp/hard\libm.a(libm_a-e_fmod.o)
                0x08010c40                        . = ALIGN (0x4)

.ARM.extab      0x08010c40        0x0
                0x08010c40                        . = ALIGN (0x4)
 *(.ARM.extab* .gnu.linkonce.armextab.*)
                0x08010c40                        . = ALIGN (0x4)

.ARM            0x08010c40        0x8
                0x08010c40                        . = ALIGN (0x4)
                0x08010c40                        __exidx_start = .
 *(.ARM.exidx*)
 .ARM.exidx.text.__udivmoddi4
                0x08010c40        0x8 C:/ProgramData/MATLAB/SupportPackages/R2024b/3P.instrset/gnuarm-armcortex.instrset/win/bin/../lib/gcc/arm-none-eabi/13.2.1/thumb/v7e-m+fp/hard\libgcc.a(_udivmoddi4.o)
                0x08010c48                        __exidx_end = .
                0x08010c48                        . = ALIGN (0x4)

.preinit_array  0x08010c48        0x0
                0x08010c48                        . = ALIGN (0x4)
                0x08010c48                        PROVIDE (__preinit_array_start = .)
 *(.preinit_array*)
                0x08010c48                        PROVIDE (__preinit_array_end = .)
                0x08010c48                        . = ALIGN (0x4)

.init_array     0x08010c48        0x4
                0x08010c48                        . = ALIGN (0x4)
                0x08010c48                        PROVIDE (__init_array_start = .)
 *(SORT_BY_NAME(.init_array.*))
 *(.init_array*)
 .init_array    0x08010c48        0x4 C:/ProgramData/MATLAB/SupportPackages/R2024b/3P.instrset/gnuarm-armcortex.instrset/win/bin/../lib/gcc/arm-none-eabi/13.2.1/thumb/v7e-m+fp/hard/crtbegin.o
                0x08010c4c                        PROVIDE (__init_array_end = .)
                0x08010c4c                        . = ALIGN (0x4)

.fini_array     0x08010c4c        0x4
                0x08010c4c                        . = ALIGN (0x4)
                [!provide]                        PROVIDE (__fini_array_start = .)
 *(SORT_BY_NAME(.fini_array.*))
 *(.fini_array*)
 .fini_array    0x08010c4c        0x4 C:/ProgramData/MATLAB/SupportPackages/R2024b/3P.instrset/gnuarm-armcortex.instrset/win/bin/../lib/gcc/arm-none-eabi/13.2.1/thumb/v7e-m+fp/hard/crtbegin.o
                [!provide]                        PROVIDE (__fini_array_end = .)
                0x08010c50                        . = ALIGN (0x4)
                0x08010c50                        _sidata = LOADADDR (.data)

.rel.dyn        0x08010c50        0x0
 .rel.iplt      0x08010c50        0x0 C:/ProgramData/MATLAB/SupportPackages/R2024b/3P.instrset/gnuarm-armcortex.instrset/win/bin/../lib/gcc/arm-none-eabi/13.2.1/thumb/v7e-m+fp/hard/crtbegin.o

.data           0x20000000       0xe4 load address 0x08010c50
                0x20000000                        . = ALIGN (0x4)
                0x20000000                        _sdata = .
 *(.data)
 *(.data*)
 .data.xcpExtmodeFinalSimulationTime
                0x20000000        0x8 xcp_ext_common.o
                0x20000000                xcpExtmodeFinalSimulationTime
 .data.xcpClassicTriggerDuration
                0x20000008        0x4 xcp_ext_classic_trigger.o
                0x20000008                xcpClassicTriggerDuration
 .data.xcpClassicTriggerArmRequest
                0x2000000c        0x1 xcp_ext_classic_trigger.o
                0x2000000c                xcpClassicTriggerArmRequest
 *fill*         0x2000000d        0x3 
 .data.startStopDaqListId
                0x20000010        0x4 xcp_daq.o
 .data.xcpCurrentDaq
                0x20000014        0x4 xcp_daq.o
 .data.xcpEventCustomMemoryManager
                0x20000018        0xc xcp_daq.o
 .data.xcpCtoReservedMemPoolId
                0x20000024        0x4 xcp_transport.o
 .data.xcpMemMainBlockSizes
                0x20000028        0xc xcp_mem_default.o
 .data.xcpMemMainBlocksNumber
                0x20000034        0xc xcp_mem_default.o
 .data.drvID    0x20000040        0x4 xcp_drv_rtiostream.o
 .data.xcpCtoReservedMemPoolId
                0x20000044        0x4 xcp_frame_serial.o
 .data.uartObj  0x20000048       0x40 rtiostream_serial.o
                0x20000048                uartObj
 .data.uwTickPrio
                0x20000088        0x4 stm32g4xx_hal.o
                0x20000088                uwTickPrio
 .data.uwTickFreq
                0x2000008c        0x4 stm32g4xx_hal.o
                0x2000008c                uwTickFreq
 .data.SystemCoreClock
                0x20000090        0x4 system_stm32g4xx.o
                0x20000090                SystemCoreClock
 .data._impure_ptr
                0x20000094        0x4 C:/ProgramData/MATLAB/SupportPackages/R2024b/3P.instrset/gnuarm-armcortex.instrset/win/bin/../lib/gcc/arm-none-eabi/13.2.1/thumb/v7e-m+fp/hard\libg_nano.a(libc_a-impure.o)
                0x20000094                _impure_ptr
 .data._impure_data
                0x20000098       0x4c C:/ProgramData/MATLAB/SupportPackages/R2024b/3P.instrset/gnuarm-armcortex.instrset/win/bin/../lib/gcc/arm-none-eabi/13.2.1/thumb/v7e-m+fp/hard\libg_nano.a(libc_a-impure.o)
                0x20000098                _impure_data
 *(.RamFunc)
 *(.RamFunc*)
                0x200000e4                        . = ALIGN (0x4)
                0x200000e4                        _edata = .

.tm_clone_table
                0x200000e4        0x0 load address 0x08010d34
 .tm_clone_table
                0x200000e4        0x0 C:/ProgramData/MATLAB/SupportPackages/R2024b/3P.instrset/gnuarm-armcortex.instrset/win/bin/../lib/gcc/arm-none-eabi/13.2.1/thumb/v7e-m+fp/hard/crtbegin.o
 .tm_clone_table
                0x200000e4        0x0 C:/ProgramData/MATLAB/SupportPackages/R2024b/3P.instrset/gnuarm-armcortex.instrset/win/bin/../lib/gcc/arm-none-eabi/13.2.1/thumb/v7e-m+fp/hard/crtend.o

.igot.plt       0x200000e4        0x0 load address 0x08010d34
 .igot.plt      0x200000e4        0x0 C:/ProgramData/MATLAB/SupportPackages/R2024b/3P.instrset/gnuarm-armcortex.instrset/win/bin/../lib/gcc/arm-none-eabi/13.2.1/thumb/v7e-m+fp/hard/crtbegin.o
                0x200000e4                        . = ALIGN (0x4)

.bss            0x200000e8     0x1f88 load address 0x08010d34
                0x200000e8                        _sbss = .
                0x200000e8                        __bss_start__ = _sbss
 *(.bss)
 *(.bss*)
 .bss.completed.1
                0x200000e8        0x1 C:/ProgramData/MATLAB/SupportPackages/R2024b/3P.instrset/gnuarm-armcortex.instrset/win/bin/../lib/gcc/arm-none-eabi/13.2.1/thumb/v7e-m+fp/hard/crtbegin.o
 *fill*         0x200000e9        0x3 
 .bss.object.0  0x200000ec       0x18 C:/ProgramData/MATLAB/SupportPackages/R2024b/3P.instrset/gnuarm-armcortex.instrset/win/bin/../lib/gcc/arm-none-eabi/13.2.1/thumb/v7e-m+fp/hard/crtbegin.o
 .bss.mw_tim3   0x20000104       0x8c stm_timer_ll.o
                0x20000104                mw_tim3
 .bss.mw_tim4   0x20000190       0x8c stm_timer_ll.o
                0x20000190                mw_tim4
 .bss.mw_tim8   0x2000021c       0x8c stm_timer_ll.o
                0x2000021c                mw_tim8
 .bss.firstIndexReceived.0
                0x200002a8        0x1 stm_timer_ll.o
 *fill*         0x200002a9        0x3 
 .bss.xcpCustomTriggerFunction
                0x200002ac        0x8 xcp_ext_mode.o
 *fill*         0x200002b4        0x4 
 .bss.QEI_B     0x200002b8       0x68 QEI.o
                0x200002b8                QEI_B
 .bss.QEI_DW    0x20000320       0x88 QEI.o
                0x20000320                QEI_DW
 .bss.QEI_M_    0x200003a8       0x48 QEI.o
 .bss.rt_ExtModeInfo.2
                0x200003f0       0x14 QEI.o
 .bss.systemRan.1
                0x20000404       0x30 QEI.o
 .bss.IsrOverrun
                0x20000434        0x4 ert_main.o
                0x20000434                IsrOverrun
 .bss.OverrunFlag
                0x20000438        0x1 ert_main.o
 .bss.stopRequested
                0x20000439        0x1 ert_main.o
                0x20000439                stopRequested
 .bss.runModel  0x2000043a        0x1 ert_main.o
                0x2000043a                runModel
 .bss.xcpModelStartRequest
                0x2000043b        0x1 xcp_ext_common.o
                0x2000043b                xcpModelStartRequest
 .bss.xcpModelStopRequest
                0x2000043c        0x1 xcp_ext_common.o
                0x2000043c                xcpModelStopRequest
 .bss.xcpModelStatus
                0x2000043d        0x1 xcp_ext_common.o
                0x2000043d                xcpModelStatus
 *fill*         0x2000043e        0x2 
 .bss.xcpModelChecksum0
                0x20000440        0x4 xcp_ext_common.o
                0x20000440                xcpModelChecksum0
 .bss.xcpModelChecksum1
                0x20000444        0x4 xcp_ext_common.o
                0x20000444                xcpModelChecksum1
 .bss.xcpModelChecksum2
                0x20000448        0x4 xcp_ext_common.o
                0x20000448                xcpModelChecksum2
 .bss.xcpModelChecksum3
                0x2000044c        0x4 xcp_ext_common.o
                0x2000044c                xcpModelChecksum3
 .bss.xcpModelIntegerCode
                0x20000450        0x4 xcp_ext_common.o
                0x20000450                xcpModelIntegerCode
 .bss.xcpExtmodeSimulationComplete
                0x20000454        0x1 xcp_ext_common.o
                0x20000454                xcpExtmodeSimulationComplete
 *fill*         0x20000455        0x3 
 .bss.xcpDummyDoubleVariable
                0x20000458        0x8 xcp_ext_common.o
                0x20000458                xcpDummyDoubleVariable
 .bss.xcpDummyUint64Variable
                0x20000460        0x8 xcp_ext_common.o
                0x20000460                xcpDummyUint64Variable
 .bss.xcpCurrentSimulationTimeInMs
                0x20000468        0x8 xcp_ext_common.o
                0x20000468                xcpCurrentSimulationTimeInMs
 .bss.xcpBaseRateSimulationTime
                0x20000470        0x8 xcp_ext_common.o
 .bss.xcpClassicTriggerEventId
                0x20000478        0x2 xcp_ext_classic_trigger.o
                0x20000478                xcpClassicTriggerEventId
 *fill*         0x2000047a        0x2 
 .bss.xcpClassicTriggerSignalAddress
                0x2000047c        0x4 xcp_ext_classic_trigger.o
                0x2000047c                xcpClassicTriggerSignalAddress
 .bss.xcpClassicTriggerSignalAddressExtension
                0x20000480        0x1 xcp_ext_classic_trigger.o
                0x20000480                xcpClassicTriggerSignalAddressExtension
 *fill*         0x20000481        0x7 
 .bss.xcpClassicTriggerLevel
                0x20000488        0x8 xcp_ext_classic_trigger.o
                0x20000488                xcpClassicTriggerLevel
 .bss.xcpClassicTriggerHoldOff
                0x20000490        0x4 xcp_ext_classic_trigger.o
                0x20000490                xcpClassicTriggerHoldOff
 .bss.xcpClassicTriggerDelay
                0x20000494        0x4 xcp_ext_classic_trigger.o
                0x20000494                xcpClassicTriggerDelay
 .bss.xcpClassicTriggerDirection
                0x20000498        0x1 xcp_ext_classic_trigger.o
                0x20000498                xcpClassicTriggerDirection
 .bss.xcpClassicTriggerCancelRequest
                0x20000499        0x1 xcp_ext_classic_trigger.o
                0x20000499                xcpClassicTriggerCancelRequest
 .bss.xcpClassicTriggerSource
                0x2000049a        0x1 xcp_ext_classic_trigger.o
                0x2000049a                xcpClassicTriggerSource
 .bss.xcpClassicTriggerMode
                0x2000049b        0x1 xcp_ext_classic_trigger.o
                0x2000049b                xcpClassicTriggerMode
 .bss.xcpClassicTriggerStatus
                0x2000049c        0x1 xcp_ext_classic_trigger.o
                0x2000049c                xcpClassicTriggerStatus
 *fill*         0x2000049d        0x3 
 .bss.xcpOldSignalValue
                0x200004a0        0x8 xcp_ext_classic_trigger.o
 .bss.xcpOldSignalValueAvailable
                0x200004a8        0x1 xcp_ext_classic_trigger.o
 .bss.xcpOldClassicTriggerSource
                0x200004a9        0x1 xcp_ext_classic_trigger.o
 .bss.xcpTriggerEnabled
                0x200004aa        0x1 xcp_ext_classic_trigger.o
 .bss.xcpSignalTriggerFired
                0x200004ab        0x1 xcp_ext_classic_trigger.o
 .bss.xcpTriggerCount
                0x200004ac        0x4 xcp_ext_classic_trigger.o
 .bss.xcpForcedTriggerEnabled
                0x200004b0        0x1 xcp_ext_classic_trigger.o
 .bss.xcpForceTriggerEnableRequest
                0x200004b1        0x1 xcp_ext_classic_trigger.o
 .bss.initialized
                0x200004b2        0x1 xcp.o
 .bss.xcpStatus
                0x200004b3        0x1 xcp.o
 .bss.xcpSessionStatus
                0x200004b4        0x1 xcp.o
 .bss.xcpResourceProtectionStatus
                0x200004b5        0x1 xcp.o
 .bss.xcpSessionConfigurationId
                0x200004b6        0x2 xcp.o
 .bss.groupPacketLookup
                0x200004b8       0x10 xcp.o
 .bss.xcpMta    0x200004c8        0x8 xcp_standard.o
 .bss.xcpUploadSize
                0x200004d0        0x1 xcp_standard.o
 *fill*         0x200004d1        0x3 
 .bss.packetLookup
                0x200004d4        0x4 xcp_standard.o
 .bss.xcpDynamicDaqLists
                0x200004d8        0x8 xcp_daq.o
 .bss.xcpRunningEventCounter
                0x200004e0        0x4 xcp_daq.o
 .bss.daqLock   0x200004e4        0x4 xcp_daq.o
 .bss.packetLookup
                0x200004e8        0x4 xcp_daq.o
 .bss.packetLookup
                0x200004ec        0x4 xcp_calibration.o
 .bss.txFifo    0x200004f0       0x10 xcp_transport.o
 .bss.txLock    0x20000500        0x4 xcp_transport.o
 .bss.rxFifo    0x20000504        0x8 xcp_transport.o
 .bss.rxLock    0x2000050c        0x4 xcp_transport.o
 .bss.initialized
                0x20000510        0x1 xcp_transport.o
 *fill*         0x20000511        0x3 
 .bss.xcpMemPoolDescriptors
                0x20000514       0xc0 xcp_mem_default.o
 .bss.xcpMemCustomPoolDescriptors
                0x200005d4        0x8 xcp_mem_default.o
 .bss.xcpMemMainChunk
                0x200005dc      0x5a7 xcp_mem_default.o
 *fill*         0x20000b83        0x1 
 .bss.xcpMemReservedPoolsChunk
                0x20000b84      0xeef xcp_mem_default.o
 *fill*         0x20001a73        0x1 
 .bss.xcpMemReservedPoolsChunkUsedBytes
                0x20001a74        0x4 xcp_mem_default.o
 .bss.xcpMemLock
                0x20001a78        0x4 xcp_mem_default.o
 .bss.forceBlocking
                0x20001a7c        0x1 xcp_drv_rtiostream.o
 *fill*         0x20001a7d        0x1 
 .bss.txCounter
                0x20001a7e        0x2 xcp_frame_serial.o
 .bss.rxCounter
                0x20001a80        0x2 xcp_frame_serial.o
 *fill*         0x20001a82        0x2 
 .bss.firstRxCounterReceived
                0x20001a84        0x4 xcp_frame_serial.o
 .bss.initialized
                0x20001a88        0x1 xcp_frame_serial.o
 *fill*         0x20001a89        0x3 
 .bss.timestampInitialized
                0x20001a8c        0x4 platform_timer.o
 .bss.timestampStartTime
                0x20001a90        0x4 platform_timer.o
 .bss.schdl_counter
                0x20001a94        0x4 SysTickScheduler.o
                0x20001a94                schdl_counter
 .bss.schdl_counter_max
                0x20001a98        0x4 SysTickScheduler.o
                0x20001a98                schdl_counter_max
 .bss.taskToSchedule
                0x20001a9c        0x4 m3m4m4f_multitasking.o
                0x20001a9c                taskToSchedule
 .bss.mw_ext_h  0x20001aa0        0x4 rtiostream_serial.o
                0x20001aa0                mw_ext_h
 .bss.UARTRxBuffer
                0x20001aa4        0x4 rtiostream_serial.o
                0x20001aa4                UARTRxBuffer
 .bss.mw_lpuart1
                0x20001aa8       0x40 stm_lpuart.o
                0x20001aa8                mw_lpuart1
 .bss.LPUART1ReceiveBuffer
                0x20001ae8      0x400 stm_lpuart.o
                0x20001ae8                LPUART1ReceiveBuffer
 .bss.htim2     0x20001ee8       0x4c stm32g4xx_hal_timebase_tim.o
                0x20001ee8                htim2
 .bss.uwTick    0x20001f34        0x4 stm32g4xx_hal.o
                0x20001f34                uwTick
 .bss.__sf      0x20001f38      0x138 C:/ProgramData/MATLAB/SupportPackages/R2024b/3P.instrset/gnuarm-armcortex.instrset/win/bin/../lib/gcc/arm-none-eabi/13.2.1/thumb/v7e-m+fp/hard\libg_nano.a(libc_a-findfp.o)
                0x20001f38                __sf
 *(COMMON)
                0x20002070                        . = ALIGN (0x4)
                0x20002070                        _ebss = .
                0x20002070                        __bss_end__ = _ebss

._user_heap_stack
                0x20002070      0x600 load address 0x08010d34
                0x20002070                        . = ALIGN (0x8)
                [!provide]                        PROVIDE (end = .)
                0x20002070                        PROVIDE (_end = .)
                0x20002270                        . = (. + _Min_Heap_Size)
 *fill*         0x20002070      0x200 
                0x20002670                        . = (. + _Min_Stack_Size)
 *fill*         0x20002270      0x400 
                0x20002670                        . = ALIGN (0x8)

/DISCARD/
 libc.a(*)
 libm.a(*)
 libgcc.a(*)

.ARM.attributes
                0x00000000       0x30
 *(.ARM.attributes)
 .ARM.attributes
                0x00000000       0x22 C:/ProgramData/MATLAB/SupportPackages/R2024b/3P.instrset/gnuarm-armcortex.instrset/win/bin/../lib/gcc/arm-none-eabi/13.2.1/thumb/v7e-m+fp/hard/crti.o
 .ARM.attributes
                0x00000022       0x34 C:/ProgramData/MATLAB/SupportPackages/R2024b/3P.instrset/gnuarm-armcortex.instrset/win/bin/../lib/gcc/arm-none-eabi/13.2.1/thumb/v7e-m+fp/hard/crtbegin.o
 .ARM.attributes
                0x00000056       0x34 stm_timer_ll.o
 .ARM.attributes
                0x0000008a       0x34 xcp_ext_mode.o
 .ARM.attributes
                0x000000be       0x34 QEI.o
 .ARM.attributes
                0x000000f2       0x34 ert_main.o
 .ARM.attributes
                0x00000126       0x34 xcp_ext_common.o
 .ARM.attributes
                0x0000015a       0x34 xcp_ext_classic_trigger.o
 .ARM.attributes
                0x0000018e       0x34 xcp.o
 .ARM.attributes