23:45:18 **** Incremental Build of configuration Debug for project RMX_Motor ****
make -j16 all 
arm-none-eabi-gcc "../Core/Src/main.c" -mcpu=cortex-m4 -std=gnu11 -g3 -DDEBUG -DUSE_HAL_DRIVER -DSTM32G474xx -c -I../Core/Inc -I../Drivers/STM32G4xx_HAL_Driver/Inc -I../Drivers/STM32G4xx_HAL_Driver/Inc/Legacy -I../Drivers/CMSIS/Device/ST/STM32G4xx/Include -I../Drivers/CMSIS/Include -O0 -ffunction-sections -fdata-sections -Wall -fstack-usage -fcyclomatic-complexity -MMD -MP -MF"Core/Src/main.d" -MT"Core/Src/main.o" --specs=nano.specs -mfpu=fpv4-sp-d16 -mfloat-abi=hard -mthumb -o "Core/Src/main.o"
../Core/Src/main.c: In function 'HAL_UART_RxCpltCallback':
../Core/Src/main.c:826:25: warning: 'memcpy' reading 4 bytes from a region of size 2 [-Wstringop-overread]
  826 |                         memcpy(&freq_matlab, &RxBuffer[22], sizeof(int32_t)); //4
      |                         ^~~~~~~~~~~~~~~~~~~~~~~~~~~~~~~~~~~~~~~~~~~~~~~~~~~~
In file included from ../Core/Src/main.c:24:
../Core/Inc/RMX_Motor.h:38:16: note: at offset 22 into source object 'RxBuffer' of size 24
   38 | extern uint8_t RxBuffer[24];
      |                ^~~~~~~~
arm-none-eabi-gcc -o "RMX_Motor.elf" @"objects.list"   -mcpu=cortex-m4 -T"C:\Users\beamk\OneDrive\All Drive\KMUTT\Teacher Assistance\TA RMX\FRA231-Robotics-Modelling-and-Experimentation-2024\Lab2.2\RMX_Motor\STM32G474RETX_FLASH.ld" --specs=nosys.specs -Wl,-Map="RMX_Motor.map" -Wl,--gc-sections -static --specs=nano.specs -mfpu=fpv4-sp-d16 -mfloat-abi=hard -mthumb -Wl,--start-group -lc -lm -Wl,--end-group
Finished building target: RMX_Motor.elf
 
arm-none-eabi-size  RMX_Motor.elf 
arm-none-eabi-objdump -h -S RMX_Motor.elf  > "RMX_Motor.list"
arm-none-eabi-objcopy  -O ihex RMX_Motor.elf  "RMX_Motor.hex"
   text	   data	    bss	    dec	    hex	filename
  44620	     56	   3520	  48196	   bc44	RMX_Motor.elf
arm-none-eabi-objcopy  -O binary RMX_Motor.elf  "RMX_Motor.bin"
Finished building: default.size.stdout
 
Finished building: RMX_Motor.hex
Finished building: RMX_Motor.bin
 
 
Finished building: RMX_Motor.list
 

23:45:19 Build Finished. 0 errors, 1 warnings. (took 1s.176ms)

