22:17:40 **** Incremental Build of configuration Debug for project RMX_Motor ****
make -j16 all 
arm-none-eabi-gcc "../Core/Src/RMX_Motor.c" -mcpu=cortex-m4 -std=gnu11 -g3 -DDEBUG -DUSE_HAL_DRIVER -DSTM32G474xx -c -I../Core/Inc -I../Drivers/STM32G4xx_HAL_Driver/Inc -I../Drivers/STM32G4xx_HAL_Driver/Inc/Legacy -I../Drivers/CMSIS/Device/ST/STM32G4xx/Include -I../Drivers/CMSIS/Include -O0 -ffunction-sections -fdata-sections -Wall -fstack-usage -fcyclomatic-complexity -MMD -MP -MF"Core/Src/RMX_Motor.d" -MT"Core/Src/RMX_Motor.o" --specs=nano.specs -mfpu=fpv4-sp-d16 -mfloat-abi=hard -mthumb -o "Core/Src/RMX_Motor.o"
../Core/Src/RMX_Motor.c: In function 'RMX_Motor_begin':
../Core/Src/RMX_Motor.c:31:32: warning: passing argument 2 of 'HAL_ADC_Start_DMA' from incompatible pointer type [-Wincompatible-pointer-types]
   31 |         HAL_ADC_Start_DMA(ADC, adc_raw, ADC_BUFFER);
      |                                ^~~~~~~
      |                                |
      |                                uint16_t * {aka short unsigned int *}
In file included from ../Core/Inc/stm32g4xx_hal_conf.h:228,
                 from ../Drivers/STM32G4xx_HAL_Driver/Inc/stm32g4xx_hal.h:29,
                 from ../Core/Inc/main.h:30,
                 from ../Core/Inc/RMX_Motor.h:11,
                 from ../Core/Src/RMX_Motor.c:8:
../Drivers/STM32G4xx_HAL_Driver/Inc/stm32g4xx_hal_adc.h:2242:78: note: expected 'uint32_t *' {aka 'long unsigned int *'} but argument is of type 'uint16_t *' {aka 'short unsigned int *'}
 2242 | HAL_StatusTypeDef       HAL_ADC_Start_DMA(ADC_HandleTypeDef *hadc, uint32_t *pData, uint32_t Length);
      |                                                                    ~~~~~~~~~~^~~~~
arm-none-eabi-gcc -o "RMX_Motor.elf" @"objects.list"   -mcpu=cortex-m4 -T"C:\Users\beamk\OneDrive\All Drive\KMUTT\Teacher Assistance\TA RMX\FRA231-Robotics-Modelling-and-Experimentation-2024\Lab2.2\RMX_Motor\STM32G474RETX_FLASH.ld" --specs=nosys.specs -Wl,-Map="RMX_Motor.map" -Wl,--gc-sections -static --specs=nano.specs -mfpu=fpv4-sp-d16 -mfloat-abi=hard -mthumb -Wl,--start-group -lc -lm -Wl,--end-group
Finished building target: RMX_Motor.elf
 
arm-none-eabi-size  RMX_Motor.elf 
arm-none-eabi-objdump -h -S RMX_Motor.elf  > "RMX_Motor.list"
arm-none-eabi-objcopy  -O binary RMX_Motor.elf  "RMX_Motor.bin"
   text	   data	    bss	    dec	    hex	filename
  38524	     60	   3060	  41644	   a2ac	RMX_Motor.elf
Finished building: default.size.stdout
 
Finished building: RMX_Motor.bin
 
Finished building: RMX_Motor.list
 

22:17:41 Build Finished. 0 errors, 1 warnings. (took 1s.376ms)

